<html>
<body>
<pre>
<h1>µVision Build Log</h1>
<h2>Tool Versions:</h2>
IDE-Version: µVision V5.40.0.0
Copyright (C) 2024 ARM Ltd and ARM Germany GmbH. All rights reserved.
License Information: Labinf Dauin, Politecnico di Torino, LIC=----
 
Tool Versions:
Toolchain:       MDK-Lite  Version: 5.40.0.3
Toolchain Path:  c:\Keil_v5\ARM\ARMCLANG\Bin
C Compiler:      ArmClang.exe V6.22
Assembler:       Armasm.exe V6.22
Linker/Locator:  ArmLink.exe V6.22
Library Manager: ArmAr.exe V6.22
Hex Converter:   FromElf.exe V6.22
CPU DLL:         SARMCM3.DLL V5.40.0.3
Dialog DLL:      DARMP1.DLL V1.28.1.0
Target DLL:      UL2CM3.DLL V1.164.11.0
Dialog DLL:      TARMP1.DLL V1.27.1.0
 
<h2>Project:</h2>
C:\Users\s352382\Desktop\Test\MyTetris\sample.uvprojx
Project File Date:  01/12/2026

<h2>Output:</h2>
*** Using Compiler 'V6.22', folder: 'c:\Keil_v5\ARM\ARMCLANG\Bin'
Build target 'LandTiger_LPC1768 (release)'
creating preprocessor file for system_LPC17xx.c...
creating preprocessor file for GLCD.c...
creating preprocessor file for AsciiLib.c...
creating preprocessor file for sample.c...
creating preprocessor file for HzLib.c...
creating preprocessor file for IRQ_button.c...
creating preprocessor file for game.c...
creating preprocessor file for lib_button.c...
creating preprocessor file for IRQ_adc.c...
creating preprocessor file for lib_adc.c...
creating preprocessor file for music.c...
creating preprocessor file for lib_timer.c...
creating preprocessor file for IRQ_timer.c...
creating preprocessor file for lib_RIT.c...
creating preprocessor file for IRQ_RIT.c...
compiling game.c...
linking...
Program Size: Code=27408 RO-data=1988 RW-data=600 ZI-data=2288  
".\Objects\sample_GLCD_TP.axf" - 0 Error(s), 0 Warning(s).

<h2>Software Packages used:</h2>

Package Vendor: Keil
                http://www.keil.com/pack/Keil.LPC1700_DFP.2.7.1.pack
                Keil::LPC1700_DFP@2.7.1
                NXP LPC1700 Series Device Support, Drivers and Examples for MCB1700 and LPC1788-32

<h2>Collection of Component include folders:</h2>
  C:/Keil_v5/ARM/PACK/Keil/LPC1700_DFP/2.7.1/Device/Include

<h2>Collection of Component Files used:</h2>
Build Time Elapsed:  00:00:01
</pre>
</body>
</html>
