Component: Arm Compiler for Embedded 6.24 Tool: armlink [5f371500]

==============================================================================

Section Cross References

    startup_lpc17xx.o(STACK) refers (Special) to heapauxi.o(.text) for __use_two_region_memory
    startup_lpc17xx.o(HEAP) refers (Special) to heapauxi.o(.text) for __use_two_region_memory
    startup_lpc17xx.o(RESET) refers (Special) to heapauxi.o(.text) for __use_two_region_memory
    startup_lpc17xx.o(RESET) refers to startup_lpc17xx.o(STACK) for __initial_sp
    startup_lpc17xx.o(RESET) refers to startup_lpc17xx.o(.text) for Reset_Handler
    startup_lpc17xx.o(RESET) refers to irq_timer.o(.text) for TIMER0_IRQHandler
    startup_lpc17xx.o(RESET) refers to irq_button.o(.text) for EINT0_IRQHandler
    startup_lpc17xx.o(RESET) refers to irq_adc.o(.text) for ADC_IRQHandler
    startup_lpc17xx.o(RESET) refers to irq_rit.o(.text) for RIT_IRQHandler
    startup_lpc17xx.o(.ARM.__at_0x02FC) refers (Special) to heapauxi.o(.text) for __use_two_region_memory
    startup_lpc17xx.o(.text) refers (Special) to heapauxi.o(.text) for __use_two_region_memory
    startup_lpc17xx.o(.text) refers to __main.o(!!!main) for __main
    startup_lpc17xx.o(.text) refers to startup_lpc17xx.o(HEAP) for Heap_Mem
    startup_lpc17xx.o(.text) refers to startup_lpc17xx.o(STACK) for Stack_Mem
    sample.o(.text) refers to system_lpc17xx.o(.text) for SystemInit
    sample.o(.text) refers to lib_button.o(.text) for BUTTON_init
    sample.o(.text) refers to lib_adc.o(.text) for ADC_init
    sample.o(.text) refers to glcd.o(.text) for LCD_Initialization
    sample.o(.text) refers to game.o(.text) for initGame
    sample.o(.text) refers to lib_rit.o(.text) for init_RIT
    sample.o(.text) refers to lib_timer.o(.text) for init_timer
    sample.o(.ARM.exidx) refers to sample.o(.text) for [Anonymous Symbol]
    system_lpc17xx.o(.text) refers to system_lpc17xx.o(.data.SystemFrequency) for SystemFrequency
    system_lpc17xx.o(.text) refers to system_lpc17xx.o(.bss.ScaleFlag) for ScaleFlag
    system_lpc17xx.o(.ARM.exidx) refers to system_lpc17xx.o(.text) for [Anonymous Symbol]
    asciilib.o(.text) refers to asciilib.o(.rodata.AsciiLib) for AsciiLib
    asciilib.o(.ARM.exidx) refers to asciilib.o(.text) for [Anonymous Symbol]
    glcd.o(.text) refers to asciilib.o(.text) for GetASCIICode
    glcd.o(.ARM.exidx) refers to glcd.o(.text) for [Anonymous Symbol]
    hzlib.o(.text) refers to hzlib.o(.rodata.HzLib) for HzLib
    hzlib.o(.text) refers to rt_memcpy_v6.o(.text) for __aeabi_memcpy
    hzlib.o(.ARM.exidx) refers to hzlib.o(.text) for [Anonymous Symbol]
    game.o(.text) refers (Special) to _printf_percent.o(.ARM.Collect$$_printf_percent$$00000000) for _printf_percent
    game.o(.text) refers (Special) to _printf_d.o(.ARM.Collect$$_printf_percent$$00000009) for _printf_d
    game.o(.text) refers (Special) to _printf_dec.o(.text) for _printf_int_dec
    game.o(.text) refers to game.o(.bss.flags) for flags
    game.o(.text) refers to game.o(.bss.numTicsFromLastUpdate) for numTicsFromLastUpdate
    game.o(.text) refers to game.o(.bss.seed) for seed
    game.o(.text) refers to rand.o(.text) for srand
    game.o(.text) refers to game.o(.bss.currentTetromino) for currentTetromino
    game.o(.text) refers to game.o(.data.marginSize) for marginSize
    game.o(.text) refers to glcd.o(.text) for LCD_SetPoint
    game.o(.text) refers to faddsub_clz.o(x$fpl$fadd) for __aeabi_fadd
    game.o(.text) refers to fflt_clz.o(x$fpl$fflt) for __aeabi_i2f
    game.o(.text) refers to fdiv.o(x$fpl$fdiv) for __aeabi_fdiv
    game.o(.text) refers to fcmp.o(x$fpl$fcmp) for __aeabi_fcmple
    game.o(.text) refers to game.o(.bss.tetrisBoard) for tetrisBoard
    game.o(.text) refers to game.o(.bss.scores) for scores
    game.o(.text) refers to game.o(.bss.tetrisBoardClone) for tetrisBoardClone
    game.o(.text) refers to rt_memcpy_w.o(.text) for __aeabi_memcpy4
    game.o(.text) refers to music.o(.rodata.LINE_CLEAR_EFFECT) for LINE_CLEAR_EFFECT
    game.o(.text) refers to music.o(.text) for playEffect
    game.o(.text) refers to rand.o(.emb_text) for rand
    game.o(.text) refers to music.o(.rodata.BLOCK_DROP_EFFECT) for BLOCK_DROP_EFFECT
    game.o(.text) refers to rt_memmove_w.o(.text) for __aeabi_memmove4
    game.o(.text) refers to game.o(.rodata..Lswitch.table.resetGame) for .Lswitch.table.resetGame
    game.o(.text) refers to game.o(.rodata..Lswitch.table.resetGame.12) for .Lswitch.table.resetGame.12
    game.o(.text) refers to game.o(.rodata..Lswitch.table.resetGame.13) for .Lswitch.table.resetGame.13
    game.o(.text) refers to game.o(.rodata..Lswitch.table.resetGame.14) for .Lswitch.table.resetGame.14
    game.o(.text) refers to game.o(.rodata..Lswitch.table.resetGame.15) for .Lswitch.table.resetGame.15
    game.o(.text) refers to game.o(.rodata.str1.1) for .L.str
[...]
    faddsub_clz.o(x$fpl$fadd) refers (Special) to usenofp.o(x$fpl$usenofp) for __I$use$fp
    faddsub_clz.o(x$fpl$fadd) refers to faddsub_clz.o(x$fpl$fsub) for _fsub1
    faddsub_clz.o(x$fpl$fadd) refers to fretinf.o(x$fpl$fretinf) for __fpl_fretinf
    faddsub_clz.o(x$fpl$fadd) refers to fnaninf.o(x$fpl$fnaninf) for __fpl_fnaninf
    faddsub_clz.o(x$fpl$frsb) refers (Special) to usenofp.o(x$fpl$usenofp) for __I$use$fp
    faddsub_clz.o(x$fpl$frsb) refers to faddsub_clz.o(x$fpl$fadd) for _fadd1
    faddsub_clz.o(x$fpl$frsb) refers to faddsub_clz.o(x$fpl$fsub) for _fsub1
    faddsub_clz.o(x$fpl$fsub) refers (Special) to usenofp.o(x$fpl$usenofp) for __I$use$fp
    faddsub_clz.o(x$fpl$fsub) refers to faddsub_clz.o(x$fpl$fadd) for _fadd1
    faddsub_clz.o(x$fpl$fsub) refers to fnaninf.o(x$fpl$fnaninf) for __fpl_fnaninf
    fcmp.o(x$fpl$fcmp) refers (Special) to usenofp.o(x$fpl$usenofp) for __I$use$fp
    fcmp.o(x$fpl$fcmp) refers to feqf.o(x$fpl$feqf) for _fcmpeq
    fcmp.o(x$fpl$fcmp) refers to fgeqf.o(x$fpl$fgeqf) for _fcmpge
    fcmp.o(x$fpl$fcmp) refers to fleqf.o(x$fpl$fleqf) for _fcmple
    fdiv.o(x$fpl$frdiv) refers (Special) to usenofp.o(x$fpl$usenofp) for __I$use$fp
    fdiv.o(x$fpl$frdiv) refers to fdiv.o(x$fpl$fdiv) for _fdiv1
    fdiv.o(x$fpl$fdiv) refers (Special) to usenofp.o(x$fpl$usenofp) for __I$use$fp
    fdiv.o(x$fpl$fdiv) refers to fretinf.o(x$fpl$fretinf) for __fpl_fretinf
    fdiv.o(x$fpl$fdiv) refers to fnaninf.o(x$fpl$fnaninf) for __fpl_fnaninf
    fflt_clz.o(x$fpl$ffltu) refers (Special) to usenofp.o(x$fpl$usenofp) for __I$use$fp
    fflt_clz.o(x$fpl$fflt) refers (Special) to usenofp.o(x$fpl$usenofp) for __I$use$fp
    fflt_clz.o(x$fpl$ffltn) refers (Special) to usenofp.o(x$fpl$usenofp) for __I$use$fp
    fmul.o(x$fpl$fmul) refers (Special) to usenofp.o(x$fpl$usenofp) for __I$use$fp
    fmul.o(x$fpl$fmul) refers to fretinf.o(x$fpl$fretinf) for __fpl_fretinf
    fmul.o(x$fpl$fmul) refers to fnaninf.o(x$fpl$fnaninf) for __fpl_fnaninf
    __rtentry.o(.ARM.Collect$$rtentry$$00000000) refers (Special) to __rtentry2.o(.ARM.Collect$$rtentry$$0000000A) for __rt_entry_li
    __rtentry.o(.ARM.Collect$$rtentry$$00000000) refers (Special) to __rtentry2.o(.ARM.Collect$$rtentry$$0000000D) for __rt_entry_main
    __rtentry.o(.ARM.Collect$$rtentry$$00000000) refers (Special) to __rtentry2.o(.ARM.Collect$$rtentry$$0000000C) for __rt_entry_postli_1
    __rtentry.o(.ARM.Collect$$rtentry$$00000000) refers (Special) to __rtentry2.o(.ARM.Collect$$rtentry$$00000009) for __rt_entry_postsh_1
    __rtentry.o(.ARM.Collect$$rtentry$$00000000) refers (Special) to __rtentry2.o(.ARM.Collect$$rtentry$$00000002) for __rt_entry_presh_1
    __rtentry.o(.ARM.Collect$$rtentry$$00000000) refers (Special) to __rtentry4.o(.ARM.Collect$$rtentry$$00000004) for __rt_entry_sh
    _printf_char_common.o(.text) refers to __printf.o(.text) for __printf
    libinit2.o(.ARM.Collect$$libinit$$0000000F) refers (Weak) to rand.o(.text) for _rand_init
    libinit2.o(.ARM.Collect$$libinit$$00000012) refers to libinit2.o(.ARM.Collect$$libinit$$00000011) for .ARM.Collect$$libinit$$00000011
    libinit2.o(.ARM.Collect$$libinit$$00000014) refers to libinit2.o(.ARM.Collect$$libinit$$00000011) for .ARM.Collect$$libinit$$00000011
    libinit2.o(.ARM.Collect$$libinit$$00000016) refers to libinit2.o(.ARM.Collect$$libinit$$00000011) for .ARM.Collect$$libinit$$00000011
    libinit2.o(.ARM.Collect$$libinit$$00000018) refers to libinit2.o(.ARM.Collect$$libinit$$00000011) for .ARM.Collect$$libinit$$00000011
    libinit2.o(.ARM.Collect$$libinit$$0000001A) refers to libinit2.o(.ARM.Collect$$libinit$$00000011) for .ARM.Collect$$libinit$$00000011
    libinit2.o(.ARM.Collect$$libinit$$00000028) refers to argv_veneer.o(.emb_text) for __ARM_argv_veneer
    libinit2.o(.ARM.Collect$$libinit$$00000029) refers to argv_veneer.o(.emb_text) for __ARM_argv_veneer
    feqf.o(x$fpl$feqf) refers (Special) to usenofp.o(x$fpl$usenofp) for __I$use$fp
    feqf.o(x$fpl$feqf) refers to fnaninf.o(x$fpl$fnaninf) for __fpl_fnaninf
    feqf.o(x$fpl$feqf) refers to fcmpi.o(x$fpl$fcmpinf) for __fpl_fcmp_Inf
    fgeqf.o(x$fpl$fgeqf) refers (Special) to usenofp.o(x$fpl$usenofp) for __I$use$fp
    fgeqf.o(x$fpl$fgeqf) refers to fnaninf.o(x$fpl$fnaninf) for __fpl_fnaninf
    fgeqf.o(x$fpl$fgeqf) refers to fcmpi.o(x$fpl$fcmpinf) for __fpl_fcmp_Inf
    fleqf.o(x$fpl$fleqf) refers (Special) to usenofp.o(x$fpl$usenofp) for __I$use$fp
    fleqf.o(x$fpl$fleqf) refers to fnaninf.o(x$fpl$fnaninf) for __fpl_fnaninf
    fleqf.o(x$fpl$fleqf) refers to fcmpi.o(x$fpl$fcmpinf) for __fpl_fcmp_Inf
    fnaninf.o(x$fpl$fnaninf) refers (Special) to usenofp.o(x$fpl$usenofp) for __I$use$fp
    fretinf.o(x$fpl$fretinf) refers (Special) to usenofp.o(x$fpl$usenofp) for __I$use$fp
    __rtentry2.o(.ARM.Collect$$rtentry$$00000008) refers to boardinit2.o(.text) for _platform_post_stackheap_init
    __rtentry2.o(.ARM.Collect$$rtentry$$0000000A) refers to libinit.o(.ARM.Collect$$libinit$$00000000) for __rt_lib_init
    __rtentry2.o(.ARM.Collect$$rtentry$$0000000B) refers to boardinit3.o(.text) for _platform_post_lib_init
    __rtentry2.o(.ARM.Collect$$rtentry$$0000000D) refers to sample.o(.text) for main
    __rtentry2.o(.ARM.Collect$$rtentry$$0000000D) refers to exit.o(.text) for exit
    __rtentry2.o(.ARM.exidx) refers to __rtentry2.o(.ARM.Collect$$rtentry$$00000001) for .ARM.Collect$$rtentry$$00000001
    __rtentry2.o(.ARM.exidx) refers to __rtentry2.o(.ARM.Collect$$rtentry$$00000008) for .ARM.Collect$$rtentry$$00000008
    __rtentry2.o(.ARM.exidx) refers to __rtentry2.o(.ARM.Collect$$rtentry$$0000000A) for .ARM.Collect$$rtentry$$0000000A
    __rtentry2.o(.ARM.exidx) refers to __rtentry2.o(.ARM.Collect$$rtentry$$0000000B) for .ARM.Collect$$rtentry$$0000000B
    __rtentry2.o(.ARM.exidx) refers to __rtentry2.o(.ARM.Collect$$rtentry$$0000000D) for .ARM.Collect$$rtentry$$0000000D
    __rtentry4.o(.ARM.Collect$$rtentry$$00000004) refers to sys_stackheap_outer.o(.text) for __user_setup_stackheap
    __rtentry4.o(.ARM.exidx) refers to __rtentry4.o(.ARM.Collect$$rtentry$$00000004) for .ARM.Collect$$rtentry$$00000004
    argv_veneer.o(.emb_text) refers to no_argv.o(.text) for __ARM_get_argv
    fcmpi.o(x$fpl$fcmpinf) refers (Special) to usenofp.o(x$fpl$usenofp) for __I$use$fp
    sys_stackheap_outer.o(.text) refers to libspace.o(.text) for __user_perproc_libspace
    sys_stackheap_outer.o(.text) refers to startup_lpc17xx.o(.text) for __user_initial_stackheap
    exit.o(.text) refers to rtexit.o(.ARM.Collect$$rtexit$$00000000) for __rt_exit
    _get_argv_nomalloc.o(.text) refers (Special) to hrguard.o(.text) for __heap_region$guard
    _get_argv_nomalloc.o(.text) refers to defsig_rtmem_outer.o(.text) for __rt_SIGRTMEM
    _get_argv_nomalloc.o(.text) refers to sys_command.o(.text) for _sys_command_string
    libinit.o(.ARM.Collect$$libinit$$00000000) refers (Special) to libinit2.o(.ARM.Collect$$libinit$$00000030) for __rt_lib_init_alloca_1
    libinit.o(.ARM.Collect$$libinit$$00000000) refers (Special) to libinit2.o(.ARM.Collect$$libinit$$0000002E) for __rt_lib_init_argv_1
    libinit.o(.ARM.Collect$$libinit$$00000000) refers (Special) to libinit2.o(.ARM.Collect$$libinit$$0000001D) for __rt_lib_init_atexit_1
    libinit.o(.ARM.Collect$$libinit$$00000000) refers (Special) to libinit2.o(.ARM.Collect$$libinit$$00000023) for __rt_lib_init_clock_1
    libinit.o(.ARM.Collect$$libinit$$00000000) refers (Special) to libinit2.o(.ARM.Collect$$libinit$$00000034) for __rt_lib_init_cpp_1
    libinit.o(.ARM.Collect$$libinit$$00000000) refers (Special) to libinit2.o(.ARM.Collect$$libinit$$00000032) for __rt_lib_init_exceptions_1
    libinit.o(.ARM.Collect$$libinit$$00000000) refers (Special) to libinit2.o(.ARM.Collect$$libinit$$00000002) for __rt_lib_init_fp_1
    libinit.o(.ARM.Collect$$libinit$$00000000) refers (Special) to libinit2.o(.ARM.Collect$$libinit$$00000021) for __rt_lib_init_fp_trap_1
    libinit.o(.ARM.Collect$$libinit$$00000000) refers (Special) to libinit2.o(.ARM.Collect$$libinit$$00000025) for __rt_lib_init_getenv_1
    libinit.o(.ARM.Collect$$libinit$$00000000) refers (Special) to libinit2.o(.ARM.Collect$$libinit$$0000000C) for __rt_lib_init_heap_1
    libinit.o(.ARM.Collect$$libinit$$00000000) refers (Special) to libinit2.o(.ARM.Collect$$libinit$$00000013) for __rt_lib_init_lc_collate_1
    libinit.o(.ARM.Collect$$libinit$$00000000) refers (Special) to libinit2.o(.ARM.Collect$$libinit$$00000015) for __rt_lib_init_lc_ctype_1
    libinit.o(.ARM.Collect$$libinit$$00000000) refers (Special) to libinit2.o(.ARM.Collect$$libinit$$00000017) for __rt_lib_init_lc_monetary_1
    libinit.o(.ARM.Collect$$libinit$$00000000) refers (Special) to libinit2.o(.ARM.Collect$$libinit$$00000019) for __rt_lib_init_lc_numeric_1
    libinit.o(.ARM.Collect$$libinit$$00000000) refers (Special) to libinit2.o(.ARM.Collect$$libinit$$0000001B) for __rt_lib_init_lc_time_1
    libinit.o(.ARM.Collect$$libinit$$00000000) refers (Special) to libinit2.o(.ARM.Collect$$libinit$$00000006) for __rt_lib_init_preinit_1
    libinit.o(.ARM.Collect$$libinit$$00000000) refers (Special) to libinit2.o(.ARM.Collect$$libinit$$00000010) for __rt_lib_init_rand_1
    libinit.o(.ARM.Collect$$libinit$$00000000) refers (Special) to libinit2.o(.ARM.Collect$$libinit$$00000004) for __rt_lib_init_relocate_pie_1
    libinit.o(.ARM.Collect$$libinit$$00000000) refers (Special) to libinit2.o(.ARM.Collect$$libinit$$00000035) for __rt_lib_init_return
    libinit.o(.ARM.Collect$$libinit$$00000000) refers (Special) to libinit2.o(.ARM.Collect$$libinit$$0000001F) for __rt_lib_init_signal_1
    libinit.o(.ARM.Collect$$libinit$$00000000) refers (Special) to libinit2.o(.ARM.Collect$$libinit$$00000027) for __rt_lib_init_stdio_1
    libinit.o(.ARM.Collect$$libinit$$00000000) refers (Special) to libinit2.o(.ARM.Collect$$libinit$$0000000E) for __rt_lib_init_user_alloc_1
    sys_command.o(.text) refers (Special) to use_no_semi.o(.text) for __I$use$semihosting
    sys_command.o(.text) refers (Special) to indicate_semi.o(.text) for __semihosting_library_function
    sys_command_hlt.o(.text) refers (Special) to use_no_semi.o(.text) for __I$use$semihosting
    sys_command_hlt.o(.text) refers (Special) to indicate_semi.o(.text) for __semihosting_library_function
    libspace.o(.text) refers to libspace.o(.bss) for __libspace_start
    rtexit.o(.ARM.Collect$$rtexit$$00000000) refers (Special) to rtexit2.o(.ARM.Collect$$rtexit$$00000004) for __rt_exit_exit
    rtexit.o(.ARM.Collect$$rtexit$$00000000) refers (Special) to rtexit2.o(.ARM.Collect$$rtexit$$00000003) for __rt_exit_ls
    rtexit.o(.ARM.Collect$$rtexit$$00000000) refers (Special) to rtexit2.o(.ARM.Collect$$rtexit$$00000002) for __rt_exit_prels_1
    rtexit.o(.ARM.exidx) refers (Special) to rtexit2.o(.ARM.Collect$$rtexit$$00000004) for __rt_exit_exit
    rtexit.o(.ARM.exidx) refers (Special) to rtexit2.o(.ARM.Collect$$rtexit$$00000003) for __rt_exit_ls
    rtexit.o(.ARM.exidx) refers (Special) to rtexit2.o(.ARM.Collect$$rtexit$$00000002) for __rt_exit_prels_1
    rtexit.o(.ARM.exidx) refers to rtexit.o(.ARM.Collect$$rtexit$$00000000) for .ARM.Collect$$rtexit$$00000000
    defsig_rtmem_outer.o(.text) refers to defsig_rtmem_inner.o(.text) for __rt_SIGRTMEM_inner
    defsig_rtmem_outer.o(.text) refers to defsig_exit.o(.text) for __sig_exit
    defsig_rtmem_formal.o(.text) refers to rt_raise.o(.text) for __rt_raise
    rtexit2.o(.ARM.Collect$$rtexit$$00000003) refers to libshutdown.o(.ARM.Collect$$libshutdown$$00000000) for __rt_lib_shutdown
    rtexit2.o(.ARM.Collect$$rtexit$$00000004) refers to sys_exit.o(.text) for _sys_exit
    rtexit2.o(.ARM.exidx) refers to rtexit2.o(.ARM.Collect$$rtexit$$00000001) for .ARM.Collect$$rtexit$$00000001
    rtexit2.o(.ARM.exidx) refers to rtexit2.o(.ARM.Collect$$rtexit$$00000003) for .ARM.Collect$$rtexit$$00000003
    rtexit2.o(.ARM.exidx) refers to rtexit2.o(.ARM.Collect$$rtexit$$00000004) for .ARM.Collect$$rtexit$$00000004
    rt_raise.o(.text) refers to __raise.o(.text) for __raise
    rt_raise.o(.text) refers to sys_exit.o(.text) for _sys_exit
    defsig_exit.o(.text) refers to sys_exit.o(.text) for _sys_exit
    defsig_rtmem_inner.o(.text) refers to defsig_general.o(.text) for __default_signal_display
    sys_exit.o(.text) refers (Special) to use_no_semi.o(.text) for __I$use$semihosting
    sys_exit.o(.text) refers (Special) to indicate_semi.o(.text) for __semihosting_library_function
    sys_exit_hlt.o(.text) refers (Special) to use_no_semi.o(.text) for __I$use$semihosting
    sys_exit_hlt.o(.text) refers (Special) to indicate_semi.o(.text) for __semihosting_library_function
    __raise.o(.text) refers to defsig.o(CL$$defsig) for __default_signal_handler
    defsig_general.o(.text) refers to sys_wrch.o(.text) for _ttywrch
    libshutdown.o(.ARM.Collect$$libshutdown$$00000000) refers (Special) to libshutdown2.o(.ARM.Collect$$libshutdown$$00000002) for __rt_lib_shutdown_cpp_1
    libshutdown.o(.ARM.Collect$$libshutdown$$00000000) refers (Special) to libshutdown2.o(.ARM.Collect$$libshutdown$$00000007) for __rt_lib_shutdown_fp_trap_1
    libshutdown.o(.ARM.Collect$$libshutdown$$00000000) refers (Special) to libshutdown2.o(.ARM.Collect$$libshutdown$$0000000F) for __rt_lib_shutdown_heap_1
    libshutdown.o(.ARM.Collect$$libshutdown$$00000000) refers (Special) to libshutdown2.o(.ARM.Collect$$libshutdown$$00000010) for __rt_lib_shutdown_return
    libshutdown.o(.ARM.Collect$$libshutdown$$00000000) refers (Special) to libshutdown2.o(.ARM.Collect$$libshutdown$$0000000A) for __rt_lib_shutdown_signal_1
    libshutdown.o(.ARM.Collect$$libshutdown$$00000000) refers (Special) to libshutdown2.o(.ARM.Collect$$libshutdown$$00000004) for __rt_lib_shutdown_stdio_1
    libshutdown.o(.ARM.Collect$$libshutdown$$00000000) refers (Special) to libshutdown2.o(.ARM.Collect$$libshutdown$$0000000C) for __rt_lib_shutdown_user_alloc_1
    sys_wrch.o(.text) refers (Special) to use_no_semi.o(.text) for __I$use$semihosting
    sys_wrch.o(.text) refers (Special) to indicate_semi.o(.text) for __semihosting_library_function
    sys_wrch_hlt.o(.text) refers (Special) to use_no_semi.o(.text) for __I$use$semihosting
    sys_wrch_hlt.o(.text) refers (Special) to indicate_semi.o(.text) for __semihosting_library_function
    defsig.o(CL$$defsig) refers to defsig_rtmem_inner.o(.text) for __rt_SIGRTMEM_inner
    defsig_abrt_inner.o(.text) refers to defsig_general.o(.text) for __default_signal_display
    defsig_fpe_inner.o(.text) refers to defsig_general.o(.text) for __default_signal_display
    defsig_rtred_inner.o(.text) refers to defsig_general.o(.text) for __default_signal_display
    defsig_stak_inner.o(.text) refers to defsig_general.o(.text) for __default_signal_display
    defsig_pvfn_inner.o(.text) refers to defsig_general.o(.text) for __default_signal_display
    defsig_cppl_inner.o(.text) refers to defsig_general.o(.text) for __default_signal_display
    defsig_segv_inner.o(.text) refers to defsig_general.o(.text) for __default_signal_display
    defsig_other.o(.text) refers to defsig_general.o(.text) for __default_signal_display


==============================================================================

Removing Unused input sections from the image.

    Removing sample.o(.ARM.exidx), (16 bytes).
    Removing sample.o(.ARM.use_no_argv), (4 bytes).
    Removing system_lpc17xx.o(.ARM.exidx), (8 bytes).
    Removing asciilib.o(.ARM.exidx), (8 bytes).
    Removing glcd.o(.ARM.exidx), (56 bytes).
    Removing hzlib.o(.text), (36 bytes).
    Removing hzlib.o(.ARM.exidx), (8 bytes).
    Removing hzlib.o(.rodata.HzLib), (216576 bytes).
    Removing game.o(.ARM.exidx), (216 bytes).
    Removing game.o(.rodata.blockSize), (4 bytes).
    Removing game.o(.rodata.cellSize), (4 bytes).
    Removing irq_button.o(.ARM.exidx), (24 bytes).
    Removing lib_button.o(.ARM.exidx), (8 bytes).
    Removing irq_adc.o(.ARM.exidx), (8 bytes).
    Removing lib_adc.o(.ARM.exidx), (16 bytes).
    Removing music.o(.ARM.exidx), (24 bytes).
    Removing irq_timer.o(.ARM.exidx), (32 bytes).
    Removing lib_timer.o(.ARM.exidx), (32 bytes).
    Removing lib_rit.o(.ARM.exidx), (32 bytes).
    Removing irq_rit.o(.ARM.exidx), (8 bytes).

20 unused section(s) (total 217120 bytes) removed from the image.

==============================================================================

Image Symbol Table

    Local Symbols

    Symbol Name                              Value     Ov Type        Size  Object(Section)

    ../clib/angel/boardlib.s                 0x00000000   Number         0  boardinit1.o ABSOLUTE
    ../clib/angel/boardlib.s                 0x00000000   Number         0  boardinit2.o ABSOLUTE
    ../clib/angel/boardlib.s                 0x00000000   Number         0  boardinit3.o ABSOLUTE
    ../clib/angel/boardlib.s                 0x00000000   Number         0  boardshut.o ABSOLUTE
    ../clib/angel/dczerorl2.s                0x00000000   Number         0  __dczerorl2.o ABSOLUTE
    ../clib/angel/handlers.s                 0x00000000   Number         0  __scatter_zi.o ABSOLUTE
    ../clib/angel/kernel.s                   0x00000000   Number         0  __rtentry.o ABSOLUTE
    ../clib/angel/kernel.s                   0x00000000   Number         0  __rtentry2.o ABSOLUTE
    ../clib/angel/kernel.s                   0x00000000   Number         0  __rtentry4.o ABSOLUTE
    ../clib/angel/kernel.s                   0x00000000   Number         0  rtexit.o ABSOLUTE
    ../clib/angel/kernel.s                   0x00000000   Number         0  rtexit2.o ABSOLUTE
    ../clib/angel/rt.s                       0x00000000   Number         0  rt_raise.o ABSOLUTE
    ../clib/angel/scatter.s                  0x00000000   Number         0  __scatter.o ABSOLUTE
    ../clib/angel/startup.s                  0x00000000   Number         0  __main.o ABSOLUTE
    ../clib/angel/sys.s                      0x00000000   Number         0  sys_stackheap_outer.o ABSOLUTE
    ../clib/angel/sys.s                      0x00000000   Number         0  libspace.o ABSOLUTE
    ../clib/angel/sys.s                      0x00000000   Number         0  use_no_semi.o ABSOLUTE
    ../clib/angel/sys.s                      0x00000000   Number         0  indicate_semi.o ABSOLUTE
    ../clib/angel/sysapp.c                   0x00000000   Number         0  sys_command.o ABSOLUTE
    ../clib/angel/sysapp.c                   0x00000000   Number         0  sys_command_hlt.o ABSOLUTE
    ../clib/angel/sysapp.c                   0x00000000   Number         0  sys_exit.o ABSOLUTE
    ../clib/angel/sysapp.c                   0x00000000   Number         0  sys_exit_hlt.o ABSOLUTE
    ../clib/angel/sysapp.c                   0x00000000   Number         0  sys_wrch.o ABSOLUTE
    ../clib/angel/sysapp.c                   0x00000000   Number         0  sys_wrch_hlt.o ABSOLUTE
    ../clib/armsys.c                         0x00000000   Number         0  argv_veneer.o ABSOLUTE
    ../clib/armsys.c                         0x00000000   Number         0  argv_veneer.o ABSOLUTE
    ../clib/armsys.c                         0x00000000   Number         0  _get_argv_nomalloc.o ABSOLUTE
    ../clib/armsys.c                         0x00000000   Number         0  no_argv.o ABSOLUTE
    ../clib/heapalloc.c                      0x00000000   Number         0  hrguard.o ABSOLUTE
    ../clib/heapaux.c                        0x00000000   Number         0  heapauxi.o ABSOLUTE
    ../clib/libinit.s                        0x00000000   Number         0  libinit2.o ABSOLUTE
    ../clib/libinit.s                        0x00000000   Number         0  libinit.o ABSOLUTE
    ../clib/libinit.s                        0x00000000   Number         0  libshutdown.o ABSOLUTE
    ../clib/libinit.s                        0x00000000   Number         0  libshutdown2.o ABSOLUTE
    ../clib/memcpset.s                       0x00000000   Number         0  rt_memcpy_v6.o ABSOLUTE
    ../clib/memcpset.s                       0x00000000   Number         0  rt_memcpy_w.o ABSOLUTE
    ../clib/memcpset.s                       0x00000000   Number         0  rt_memmove_w.o ABSOLUTE
    ../clib/memcpset.s                       0x00000000   Number         0  rt_memclr_w.o ABSOLUTE
    ../clib/printf.c                         0x00000000   Number         0  __2sprintf.o ABSOLUTE
    ../clib/printf.c                         0x00000000   Number         0  noretval__2sprintf.o ABSOLUTE
    ../clib/printf.c                         0x00000000   Number         0  __printf.o ABSOLUTE
    ../clib/printf.c                         0x00000000   Number         0  _printf_dec.o ABSOLUTE
    ../clib/printf.c                         0x00000000   Number         0  __printf_flags.o ABSOLUTE
    ../clib/printf.c                         0x00000000   Number         0  __printf_ss.o ABSOLUTE
    ../clib/printf.c                         0x00000000   Number         0  __printf_flags_ss.o ABSOLUTE
    ../clib/printf.c                         0x00000000   Number         0  __printf_wp.o ABSOLUTE
    ../clib/printf.c                         0x00000000   Number         0  __printf_flags_wp.o ABSOLUTE
    ../clib/printf.c                         0x00000000   Number         0  __printf_ss_wp.o ABSOLUTE
    ../clib/printf.c                         0x00000000   Number         0  __printf_flags_ss_wp.o ABSOLUTE
    ../clib/printf.c                         0x00000000   Number         0  _printf_intcommon.o ABSOLUTE
    ../clib/printf.c                         0x00000000   Number         0  _printf_char_common.o ABSOLUTE
    ../clib/printf.c                         0x00000000   Number         0  _sputc.o ABSOLUTE
    ../clib/printf.c                         0x00000000   Number         0  __printf_nopercent.o ABSOLUTE
    ../clib/printf_percent.s                 0x00000000   Number         0  _printf_d.o ABSOLUTE
    ../clib/printf_percent.s                 0x00000000   Number         0  _printf_percent.o ABSOLUTE
    ../clib/printf_percent.s                 0x00000000   Number         0  _printf_percent_end.o ABSOLUTE
    ../clib/signal.c                         0x00000000   Number         0  defsig_rtmem_outer.o ABSOLUTE
    ../clib/signal.c                         0x00000000   Number         0  defsig_rtmem_formal.o ABSOLUTE
    ../clib/signal.c                         0x00000000   Number         0  defsig_exit.o ABSOLUTE
    ../clib/signal.c                         0x00000000   Number         0  defsig_rtmem_inner.o ABSOLUTE
    ../clib/signal.c                         0x00000000   Number         0  __raise.o ABSOLUTE
    ../clib/signal.c                         0x00000000   Number         0  defsig_general.o ABSOLUTE
    ../clib/signal.c                         0x00000000   Number         0  defsig_abrt_inner.o ABSOLUTE
    ../clib/signal.c                         0x00000000   Number         0  defsig_fpe_inner.o ABSOLUTE
    ../clib/signal.c                         0x00000000   Number         0  defsig_rtred_inner.o ABSOLUTE
    ../clib/signal.c                         0x00000000   Number         0  defsig_stak_inner.o ABSOLUTE
    ../clib/signal.c                         0x00000000   Number         0  defsig_pvfn_inner.o ABSOLUTE
    ../clib/signal.c                         0x00000000   Number         0  defsig_cppl_inner.o ABSOLUTE
    ../clib/signal.c                         0x00000000   Number         0  defsig_segv_inner.o ABSOLUTE
    ../clib/signal.c                         0x00000000   Number         0  defsig_other.o ABSOLUTE
    ../clib/signal.s                         0x00000000   Number         0  defsig.o ABSOLUTE
    ../clib/stdlib.c                         0x00000000   Number         0  rand.o ABSOLUTE
    ../clib/stdlib.c                         0x00000000   Number         0  rand.o ABSOLUTE
    ../clib/stdlib.c                         0x00000000   Number         0  exit.o ABSOLUTE
    ../fplib/faddsub.s                       0x00000000   Number         0  faddsub_clz.o ABSOLUTE
    ../fplib/fcmp.s                          0x00000000   Number         0  fcmp.o ABSOLUTE
    ../fplib/fcmpi.s                         0x00000000   Number         0  fcmpi.o ABSOLUTE
    ../fplib/fdiv.s                          0x00000000   Number         0  fdiv.o ABSOLUTE
    ../fplib/feqf.s                          0x00000000   Number         0  feqf.o ABSOLUTE
    ../fplib/fflt.s                          0x00000000   Number         0  fflt_clz.o ABSOLUTE
    ../fplib/fgeqf.s                         0x00000000   Number         0  fgeqf.o ABSOLUTE
    ../fplib/fleqf.s                         0x00000000   Number         0  fleqf.o ABSOLUTE
    ../fplib/fmul.s                          0x00000000   Number         0  fmul.o ABSOLUTE
    ../fplib/fnaninf.s                       0x00000000   Number         0  fnaninf.o ABSOLUTE
    ../fplib/fpinit.s                        0x00000000   Number         0  fpinit.o ABSOLUTE
    ../fplib/fpinit_empty.s                  0x00000000   Number         0  fpinit_empty.o ABSOLUTE
    ../fplib/fretinf.s                       0x00000000   Number         0  fretinf.o ABSOLUTE
    ../fplib/usenofp.s                       0x00000000   Number         0  usenofp.o ABSOLUTE
    AsciiLib.c                               0x00000000   Number         0  asciilib.o ABSOLUTE
    GLCD.c                                   0x00000000   Number         0  glcd.o ABSOLUTE
    HzLib.c                                  0x00000000   Number         0  hzlib.o ABSOLUTE
    IRQ_RIT.c                                0x00000000   Number         0  irq_rit.o ABSOLUTE
    IRQ_adc.c                                0x00000000   Number         0  irq_adc.o ABSOLUTE
    IRQ_button.c                             0x00000000   Number         0  irq_button.o ABSOLUTE
    IRQ_timer.c                              0x00000000   Number         0  irq_timer.o ABSOLUTE
    Source\startup_LPC17xx.s                 0x00000000   Number         0  startup_lpc17xx.o ABSOLUTE
    dc.s                                     0x00000000   Number         0  dc.o ABSOLUTE
    game.c                                   0x00000000   Number         0  game.o ABSOLUTE
    lib_RIT.c                                0x00000000   Number         0  lib_rit.o ABSOLUTE
    lib_adc.c                                0x00000000   Number         0  lib_adc.o ABSOLUTE
    lib_button.c                             0x00000000   Number         0  lib_button.o ABSOLUTE
    lib_timer.c                              0x00000000   Number         0  lib_timer.o ABSOLUTE
    music.c                                  0x00000000   Number         0  music.o ABSOLUTE
    sample.c                                 0x00000000   Number         0  sample.o ABSOLUTE
    system_LPC17xx.c                         0x00000000   Number         0  system_lpc17xx.o ABSOLUTE
    RESET                                    0x00000000   Section      204  startup_lpc17xx.o(RESET)
    !!!main                                  0x000000cc   Section        8  __main.o(!!!main)
    !!!scatter                               0x000000d4   Section       92  __scatter.o(!!!scatter)
    !!dczerorl2                              0x00000130   Section       90  __dczerorl2.o(!!dczerorl2)
    !!handler_null                           0x0000018c   Section        2  __scatter.o(!!handler_null)
    !!handler_zi                             0x00000190   Section       28  __scatter_zi.o(!!handler_zi)
    .ARM.Collect$$_printf_percent$$00000000  0x000001ac   Section        0  _printf_percent.o(.ARM.Collect$$_printf_percent$$00000000)
    .ARM.Collect$$_printf_percent$$00000009  0x000001ac   Section        6  _printf_d.o(.ARM.Collect$$_printf_percent$$00000009)
    .ARM.Collect$$_printf_percent$$00000017  0x000001b2   Section        4  _printf_percent_end.o(.ARM.Collect$$_printf_percent$$00000017)
    .ARM.Collect$$libinit$$00000000          0x000001b6   Section        2  libinit.o(.ARM.Collect$$libinit$$00000000)
    .ARM.Collect$$libinit$$00000002          0x000001b8   Section        0  libinit2.o(.ARM.Collect$$libinit$$00000002)
    .ARM.Collect$$libinit$$00000004          0x000001b8   Section        0  libinit2.o(.ARM.Collect$$libinit$$00000004)
    .ARM.Collect$$libinit$$00000006          0x000001b8   Section        0  libinit2.o(.ARM.Collect$$libinit$$00000006)
    .ARM.Collect$$libinit$$0000000C          0x000001b8   Section        0  libinit2.o(.ARM.Collect$$libinit$$0000000C)
    .ARM.Collect$$libinit$$0000000E          0x000001b8   Section        0  libinit2.o(.ARM.Collect$$libinit$$0000000E)
    .ARM.Collect$$libinit$$0000000F          0x000001b8   Section        4  libinit2.o(.ARM.Collect$$libinit$$0000000F)
    .ARM.Collect$$libinit$$00000010          0x000001bc   Section        0  libinit2.o(.ARM.Collect$$libinit$$00000010)
    .ARM.Collect$$libinit$$00000013          0x000001bc   Section        0  libinit2.o(.ARM.Collect$$libinit$$00000013)
    .ARM.Collect$$libinit$$00000015          0x000001bc   Section        0  libinit2.o(.ARM.Collect$$libinit$$00000015)
    .ARM.Collect$$libinit$$00000017          0x000001bc   Section        0  libinit2.o(.ARM.Collect$$libinit$$00000017)
    .ARM.Collect$$libinit$$00000019          0x000001bc   Section        0  libinit2.o(.ARM.Collect$$libinit$$00000019)
    .ARM.Collect$$libinit$$0000001B          0x000001bc   Section        0  libinit2.o(.ARM.Collect$$libinit$$0000001B)
    .ARM.Collect$$libinit$$0000001D          0x000001bc   Section        0  libinit2.o(.ARM.Collect$$libinit$$0000001D)
    .ARM.Collect$$libinit$$0000001F          0x000001bc   Section        0  libinit2.o(.ARM.Collect$$libinit$$0000001F)
    .ARM.Collect$$libinit$$00000021          0x000001bc   Section        0  libinit2.o(.ARM.Collect$$libinit$$00000021)
    .ARM.Collect$$libinit$$00000023          0x000001bc   Section        0  libinit2.o(.ARM.Collect$$libinit$$00000023)
    .ARM.Collect$$libinit$$00000025          0x000001bc   Section        0  libinit2.o(.ARM.Collect$$libinit$$00000025)
    .ARM.Collect$$libinit$$00000027          0x000001bc   Section        0  libinit2.o(.ARM.Collect$$libinit$$00000027)
    .ARM.Collect$$libinit$$0000002E          0x000001bc   Section        0  libinit2.o(.ARM.Collect$$libinit$$0000002E)
    .ARM.Collect$$libinit$$00000030          0x000001bc   Section        0  libinit2.o(.ARM.Collect$$libinit$$00000030)
    .ARM.Collect$$libinit$$00000032          0x000001bc   Section        0  libinit2.o(.ARM.Collect$$libinit$$00000032)
    .ARM.Collect$$libinit$$00000034          0x000001bc   Section        0  libinit2.o(.ARM.Collect$$libinit$$00000034)
    .ARM.Collect$$libinit$$00000035          0x000001bc   Section        2  libinit2.o(.ARM.Collect$$libinit$$00000035)
    .ARM.Collect$$libshutdown$$00000000      0x000001be   Section        2  libshutdown.o(.ARM.Collect$$libshutdown$$00000000)
    .ARM.Collect$$libshutdown$$00000002      0x000001c0   Section        0  libshutdown2.o(.ARM.Collect$$libshutdown$$00000002)
    .ARM.Collect$$libshutdown$$00000004      0x000001c0   Section        0  libshutdown2.o(.ARM.Collect$$libshutdown$$00000004)
    .ARM.Collect$$libshutdown$$00000007      0x000001c0   Section        0  libshutdown2.o(.ARM.Collect$$libshutdown$$00000007)
    .ARM.Collect$$libshutdown$$0000000A      0x000001c0   Section        0  libshutdown2.o(.ARM.Collect$$libshutdown$$0000000A)
    .ARM.Collect$$libshutdown$$0000000C      0x000001c0   Section        0  libshutdown2.o(.ARM.Collect$$libshutdown$$0000000C)
    .ARM.Collect$$libshutdown$$0000000F      0x000001c0   Section        0  libshutdown2.o(.ARM.Collect$$libshutdown$$0000000F)
    .ARM.Collect$$libshutdown$$00000010      0x000001c0   Section        2  libshutdown2.o(.ARM.Collect$$libshutdown$$00000010)
    .ARM.Collect$$rtentry$$00000000          0x000001c2   Section        0  __rtentry.o(.ARM.Collect$$rtentry$$00000000)
    .ARM.Collect$$rtentry$$00000002          0x000001c2   Section        0  __rtentry2.o(.ARM.Collect$$rtentry$$00000002)
    .ARM.Collect$$rtentry$$00000004          0x000001c2   Section        6  __rtentry4.o(.ARM.Collect$$rtentry$$00000004)
    .ARM.Collect$$rtentry$$00000009          0x000001c8   Section        0  __rtentry2.o(.ARM.Collect$$rtentry$$00000009)
    .ARM.Collect$$rtentry$$0000000A          0x000001c8   Section        4  __rtentry2.o(.ARM.Collect$$rtentry$$0000000A)
    .ARM.Collect$$rtentry$$0000000C          0x000001cc   Section        0  __rtentry2.o(.ARM.Collect$$rtentry$$0000000C)
    .ARM.Collect$$rtentry$$0000000D          0x000001cc   Section        8  __rtentry2.o(.ARM.Collect$$rtentry$$0000000D)
    .ARM.Collect$$rtexit$$00000000           0x000001d4   Section        2  rtexit.o(.ARM.Collect$$rtexit$$00000000)
    .ARM.Collect$$rtexit$$00000002           0x000001d6   Section        0  rtexit2.o(.ARM.Collect$$rtexit$$00000002)
    .ARM.Collect$$rtexit$$00000003           0x000001d6   Section        4  rtexit2.o(.ARM.Collect$$rtexit$$00000003)
    .ARM.Collect$$rtexit$$00000004           0x000001da   Section        6  rtexit2.o(.ARM.Collect$$rtexit$$00000004)
    .emb_text                                0x000001e0   Section       52  rand.o(.emb_text)
    .text                                    0x00000214   Section       52  startup_lpc17xx.o(.text)
    [Anonymous Symbol]                       0x00000248   Section        0  asciilib.o(.text)
    [Anonymous Symbol]                       0x00000274   Section        0  irq_button.o(.text)
    .text                                    0x000002b8   Section        0  noretval__2sprintf.o(.text)
    .text                                    0x000002e0   Section        0  heapauxi.o(.text)
    .text                                    0x000002e6   Section        0  _sputc.o(.text)
    .text                                    0x000002f0   Section        8  libspace.o(.text)
    .text                                    0x000002f8   Section        2  use_no_semi.o(.text)
    .text                                    0x000002fa   Section        0  indicate_semi.o(.text)
    x$fpl$usenofp                            0x000002fa   Section        0  usenofp.o(x$fpl$usenofp)
    .ARM.__at_0x02FC                         0x000002fc   Section        4  startup_lpc17xx.o(.ARM.__at_0x02FC)
    [Anonymous Symbol]                       0x00000300   Section        0  sample.o(.text)
    [Anonymous Symbol]                       0x000003e4   Section        0  system_lpc17xx.o(.text)
    [Anonymous Symbol]                       0x00000534   Section        0  glcd.o(.text)
    [Anonymous Symbol]                       0x00001c58   Section        0  game.o(.text)
    [Anonymous Symbol]                       0x00003730   Section        0  lib_button.o(.text)
    [Anonymous Symbol]                       0x000037ac   Section        0  irq_adc.o(.text)
    [Anonymous Symbol]                       0x0000381c   Section        0  lib_adc.o(.text)
    [Anonymous Symbol]                       0x00003878   Section        0  music.o(.text)
    [Anonymous Symbol]                       0x000038e0   Section        0  irq_timer.o(.text)
    [Anonymous Symbol]                       0x0000395c   Section        0  lib_timer.o(.text)
    [Anonymous Symbol]                       0x00003aa0   Section        0  lib_rit.o(.text)
    [Anonymous Symbol]                       0x00003b20   Section        0  irq_rit.o(.text)
    .text                                    0x00003bca   Section        0  __printf.o(.text)
    .text                                    0x00003c34   Section        0  _printf_dec.o(.text)
    .text                                    0x00003cac   Section        0  rand.o(.text)
    .text                                    0x00003ce8   Section      100  rt_memcpy_w.o(.text)
    .text                                    0x00003d4c   Section      122  rt_memmove_w.o(.text)
    .text                                    0x00003dc6   Section       78  rt_memclr_w.o(.text)
    .text                                    0x00003e14   Section        0  _printf_intcommon.o(.text)
    _printf_input_char                       0x00003ec9   Thumb Code    10  _printf_char_common.o(.text)
    .text                                    0x00003ec8   Section        0  _printf_char_common.o(.text)
    .text                                    0x00003ef8   Section       74  sys_stackheap_outer.o(.text)
    .text                                    0x00003f42   Section        0  exit.o(.text)
    .text                                    0x00003f54   Section        0  sys_exit.o(.text)
    x$fpl$fadd                               0x00003f60   Section      196  faddsub_clz.o(x$fpl$fadd)
    _fadd1                                   0x00003f6f   Thumb Code     0  faddsub_clz.o(x$fpl$fadd)
    x$fpl$fcmp                               0x00004024   Section       84  fcmp.o(x$fpl$fcmp)
    x$fpl$fcmpinf                            0x00004078   Section       24  fcmpi.o(x$fpl$fcmpinf)
    _fdiv1                                   0x00004091   Thumb Code     0  fdiv.o(x$fpl$fdiv)
    x$fpl$fdiv                               0x00004090   Section      388  fdiv.o(x$fpl$fdiv)
    x$fpl$feqf                               0x00004214   Section      104  feqf.o(x$fpl$feqf)
    x$fpl$fflt                               0x0000427c   Section       48  fflt_clz.o(x$fpl$fflt)
    x$fpl$ffltu                              0x000042ac   Section       38  fflt_clz.o(x$fpl$ffltu)
    x$fpl$fgeqf                              0x000042d4   Section      104  fgeqf.o(x$fpl$fgeqf)
    x$fpl$fleqf                              0x0000433c   Section      104  fleqf.o(x$fpl$fleqf)
    x$fpl$fmul                               0x000043a4   Section      258  fmul.o(x$fpl$fmul)
    x$fpl$fnaninf                            0x000044a6   Section      140  fnaninf.o(x$fpl$fnaninf)
    x$fpl$fretinf                            0x00004532   Section       10  fretinf.o(x$fpl$fretinf)
    x$fpl$fsub                               0x0000453c   Section      234  faddsub_clz.o(x$fpl$fsub)
    _fsub1                                   0x0000454b   Thumb Code     0  faddsub_clz.o(x$fpl$fsub)
    .Lswitch.table.generateTetromino.21      0x00004628   Data          28  game.o(.rodata..Lswitch.table.generateTetromino.21)
    .Lswitch.table.generateTetromino.22      0x00004644   Data          14  game.o(.rodata..Lswitch.table.generateTetromino.22)
    .Lswitch.table.resetGame                 0x00004652   Data          12  game.o(.rodata..Lswitch.table.resetGame)
    .Lswitch.table.resetGame.12              0x00004660   Data          24  game.o(.rodata..Lswitch.table.resetGame.12)
    .Lswitch.table.resetGame.13              0x00004678   Data          24  game.o(.rodata..Lswitch.table.resetGame.13)
    .Lswitch.table.resetGame.14              0x00004690   Data          24  game.o(.rodata..Lswitch.table.resetGame.14)
    .Lswitch.table.resetGame.15              0x000046a8   Data          24  game.o(.rodata..Lswitch.table.resetGame.15)
    AsciiLib                                 0x000046c0   Data        1520  asciilib.o(.rodata.AsciiLib)
    [Anonymous Symbol]                       0x000046c0   Section        0  asciilib.o(.rodata.AsciiLib)
    .L.str                                   0x00004da0   Data           3  game.o(.rodata.str1.1)
    [Anonymous Symbol]                       0x00004da0   Section        0  game.o(.rodata.str1.1)
    .bss                                     0x10000000   Section      228  rand.o(.bss)
    .bss                                     0x100000e4   Section       96  libspace.o(.bss)
    RIT_IRQHandler.effectNote                0x10000144   Data           4  irq_rit.o(.bss.RIT_IRQHandler.effectNote)
    [Anonymous Symbol]                       0x10000144   Section        0  irq_rit.o(.bss.RIT_IRQHandler.effectNote)
    TIMER0_IRQHandler.sineticks              0x1000014c   Data           4  irq_timer.o(.bss.TIMER0_IRQHandler.sineticks)
    [Anonymous Symbol]                       0x1000014c   Section        0  irq_timer.o(.bss.TIMER0_IRQHandler.sineticks)
    current                                  0x10000150   Data           4  irq_adc.o(.bss.current)
    [Anonymous Symbol]                       0x10000150   Section        0  irq_adc.o(.bss.current)
    seed                                     0x10000194   Data           4  game.o(.bss.seed)
    [Anonymous Symbol]                       0x10000194   Section        0  game.o(.bss.seed)
    Heap_Mem                                 0x10000198   Data           0  startup_lpc17xx.o(HEAP)
    Stack_Mem                                0x10000198   Data        1024  startup_lpc17xx.o(STACK)
    HEAP                                     0x10000198   Section        0  startup_lpc17xx.o(HEAP)
    STACK                                    0x10000198   Section     1024  startup_lpc17xx.o(STACK)
    __initial_sp                             0x10000598   Data           0  startup_lpc17xx.o(STACK)
    last                                     0x2007c060   Data           4  irq_adc.o(.data.last)
    [Anonymous Symbol]                       0x2007c060   Section        0  irq_adc.o(.data.last)
    RIT_IRQHandler.currentNote               0x2007c258   Data           4  irq_rit.o(.bss.RIT_IRQHandler.currentNote)
    [Anonymous Symbol]                       0x2007c258   Section        0  irq_rit.o(.bss.RIT_IRQHandler.currentNote)
    RIT_IRQHandler.ticks                     0x2007c25c   Data           4  irq_rit.o(.bss.RIT_IRQHandler.ticks)
    [Anonymous Symbol]                       0x2007c25c   Section        0  irq_rit.o(.bss.RIT_IRQHandler.ticks)
    numTicsFromLastUpdate                    0x2007c260   Data           4  game.o(.bss.numTicsFromLastUpdate)
    [Anonymous Symbol]                       0x2007c260   Section        0  game.o(.bss.numTicsFromLastUpdate)

    Global Symbols

    Symbol Name                              Value     Ov Type        Size  Object(Section)

    BuildAttributes$$THM_ISAv4$P$D$K$B$S$PE$A:L22UL41UL21$X:L11$S22US41US21$IEEE1$IW$~IW$USESV6$~STKCKD$USESV7$~SHL$OTIME$ROPI$EBA8$UX$STANDARDLIB$REQ8$PRES8$EABIv2 0x00000000   Number         0  anon$$obj.o ABSOLUTE
    __Vectors                                0x00000000   Data           4  startup_lpc17xx.o(RESET)
    __fp_init_empty                          0x00000000   Number         0  fpinit_empty.o ABSOLUTE
    __ARM_exceptions_init                     - Undefined Weak Reference
    __alloca_initialize                       - Undefined Weak Reference
    __arm_preinit_                            - Undefined Weak Reference
    __arm_relocate_pie_                       - Undefined Weak Reference
    __cpp_initialize__aeabi_                  - Undefined Weak Reference
    __cxa_finalize                            - Undefined Weak Reference
    __rt_locale                               - Undefined Weak Reference
    __sigvec_lookup                           - Undefined Weak Reference
    _atexit_init                              - Undefined Weak Reference
    _call_atexit_fns                          - Undefined Weak Reference
    _clock_init                               - Undefined Weak Reference
    _fp_trap_init                             - Undefined Weak Reference
    _fp_trap_shutdown                         - Undefined Weak Reference
    _get_lc_collate                           - Undefined Weak Reference
    _get_lc_ctype                             - Undefined Weak Reference
    _get_lc_monetary                          - Undefined Weak Reference
    _get_lc_numeric                           - Undefined Weak Reference
    _get_lc_time                              - Undefined Weak Reference
    _getenv_init                              - Undefined Weak Reference
    _handle_redirection                       - Undefined Weak Reference
    _init_alloc                               - Undefined Weak Reference
    _init_user_alloc                          - Undefined Weak Reference
    _initio                                   - Undefined Weak Reference
    _printf_post_padding                      - Undefined Weak Reference
    _printf_pre_padding                       - Undefined Weak Reference
    _printf_truncate_signed                   - Undefined Weak Reference
    _printf_truncate_unsigned                 - Undefined Weak Reference
    _signal_finish                            - Undefined Weak Reference
    _signal_init                              - Undefined Weak Reference
    _terminate_alloc                          - Undefined Weak Reference
    _terminate_user_alloc                     - Undefined Weak Reference
    _terminateio                              - Undefined Weak Reference
    __main                                   0x000000cd   Thumb Code     8  __main.o(!!!main)
    __scatterload                            0x000000d5   Thumb Code     0  __scatter.o(!!!scatter)
    __scatterload_rt2                        0x000000d5   Thumb Code    84  __scatter.o(!!!scatter)
    __scatterload_rt2_thumb_only             0x000000d5   Thumb Code     0  __scatter.o(!!!scatter)
    __scatterload_loop                       0x000000df   Thumb Code     0  __scatter.o(!!!scatter)
    __decompress                             0x00000131   Thumb Code    90  __dczerorl2.o(!!dczerorl2)
    __decompress1                            0x00000131   Thumb Code     0  __dczerorl2.o(!!dczerorl2)
    __scatterload_null                       0x0000018d   Thumb Code     2  __scatter.o(!!handler_null)
    __scatterload_zeroinit                   0x00000191   Thumb Code    28  __scatter_zi.o(!!handler_zi)
    _printf_d                                0x000001ad   Thumb Code     0  _printf_d.o(.ARM.Collect$$_printf_percent$$00000009)
    _printf_percent                          0x000001ad   Thumb Code     0  _printf_percent.o(.ARM.Collect$$_printf_percent$$00000000)
    _printf_percent_end                      0x000001b3   Thumb Code     0  _printf_percent_end.o(.ARM.Collect$$_printf_percent$$00000017)
    __rt_lib_init                            0x000001b7   Thumb Code     0  libinit.o(.ARM.Collect$$libinit$$00000000)
    __rt_lib_init_fp_1                       0x000001b9   Thumb Code     0  libinit2.o(.ARM.Collect$$libinit$$00000002)
    __rt_lib_init_heap_1                     0x000001b9   Thumb Code     0  libinit2.o(.ARM.Collect$$libinit$$0000000C)
    __rt_lib_init_preinit_1                  0x000001b9   Thumb Code     0  libinit2.o(.ARM.Collect$$libinit$$00000006)
    __rt_lib_init_rand_2                     0x000001b9   Thumb Code     0  libinit2.o(.ARM.Collect$$libinit$$0000000F)
    __rt_lib_init_relocate_pie_1             0x000001b9   Thumb Code     0  libinit2.o(.ARM.Collect$$libinit$$00000004)
    __rt_lib_init_user_alloc_1               0x000001b9   Thumb Code     0  libinit2.o(.ARM.Collect$$libinit$$0000000E)
    __rt_lib_init_alloca_1                   0x000001bd   Thumb Code     0  libinit2.o(.ARM.Collect$$libinit$$00000030)
    __rt_lib_init_argv_1                     0x000001bd   Thumb Code     0  libinit2.o(.ARM.Collect$$libinit$$0000002E)
    __rt_lib_init_atexit_1                   0x000001bd   Thumb Code     0  libinit2.o(.ARM.Collect$$libinit$$0000001D)
    __rt_lib_init_clock_1                    0x000001bd   Thumb Code     0  libinit2.o(.ARM.Collect$$libinit$$00000023)
    __rt_lib_init_cpp_1                      0x000001bd   Thumb Code     0  libinit2.o(.ARM.Collect$$libinit$$00000034)
    __rt_lib_init_exceptions_1               0x000001bd   Thumb Code     0  libinit2.o(.ARM.Collect$$libinit$$00000032)
    __rt_lib_init_fp_trap_1                  0x000001bd   Thumb Code     0  libinit2.o(.ARM.Collect$$libinit$$00000021)
    __rt_lib_init_getenv_1                   0x000001bd   Thumb Code     0  libinit2.o(.ARM.Collect$$libinit$$00000025)
    __rt_lib_init_lc_collate_1               0x000001bd   Thumb Code     0  libinit2.o(.ARM.Collect$$libinit$$00000013)
    __rt_lib_init_lc_ctype_1                 0x000001bd   Thumb Code     0  libinit2.o(.ARM.Collect$$libinit$$00000015)
    __rt_lib_init_lc_monetary_1              0x000001bd   Thumb Code     0  libinit2.o(.ARM.Collect$$libinit$$00000017)
    __rt_lib_init_lc_numeric_1               0x000001bd   Thumb Code     0  libinit2.o(.ARM.Collect$$libinit$$00000019)
    __rt_lib_init_lc_time_1                  0x000001bd   Thumb Code     0  libinit2.o(.ARM.Collect$$libinit$$0000001B)
    __rt_lib_init_rand_1                     0x000001bd   Thumb Code     0  libinit2.o(.ARM.Collect$$libinit$$00000010)
    __rt_lib_init_return                     0x000001bd   Thumb Code     0  libinit2.o(.ARM.Collect$$libinit$$00000035)
    __rt_lib_init_signal_1                   0x000001bd   Thumb Code     0  libinit2.o(.ARM.Collect$$libinit$$0000001F)
    __rt_lib_init_stdio_1                    0x000001bd   Thumb Code     0  libinit2.o(.ARM.Collect$$libinit$$00000027)
    __rt_lib_shutdown                        0x000001bf   Thumb Code     0  libshutdown.o(.ARM.Collect$$libshutdown$$00000000)
    __rt_lib_shutdown_cpp_1                  0x000001c1   Thumb Code     0  libshutdown2.o(.ARM.Collect$$libshutdown$$00000002)
    __rt_lib_shutdown_fp_trap_1              0x000001c1   Thumb Code     0  libshutdown2.o(.ARM.Collect$$libshutdown$$00000007)
    __rt_lib_shutdown_heap_1                 0x000001c1   Thumb Code     0  libshutdown2.o(.ARM.Collect$$libshutdown$$0000000F)
    __rt_lib_shutdown_return                 0x000001c1   Thumb Code     0  libshutdown2.o(.ARM.Collect$$libshutdown$$00000010)
    __rt_lib_shutdown_signal_1               0x000001c1   Thumb Code     0  libshutdown2.o(.ARM.Collect$$libshutdown$$0000000A)
    __rt_lib_shutdown_stdio_1                0x000001c1   Thumb Code     0  libshutdown2.o(.ARM.Collect$$libshutdown$$00000004)
    __rt_lib_shutdown_user_alloc_1           0x000001c1   Thumb Code     0  libshutdown2.o(.ARM.Collect$$libshutdown$$0000000C)
    __rt_entry                               0x000001c3   Thumb Code     0  __rtentry.o(.ARM.Collect$$rtentry$$00000000)
    __rt_entry_presh_1                       0x000001c3   Thumb Code     0  __rtentry2.o(.ARM.Collect$$rtentry$$00000002)
    __rt_entry_sh                            0x000001c3   Thumb Code     0  __rtentry4.o(.ARM.Collect$$rtentry$$00000004)
    __rt_entry_li                            0x000001c9   Thumb Code     0  __rtentry2.o(.ARM.Collect$$rtentry$$0000000A)
    __rt_entry_postsh_1                      0x000001c9   Thumb Code     0  __rtentry2.o(.ARM.Collect$$rtentry$$00000009)
    __rt_entry_main                          0x000001cd   Thumb Code     0  __rtentry2.o(.ARM.Collect$$rtentry$$0000000D)
    __rt_entry_postli_1                      0x000001cd   Thumb Code     0  __rtentry2.o(.ARM.Collect$$rtentry$$0000000C)
    __rt_exit                                0x000001d5   Thumb Code     0  rtexit.o(.ARM.Collect$$rtexit$$00000000)
    __rt_exit_ls                             0x000001d7   Thumb Code     0  rtexit2.o(.ARM.Collect$$rtexit$$00000003)
    __rt_exit_prels_1                        0x000001d7   Thumb Code     0  rtexit2.o(.ARM.Collect$$rtexit$$00000002)
    __rt_exit_exit                           0x000001db   Thumb Code     0  rtexit2.o(.ARM.Collect$$rtexit$$00000004)
    rand                                     0x000001e1   Thumb Code    48  rand.o(.emb_text)
    Reset_Handler                            0x00000215   Thumb Code     4  startup_lpc17xx.o(.text)
    NMI_Handler                              0x00000219   Thumb Code     2  startup_lpc17xx.o(.text)
    HardFault_Handler                        0x0000021b   Thumb Code     2  startup_lpc17xx.o(.text)
    MemManage_Handler                        0x0000021d   Thumb Code     2  startup_lpc17xx.o(.text)
    BusFault_Handler                         0x0000021f   Thumb Code     2  startup_lpc17xx.o(.text)
    UsageFault_Handler                       0x00000221   Thumb Code     2  startup_lpc17xx.o(.text)
    SVC_Handler                              0x00000223   Thumb Code     2  startup_lpc17xx.o(.text)
    DebugMon_Handler                         0x00000225   Thumb Code     2  startup_lpc17xx.o(.text)
    PendSV_Handler                           0x00000227   Thumb Code     2  startup_lpc17xx.o(.text)
    SysTick_Handler                          0x00000229   Thumb Code     2  startup_lpc17xx.o(.text)
    BOD_IRQHandler                           0x0000022b   Thumb Code     0  startup_lpc17xx.o(.text)
    CANActivity_IRQHandler                   0x0000022b   Thumb Code     0  startup_lpc17xx.o(.text)
    CAN_IRQHandler                           0x0000022b   Thumb Code     0  startup_lpc17xx.o(.text)
    DMA_IRQHandler                           0x0000022b   Thumb Code     0  startup_lpc17xx.o(.text)
    EINT3_IRQHandler                         0x0000022b   Thumb Code     0  startup_lpc17xx.o(.text)
    ENET_IRQHandler                          0x0000022b   Thumb Code     0  startup_lpc17xx.o(.text)
    I2C0_IRQHandler                          0x0000022b   Thumb Code     0  startup_lpc17xx.o(.text)
    I2C1_IRQHandler                          0x0000022b   Thumb Code     0  startup_lpc17xx.o(.text)
    I2C2_IRQHandler                          0x0000022b   Thumb Code     0  startup_lpc17xx.o(.text)
    I2S_IRQHandler                           0x0000022b   Thumb Code     0  startup_lpc17xx.o(.text)
    MCPWM_IRQHandler                         0x0000022b   Thumb Code     0  startup_lpc17xx.o(.text)
    PLL0_IRQHandler                          0x0000022b   Thumb Code     0  startup_lpc17xx.o(.text)
    PLL1_IRQHandler                          0x0000022b   Thumb Code     0  startup_lpc17xx.o(.text)
    PWM1_IRQHandler                          0x0000022b   Thumb Code     0  startup_lpc17xx.o(.text)
    QEI_IRQHandler                           0x0000022b   Thumb Code     0  startup_lpc17xx.o(.text)
    RTC_IRQHandler                           0x0000022b   Thumb Code     0  startup_lpc17xx.o(.text)
    SPI_IRQHandler                           0x0000022b   Thumb Code     0  startup_lpc17xx.o(.text)
    SSP0_IRQHandler                          0x0000022b   Thumb Code     0  startup_lpc17xx.o(.text)
    SSP1_IRQHandler                          0x0000022b   Thumb Code     0  startup_lpc17xx.o(.text)
    UART0_IRQHandler                         0x0000022b   Thumb Code     0  startup_lpc17xx.o(.text)
    UART1_IRQHandler                         0x0000022b   Thumb Code     0  startup_lpc17xx.o(.text)
    UART2_IRQHandler                         0x0000022b   Thumb Code     0  startup_lpc17xx.o(.text)
    UART3_IRQHandler                         0x0000022b   Thumb Code     0  startup_lpc17xx.o(.text)
    USBActivity_IRQHandler                   0x0000022b   Thumb Code     0  startup_lpc17xx.o(.text)
    USB_IRQHandler                           0x0000022b   Thumb Code     0  startup_lpc17xx.o(.text)
    WDT_IRQHandler                           0x0000022b   Thumb Code     0  startup_lpc17xx.o(.text)
    __user_initial_stackheap                 0x0000022d   Thumb Code     0  startup_lpc17xx.o(.text)
    GetASCIICode                             0x00000249   Thumb Code    42  asciilib.o(.text)
    EINT0_IRQHandler                         0x00000275   Thumb Code    18  irq_button.o(.text)
    EINT1_IRQHandler                         0x00000289   Thumb Code    24  irq_button.o(.text)
    EINT2_IRQHandler                         0x000002a1   Thumb Code    24  irq_button.o(.text)
    __2sprintf                               0x000002b9   Thumb Code    34  noretval__2sprintf.o(.text)
    __use_two_region_memory                  0x000002e1   Thumb Code     2  heapauxi.o(.text)
    __rt_heap_escrow$2region                 0x000002e3   Thumb Code     2  heapauxi.o(.text)
    __rt_heap_expand$2region                 0x000002e5   Thumb Code     2  heapauxi.o(.text)
    _sputc                                   0x000002e7   Thumb Code    10  _sputc.o(.text)
    __user_libspace                          0x000002f1   Thumb Code     8  libspace.o(.text)
    __user_perproc_libspace                  0x000002f1   Thumb Code     0  libspace.o(.text)
    __user_perthread_libspace                0x000002f1   Thumb Code     0  libspace.o(.text)
    __I$use$semihosting                      0x000002f9   Thumb Code     0  use_no_semi.o(.text)
    __use_no_semihosting_swi                 0x000002f9   Thumb Code     2  use_no_semi.o(.text)
    __I$use$fp                               0x000002fa   Number         0  usenofp.o(x$fpl$usenofp)
    __semihosting_library_function           0x000002fb   Thumb Code     0  indicate_semi.o(.text)
    joystick_init                            0x00000301   Thumb Code    34  sample.o(.text)
    main                                     0x00000325   Thumb Code   190  sample.o(.text)
    SystemInit                               0x000003e5   Thumb Code   320  system_lpc17xx.o(.text)
    LCD_Initialization                       0x00000535   Thumb Code  4466  glcd.o(.text)
    LCD_Clear                                0x000016a9   Thumb Code   292  glcd.o(.text)
    LCD_GetPoint                             0x000017cd   Thumb Code   356  glcd.o(.text)
    LCD_SetPoint                             0x00001931   Thumb Code   322  glcd.o(.text)
    LCD_DrawLine                             0x00001a75   Thumb Code   224  glcd.o(.text)
    PutChar                                  0x00001b55   Thumb Code   102  glcd.o(.text)
    GUI_Text                                 0x00001bbd   Thumb Code   156  glcd.o(.text)
    update                                   0x00001c59   Thumb Code  2056  game.o(.text)
    displayTetromino                         0x00002461   Thumb Code   152  game.o(.text)
    moveSideCurrentTetromino                 0x000024f9   Thumb Code   360  game.o(.text)
    getPoints                                0x00002661   Thumb Code    20  game.o(.text)
    drawBlock                                0x00002675   Thumb Code    82  game.o(.text)
    drawRect                                 0x000026c9   Thumb Code    80  game.o(.text)
    drawScore                                0x00002719   Thumb Code   224  game.o(.text)
    redrawBoard                              0x00002811   Thumb Code   172  game.o(.text)
    initGame                                 0x000028bd   Thumb Code   448  game.o(.text)
    displayGame                              0x00002a7d   Thumb Code   142  game.o(.text)
    resetGame                                0x00002b0d   Thumb Code   456  game.o(.text)
    endGame                                  0x00002cd5   Thumb Code    44  game.o(.text)
    generateTetromino                        0x00002d01   Thumb Code   128  game.o(.text)
    moveDownCurrentTetromino                 0x00002e0d   Thumb Code   152  game.o(.text)
    rotateCurrentTetromino                   0x00002ea5   Thumb Code  1182  game.o(.text)
    cloneBoard                               0x00003345   Thumb Code    28  game.o(.text)
    deleteRows                               0x00003361   Thumb Code   320  game.o(.text)
    slowDown                                 0x000034a1   Thumb Code    20  game.o(.text)
    clearLines                               0x000034b5   Thumb Code   158  game.o(.text)
    togglePause                              0x00003555   Thumb Code    30  game.o(.text)
    adjustPause                              0x00003575   Thumb Code    32  game.o(.text)
    setHardDrop                              0x00003595   Thumb Code    14  game.o(.text)
    updateSpeed                              0x000035a5   Thumb Code    12  game.o(.text)
    spawnPowerUp                             0x000035b1   Thumb Code   180  game.o(.text)
    spawnMalus                               0x00003665   Thumb Code   100  game.o(.text)
    malusEndsGame                            0x000036c9   Thumb Code    38  game.o(.text)
    getJoystickAction                        0x000036f1   Thumb Code    62  game.o(.text)
    BUTTON_init                              0x00003731   Thumb Code   124  lib_button.o(.text)
    ADC_IRQHandler                           0x000037ad   Thumb Code   110  irq_adc.o(.text)
    ADC_init                                 0x0000381d   Thumb Code    72  lib_adc.o(.text)
    ADC_start_conversion                     0x00003865   Thumb Code    18  lib_adc.o(.text)
    playNote                                 0x00003879   Thumb Code    52  music.o(.text)
    isNotePlaying                            0x000038ad   Thumb Code    36  music.o(.text)
    playEffect                               0x000038d1   Thumb Code    14  music.o(.text)
    TIMER0_IRQHandler                        0x000038e1   Thumb Code    58  irq_timer.o(.text)
    TIMER1_IRQHandler                        0x0000391d   Thumb Code    22  irq_timer.o(.text)
    TIMER2_IRQHandler                        0x00003935   Thumb Code    18  irq_timer.o(.text)
    TIMER3_IRQHandler                        0x00003949   Thumb Code    20  irq_timer.o(.text)
    enable_timer                             0x0000395d   Thumb Code    44  lib_timer.o(.text)
    disable_timer                            0x00003989   Thumb Code    56  lib_timer.o(.text)
    reset_timer                              0x000039c1   Thumb Code    48  lib_timer.o(.text)
    init_timer                               0x000039f1   Thumb Code   174  lib_timer.o(.text)
    enable_RIT                               0x00003aa1   Thumb Code    16  lib_rit.o(.text)
    disable_RIT                              0x00003ab1   Thumb Code    16  lib_rit.o(.text)
    reset_RIT                                0x00003ac1   Thumb Code    12  lib_rit.o(.text)
    init_RIT                                 0x00003acd   Thumb Code    84  lib_rit.o(.text)
    RIT_IRQHandler                           0x00003b21   Thumb Code   170  irq_rit.o(.text)
    __printf                                 0x00003bcb   Thumb Code   104  __printf.o(.text)
    _printf_int_dec                          0x00003c35   Thumb Code   104  _printf_dec.o(.text)
    srand                                    0x00003cad   Thumb Code    42  rand.o(.text)
    _rand_init                               0x00003cd7   Thumb Code     4  rand.o(.text)
    __aeabi_memcpy4                          0x00003ce9   Thumb Code     0  rt_memcpy_w.o(.text)
    __aeabi_memcpy8                          0x00003ce9   Thumb Code     0  rt_memcpy_w.o(.text)
    __rt_memcpy_w                            0x00003ce9   Thumb Code   100  rt_memcpy_w.o(.text)
    _memcpy_lastbytes_aligned                0x00003d31   Thumb Code     0  rt_memcpy_w.o(.text)
    __aeabi_memmove4                         0x00003d4d   Thumb Code     0  rt_memmove_w.o(.text)
    __aeabi_memmove8                         0x00003d4d   Thumb Code     0  rt_memmove_w.o(.text)
    __rt_memmove_w                           0x00003d4d   Thumb Code   122  rt_memmove_w.o(.text)
    __memmove_aligned                        0x00003d73   Thumb Code     0  rt_memmove_w.o(.text)
    __memmove_lastfew_aligned                0x00003dab   Thumb Code     0  rt_memmove_w.o(.text)
    __aeabi_memclr4                          0x00003dc7   Thumb Code     0  rt_memclr_w.o(.text)
    __aeabi_memclr8                          0x00003dc7   Thumb Code     0  rt_memclr_w.o(.text)
    __rt_memclr_w                            0x00003dc7   Thumb Code     0  rt_memclr_w.o(.text)
    _memset_w                                0x00003dcb   Thumb Code    74  rt_memclr_w.o(.text)
    _printf_int_common                       0x00003e15   Thumb Code   178  _printf_intcommon.o(.text)
    _printf_char_common                      0x00003ed3   Thumb Code    32  _printf_char_common.o(.text)
    __user_setup_stackheap                   0x00003ef9   Thumb Code    74  sys_stackheap_outer.o(.text)
    exit                                     0x00003f43   Thumb Code    18  exit.o(.text)
    _sys_exit                                0x00003f55   Thumb Code     8  sys_exit.o(.text)
    __aeabi_fadd                             0x00003f61   Thumb Code     0  faddsub_clz.o(x$fpl$fadd)
    _fadd                                    0x00003f61   Thumb Code   196  faddsub_clz.o(x$fpl$fadd)
    __aeabi_fcmpeq                           0x00004025   Thumb Code     0  fcmp.o(x$fpl$fcmp)
    _feq                                     0x00004025   Thumb Code    14  fcmp.o(x$fpl$fcmp)
    _fneq                                    0x00004033   Thumb Code    14  fcmp.o(x$fpl$fcmp)
    __aeabi_fcmpgt                           0x00004041   Thumb Code     0  fcmp.o(x$fpl$fcmp)
    _fgr                                     0x00004041   Thumb Code    14  fcmp.o(x$fpl$fcmp)
    __aeabi_fcmpge                           0x0000404f   Thumb Code     0  fcmp.o(x$fpl$fcmp)
    _fgeq                                    0x0000404f   Thumb Code    14  fcmp.o(x$fpl$fcmp)
    __aeabi_fcmple                           0x0000405d   Thumb Code     0  fcmp.o(x$fpl$fcmp)
    _fleq                                    0x0000405d   Thumb Code    14  fcmp.o(x$fpl$fcmp)
    __aeabi_fcmplt                           0x0000406b   Thumb Code     0  fcmp.o(x$fpl$fcmp)
    _fls                                     0x0000406b   Thumb Code    14  fcmp.o(x$fpl$fcmp)
    __fpl_fcmp_Inf                           0x00004079   Thumb Code    24  fcmpi.o(x$fpl$fcmpinf)
    __aeabi_fdiv                             0x00004091   Thumb Code     0  fdiv.o(x$fpl$fdiv)
    _fdiv                                    0x00004091   Thumb Code   384  fdiv.o(x$fpl$fdiv)
    __aeabi_cfcmpeq                          0x00004215   Thumb Code     0  feqf.o(x$fpl$feqf)
    _fcmpeq                                  0x00004215   Thumb Code   104  feqf.o(x$fpl$feqf)
    __aeabi_i2f                              0x0000427d   Thumb Code     0  fflt_clz.o(x$fpl$fflt)
    _fflt                                    0x0000427d   Thumb Code    48  fflt_clz.o(x$fpl$fflt)
    __aeabi_ui2f                             0x000042ad   Thumb Code     0  fflt_clz.o(x$fpl$ffltu)
    _ffltu                                   0x000042ad   Thumb Code    38  fflt_clz.o(x$fpl$ffltu)
    _fcmpge                                  0x000042d5   Thumb Code   104  fgeqf.o(x$fpl$fgeqf)
    __aeabi_cfcmple                          0x0000433d   Thumb Code     0  fleqf.o(x$fpl$fleqf)
    _fcmple                                  0x0000433d   Thumb Code   104  fleqf.o(x$fpl$fleqf)
    __fpl_fcmple_InfNaN                      0x0000438f   Thumb Code     0  fleqf.o(x$fpl$fleqf)
    __aeabi_fmul                             0x000043a5   Thumb Code     0  fmul.o(x$fpl$fmul)
    _fmul                                    0x000043a5   Thumb Code   258  fmul.o(x$fpl$fmul)
    __fpl_fnaninf                            0x000044a7   Thumb Code   140  fnaninf.o(x$fpl$fnaninf)
    __fpl_fretinf                            0x00004533   Thumb Code    10  fretinf.o(x$fpl$fretinf)
    __aeabi_fsub                             0x0000453d   Thumb Code     0  faddsub_clz.o(x$fpl$fsub)
    _fsub                                    0x0000453d   Thumb Code   234  faddsub_clz.o(x$fpl$fsub)
    BLOCK_DROP_EFFECT                        0x00004cb0   Data           8  music.o(.rodata.BLOCK_DROP_EFFECT)
    GAME_OVER_EFFECT                         0x00004cb8   Data           8  music.o(.rodata.GAME_OVER_EFFECT)
    LINE_CLEAR_EFFECT                        0x00004cc0   Data           8  music.o(.rodata.LINE_CLEAR_EFFECT)
    NO_EFFECT                                0x00004cc8   Data           8  music.o(.rodata.NO_EFFECT)
    TETRIS_MUSIC                             0x00004cd0   Data           8  music.o(.rodata.TETRIS_MUSIC)
    block_drop_effect                        0x00004cd8   Data          64  music.o(.rodata.block_drop_effect)
    game_over_effect                         0x00004d18   Data          72  music.o(.rodata.game_over_effect)
    line_clear_effect                        0x00004d60   Data          64  music.o(.rodata.line_clear_effect)
    Region$$Table$$Base                      0x00004da4   Number         0  anon$$obj.o(Region$$Table)
    Region$$Table$$Limit                     0x00004dd4   Number         0  anon$$obj.o(Region$$Table)
    _random_number_data                      0x10000000   Data         228  rand.o(.bss)
    __libspace_start                         0x100000e4   Data          96  libspace.o(.bss)
    __temporary_stack_top$libspace           0x10000144   Data           0  libspace.o(.bss)
    ScaleFlag                                0x10000148   Data           1  system_lpc17xx.o(.bss.ScaleFlag)
    currentTetromino                         0x10000154   Data          36  game.o(.bss.currentTetromino)
    flags                                    0x10000178   Data          28  game.o(.bss.flags)
    SinTable                                 0x2007c000   Data          90  irq_timer.o(.data.SinTable)
    SystemFrequency                          0x2007c05c   Data           4  system_lpc17xx.o(.data.SystemFrequency)
    marginSize                               0x2007c064   Data           4  game.o(.data.marginSize)
    tetris_song                              0x2007c068   Data         496  music.o(.data.tetris_song)
    playingEffect                            0x2007c264   Data           8  music.o(.bss.playingEffect)
    scores                                   0x2007c26c   Data          12  game.o(.bss.scores)
    tetrisBoard                              0x2007c278   Data         400  game.o(.bss.tetrisBoard)
    tetrisBoardClone                         0x2007c408   Data         400  game.o(.bss.tetrisBoardClone)



==============================================================================

Memory Map of the image

  Image Entry point : 0x000000cd

  Load Region LR_IROM1 (Base: 0x00000000, Size: 0x0000502c, Max: 0x00080000, ABSOLUTE, COMPRESSED[0x00004e9c])

    Execution Region ER_IROM1 (Exec base: 0x00000000, Load base: 0x00000000, Size: 0x00004dd4, Max: 0x00080000, ABSOLUTE)

    Exec Addr    Load Addr    Size         Type   Attr      Idx    E Section Name        Object

    0x00000000   0x00000000   0x000000cc   Data   RO            3    RESET               startup_lpc17xx.o
    0x000000cc   0x000000cc   0x00000008   Code   RO          215  * !!!main             c_w.l(__main.o)
    0x000000d4   0x000000d4   0x0000005c   Code   RO          424    !!!scatter          c_w.l(__scatter.o)
    0x00000130   0x00000130   0x0000005a   Code   RO          422    !!dczerorl2         c_w.l(__dczerorl2.o)
    0x0000018a   0x0000018a   0x00000002   PAD
    0x0000018c   0x0000018c   0x00000002   Code   RO          425    !!handler_null      c_w.l(__scatter.o)
    0x0000018e   0x0000018e   0x00000002   PAD
    0x00000190   0x00000190   0x0000001c   Code   RO          428    !!handler_zi        c_w.l(__scatter_zi.o)
    0x000001ac   0x000001ac   0x00000000   Code   RO          199    .ARM.Collect$$_printf_percent$$00000000  c_w.l(_printf_percent.o)
    0x000001ac   0x000001ac   0x00000006   Code   RO          198    .ARM.Collect$$_printf_percent$$00000009  c_w.l(_printf_d.o)
    0x000001b2   0x000001b2   0x00000004   Code   RO          244    .ARM.Collect$$_printf_percent$$00000017  c_w.l(_printf_percent_end.o)
    0x000001b6   0x000001b6   0x00000002   Code   RO          339    .ARM.Collect$$libinit$$00000000  c_w.l(libinit.o)
    0x000001b8   0x000001b8   0x00000000   Code   RO          246    .ARM.Collect$$libinit$$00000002  c_w.l(libinit2.o)
    0x000001b8   0x000001b8   0x00000000   Code   RO          248    .ARM.Collect$$libinit$$00000004  c_w.l(libinit2.o)
    0x000001b8   0x000001b8   0x00000000   Code   RO          250    .ARM.Collect$$libinit$$00000006  c_w.l(libinit2.o)
    0x000001b8   0x000001b8   0x00000000   Code   RO          253    .ARM.Collect$$libinit$$0000000C  c_w.l(libinit2.o)
    0x000001b8   0x000001b8   0x00000000   Code   RO          255    .ARM.Collect$$libinit$$0000000E  c_w.l(libinit2.o)
    0x000001b8   0x000001b8   0x00000004   Code   RO          256    .ARM.Collect$$libinit$$0000000F  c_w.l(libinit2.o)
    0x000001bc   0x000001bc   0x00000000   Code   RO          257    .ARM.Collect$$libinit$$00000010  c_w.l(libinit2.o)
    0x000001bc   0x000001bc   0x00000000   Code   RO          260    .ARM.Collect$$libinit$$00000013  c_w.l(libinit2.o)
    0x000001bc   0x000001bc   0x00000000   Code   RO          262    .ARM.Collect$$libinit$$00000015  c_w.l(libinit2.o)
    0x000001bc   0x000001bc   0x00000000   Code   RO          264    .ARM.Collect$$libinit$$00000017  c_w.l(libinit2.o)
    0x000001bc   0x000001bc   0x00000000   Code   RO          266    .ARM.Collect$$libinit$$00000019  c_w.l(libinit2.o)
    0x000001bc   0x000001bc   0x00000000   Code   RO          268    .ARM.Collect$$libinit$$0000001B  c_w.l(libinit2.o)
    0x000001bc   0x000001bc   0x00000000   Code   RO          270    .ARM.Collect$$libinit$$0000001D  c_w.l(libinit2.o)
    0x000001bc   0x000001bc   0x00000000   Code   RO          272    .ARM.Collect$$libinit$$0000001F  c_w.l(libinit2.o)
    0x000001bc   0x000001bc   0x00000000   Code   RO          274    .ARM.Collect$$libinit$$00000021  c_w.l(libinit2.o)
    0x000001bc   0x000001bc   0x00000000   Code   RO          276    .ARM.Collect$$libinit$$00000023  c_w.l(libinit2.o)
    0x000001bc   0x000001bc   0x00000000   Code   RO          278    .ARM.Collect$$libinit$$00000025  c_w.l(libinit2.o)
    0x000001bc   0x000001bc   0x00000000   Code   RO          280    .ARM.Collect$$libinit$$00000027  c_w.l(libinit2.o)
    0x000001bc   0x000001bc   0x00000000   Code   RO          284    .ARM.Collect$$libinit$$0000002E  c_w.l(libinit2.o)
    0x000001bc   0x000001bc   0x00000000   Code   RO          286    .ARM.Collect$$libinit$$00000030  c_w.l(libinit2.o)
    0x000001bc   0x000001bc   0x00000000   Code   RO          288    .ARM.Collect$$libinit$$00000032  c_w.l(libinit2.o)
    0x000001bc   0x000001bc   0x00000000   Code   RO          290    .ARM.Collect$$libinit$$00000034  c_w.l(libinit2.o)
    0x000001bc   0x000001bc   0x00000002   Code   RO          291    .ARM.Collect$$libinit$$00000035  c_w.l(libinit2.o)
    0x000001be   0x000001be   0x00000002   Code   RO          381    .ARM.Collect$$libshutdown$$00000000  c_w.l(libshutdown.o)
    0x000001c0   0x000001c0   0x00000000   Code   RO          389    .ARM.Collect$$libshutdown$$00000002  c_w.l(libshutdown2.o)
    0x000001c0   0x000001c0   0x00000000   Code   RO          391    .ARM.Collect$$libshutdown$$00000004  c_w.l(libshutdown2.o)
    0x000001c0   0x000001c0   0x00000000   Code   RO          394    .ARM.Collect$$libshutdown$$00000007  c_w.l(libshutdown2.o)
    0x000001c0   0x000001c0   0x00000000   Code   RO          397    .ARM.Collect$$libshutdown$$0000000A  c_w.l(libshutdown2.o)
    0x000001c0   0x000001c0   0x00000000   Code   RO          399    .ARM.Collect$$libshutdown$$0000000C  c_w.l(libshutdown2.o)
    0x000001c0   0x000001c0   0x00000000   Code   RO          402    .ARM.Collect$$libshutdown$$0000000F  c_w.l(libshutdown2.o)
    0x000001c0   0x000001c0   0x00000002   Code   RO          403    .ARM.Collect$$libshutdown$$00000010  c_w.l(libshutdown2.o)
    0x000001c2   0x000001c2   0x00000000   Code   RO          237    .ARM.Collect$$rtentry$$00000000  c_w.l(__rtentry.o)
    0x000001c2   0x000001c2   0x00000000   Code   RO          304    .ARM.Collect$$rtentry$$00000002  c_w.l(__rtentry2.o)
    0x000001c2   0x000001c2   0x00000006   Code   RO          316    .ARM.Collect$$rtentry$$00000004  c_w.l(__rtentry4.o)
    0x000001c8   0x000001c8   0x00000000   Code   RO          306    .ARM.Collect$$rtentry$$00000009  c_w.l(__rtentry2.o)
    0x000001c8   0x000001c8   0x00000004   Code   RO          307    .ARM.Collect$$rtentry$$0000000A  c_w.l(__rtentry2.o)
    0x000001cc   0x000001cc   0x00000000   Code   RO          309    .ARM.Collect$$rtentry$$0000000C  c_w.l(__rtentry2.o)
    0x000001cc   0x000001cc   0x00000008   Code   RO          310    .ARM.Collect$$rtentry$$0000000D  c_w.l(__rtentry2.o)
    0x000001d4   0x000001d4   0x00000002   Code   RO          347    .ARM.Collect$$rtexit$$00000000  c_w.l(rtexit.o)
    0x000001d6   0x000001d6   0x00000000   Code   RO          359    .ARM.Collect$$rtexit$$00000002  c_w.l(rtexit2.o)
    0x000001d6   0x000001d6   0x00000004   Code   RO          360    .ARM.Collect$$rtexit$$00000003  c_w.l(rtexit2.o)
    0x000001da   0x000001da   0x00000006   Code   RO          361    .ARM.Collect$$rtexit$$00000004  c_w.l(rtexit2.o)
    0x000001e0   0x000001e0   0x00000034   Code   RO          200    .emb_text           c_w.l(rand.o)
    0x00000214   0x00000214   0x00000034   Code   RO            5    .text               startup_lpc17xx.o
    0x00000248   0x00000248   0x0000002a   Code   RO           31    .text               asciilib.o
    0x00000272   0x00000272   0x00000002   PAD
    0x00000274   0x00000274   0x00000044   Code   RO           85    .text               irq_button.o
    0x000002b8   0x000002b8   0x00000028   Code   RO          172    .text               c_w.l(noretval__2sprintf.o)
    0x000002e0   0x000002e0   0x00000006   Code   RO          213    .text               c_w.l(heapauxi.o)
    0x000002e6   0x000002e6   0x0000000a   Code   RO          242    .text               c_w.l(_sputc.o)
    0x000002f0   0x000002f0   0x00000008   Code   RO          344    .text               c_w.l(libspace.o)
    0x000002f8   0x000002f8   0x00000002   Code   RO          355    .text               c_w.l(use_no_semi.o)
    0x000002fa   0x000002fa   0x00000000   Code   RO          357    .text               c_w.l(indicate_semi.o)
    0x000002fa   0x000002fa   0x00000000   Code   RO          302    x$fpl$usenofp       fz_ws.l(usenofp.o)
    0x000002fa   0x000002fa   0x00000002   PAD
    0x000002fc   0x000002fc   0x00000004   Code   RO            4    .ARM.__at_0x02FC    startup_lpc17xx.o
    0x00000300   0x00000300   0x000000e2   Code   RO           13    .text               sample.o
    0x000003e2   0x000003e2   0x00000002   PAD
    0x000003e4   0x000003e4   0x00000150   Code   RO           21    .text               system_lpc17xx.o
    0x00000534   0x00000534   0x00001724   Code   RO           40    .text               glcd.o
    0x00001c58   0x00001c58   0x00001ad6   Code   RO           58    .text               game.o
    0x0000372e   0x0000372e   0x00000002   PAD
    0x00003730   0x00003730   0x0000007c   Code   RO           92    .text               lib_button.o
    0x000037ac   0x000037ac   0x0000006e   Code   RO           99    .text               irq_adc.o
    0x0000381a   0x0000381a   0x00000002   PAD
    0x0000381c   0x0000381c   0x0000005a   Code   RO          108    .text               lib_adc.o
    0x00003876   0x00003876   0x00000002   PAD
    0x00003878   0x00003878   0x00000066   Code   RO          115    .text               music.o
    0x000038de   0x000038de   0x00000002   PAD
    0x000038e0   0x000038e0   0x0000007c   Code   RO          133    .text               irq_timer.o
    0x0000395c   0x0000395c   0x00000142   Code   RO          142    .text               lib_timer.o
    0x00003a9e   0x00003a9e   0x00000002   PAD
    0x00003aa0   0x00003aa0   0x00000080   Code   RO          150    .text               lib_rit.o
    0x00003b20   0x00003b20   0x000000aa   Code   RO          158    .text               irq_rit.o
    0x00003bca   0x00003bca   0x00000068   Code   RO          174    .text               c_w.l(__printf.o)
    0x00003c32   0x00003c32   0x00000002   PAD
    0x00003c34   0x00003c34   0x00000078   Code   RO          176    .text               c_w.l(_printf_dec.o)
    0x00003cac   0x00003cac   0x0000003c   Code   RO          201    .text               c_w.l(rand.o)
    0x00003ce8   0x00003ce8   0x00000064   Code   RO          207    .text               c_w.l(rt_memcpy_w.o)
    0x00003d4c   0x00003d4c   0x0000007a   Code   RO          209    .text               c_w.l(rt_memmove_w.o)
    0x00003dc6   0x00003dc6   0x0000004e   Code   RO          211    .text               c_w.l(rt_memclr_w.o)
    0x00003e14   0x00003e14   0x000000b2   Code   RO          238    .text               c_w.l(_printf_intcommon.o)
    0x00003ec6   0x00003ec6   0x00000002   PAD
    0x00003ec8   0x00003ec8   0x00000030   Code   RO          240    .text               c_w.l(_printf_char_common.o)
    0x00003ef8   0x00003ef8   0x0000004a   Code   RO          326    .text               c_w.l(sys_stackheap_outer.o)
    0x00003f42   0x00003f42   0x00000012   Code   RO          328    .text               c_w.l(exit.o)
    0x00003f54   0x00003f54   0x0000000c   Code   RO          371    .text               c_w.l(sys_exit.o)
    0x00003f60   0x00003f60   0x000000c4   Code   RO          217    x$fpl$fadd          fz_ws.l(faddsub_clz.o)
    0x00004024   0x00004024   0x00000054   Code   RO          223    x$fpl$fcmp          fz_ws.l(fcmp.o)
    0x00004078   0x00004078   0x00000018   Code   RO          322    x$fpl$fcmpinf       fz_ws.l(fcmpi.o)
    0x00004090   0x00004090   0x00000184   Code   RO          226    x$fpl$fdiv          fz_ws.l(fdiv.o)
    0x00004214   0x00004214   0x00000068   Code   RO          292    x$fpl$feqf          fz_ws.l(feqf.o)
    0x0000427c   0x0000427c   0x00000030   Code   RO          230    x$fpl$fflt          fz_ws.l(fflt_clz.o)
    0x000042ac   0x000042ac   0x00000026   Code   RO          229    x$fpl$ffltu         fz_ws.l(fflt_clz.o)
    0x000042d2   0x000042d2   0x00000002   PAD
    0x000042d4   0x000042d4   0x00000068   Code   RO          294    x$fpl$fgeqf         fz_ws.l(fgeqf.o)
    0x0000433c   0x0000433c   0x00000068   Code   RO          296    x$fpl$fleqf         fz_ws.l(fleqf.o)
    0x000043a4   0x000043a4   0x00000102   Code   RO          235    x$fpl$fmul          fz_ws.l(fmul.o)
    0x000044a6   0x000044a6   0x0000008c   Code   RO          298    x$fpl$fnaninf       fz_ws.l(fnaninf.o)
    0x00004532   0x00004532   0x0000000a   Code   RO          300    x$fpl$fretinf       fz_ws.l(fretinf.o)
    0x0000453c   0x0000453c   0x000000ea   Code   RO          219    x$fpl$fsub          fz_ws.l(faddsub_clz.o)
    0x00004626   0x00004626   0x00000002   PAD
    0x00004628   0x00004628   0x0000001c   Data   RO           76    .rodata..Lswitch.table.generateTetromino.21  game.o
    0x00004644   0x00004644   0x0000000e   Data   RO           77    .rodata..Lswitch.table.generateTetromino.22  game.o
    0x00004652   0x00004652   0x0000000c   Data   RO           71    .rodata..Lswitch.table.resetGame  game.o
    0x0000465e   0x0000465e   0x00000002   PAD
    0x00004660   0x00004660   0x00000018   Data   RO           72    .rodata..Lswitch.table.resetGame.12  game.o
    0x00004678   0x00004678   0x00000018   Data   RO           73    .rodata..Lswitch.table.resetGame.13  game.o
    0x00004690   0x00004690   0x00000018   Data   RO           74    .rodata..Lswitch.table.resetGame.14  game.o
    0x000046a8   0x000046a8   0x00000018   Data   RO           75    .rodata..Lswitch.table.resetGame.15  game.o
    0x000046c0   0x000046c0   0x000005f0   Data   RO           33    .rodata.AsciiLib    asciilib.o
    0x00004cb0   0x00004cb0   0x00000008   Data   RO          122    .rodata.BLOCK_DROP_EFFECT  music.o
    0x00004cb8   0x00004cb8   0x00000008   Data   RO          124    .rodata.GAME_OVER_EFFECT  music.o
    0x00004cc0   0x00004cc0   0x00000008   Data   RO          123    .rodata.LINE_CLEAR_EFFECT  music.o
    0x00004cc8   0x00004cc8   0x00000008   Data   RO          121    .rodata.NO_EFFECT   music.o
    0x00004cd0   0x00004cd0   0x00000008   Data   RO          125    .rodata.TETRIS_MUSIC  music.o
    0x00004cd8   0x00004cd8   0x00000040   Data   RO          118    .rodata.block_drop_effect  music.o
    0x00004d18   0x00004d18   0x00000048   Data   RO          120    .rodata.game_over_effect  music.o
    0x00004d60   0x00004d60   0x00000040   Data   RO          119    .rodata.line_clear_effect  music.o
    0x00004da0   0x00004da0   0x00000003   Data   RO           69    .rodata.str1.1      game.o
    0x00004da3   0x00004da3   0x00000001   PAD
    0x00004da4   0x00004da4   0x00000030   Data   RO          421    Region$$Table       anon$$obj.o


    Execution Region RW_IRAM1 (Exec base: 0x10000000, Load base: 0x00004dd4, Size: 0x00000598, Max: 0x00008000, ABSOLUTE)

    Exec Addr    Load Addr    Size         Type   Attr      Idx    E Section Name        Object

    0x10000000        -       0x000000e4   Zero   RW          202    .bss                c_w.l(rand.o)
    0x100000e4        -       0x00000060   Zero   RW          345    .bss                c_w.l(libspace.o)
    0x10000144        -       0x00000004   Zero   RW          161    .bss.RIT_IRQHandler.effectNote  irq_rit.o
    0x10000148        -       0x00000001   Zero   RW           24    .bss.ScaleFlag      system_lpc17xx.o
    0x10000149   0x00004dd4   0x00000003   PAD
    0x1000014c        -       0x00000004   Zero   RW          136    .bss.TIMER0_IRQHandler.sineticks  irq_timer.o
    0x10000150        -       0x00000004   Zero   RW          101    .bss.current        irq_adc.o
    0x10000154        -       0x00000024   Zero   RW           68    .bss.currentTetromino  game.o
    0x10000178        -       0x0000001c   Zero   RW           61    .bss.flags          game.o
    0x10000194        -       0x00000004   Zero   RW           66    .bss.seed           game.o
    0x10000198        -       0x00000000   Zero   RW            2    HEAP                startup_lpc17xx.o
    0x10000198        -       0x00000400   Zero   RW            1    STACK               startup_lpc17xx.o


    Execution Region RW_IRAM2 (Exec base: 0x2007c000, Load base: 0x00004dd4, Size: 0x00000598, Max: 0x00008000, ABSOLUTE, COMPRESSED[0x000000c8])

    Exec Addr    Load Addr    Size         Type   Attr      Idx    E Section Name        Object

    0x2007c000   COMPRESSED   0x0000005a   Data   RW          135    .data.SinTable      irq_timer.o
    0x2007c05a   COMPRESSED   0x00000002   PAD
    0x2007c05c   COMPRESSED   0x00000004   Data   RW           23    .data.SystemFrequency  system_lpc17xx.o
    0x2007c060   COMPRESSED   0x00000004   Data   RW          102    .data.last          irq_adc.o
    0x2007c064   COMPRESSED   0x00000004   Data   RW           63    .data.marginSize    game.o
    0x2007c068   COMPRESSED   0x000001f0   Data   RW          117    .data.tetris_song   music.o
    0x2007c258        -       0x00000004   Zero   RW          160    .bss.RIT_IRQHandler.currentNote  irq_rit.o
    0x2007c25c        -       0x00000004   Zero   RW          162    .bss.RIT_IRQHandler.ticks  irq_rit.o
    0x2007c260        -       0x00000004   Zero   RW           67    .bss.numTicsFromLastUpdate  game.o
    0x2007c264        -       0x00000008   Zero   RW          126    .bss.playingEffect  music.o
    0x2007c26c        -       0x0000000c   Zero   RW           62    .bss.scores         game.o
    0x2007c278        -       0x00000190   Zero   RW           60    .bss.tetrisBoard    game.o
    0x2007c408        -       0x00000190   Zero   RW           70    .bss.tetrisBoardClone  game.o


==============================================================================

Image component sizes


      Code (inc. data)   RO Data    RW Data    ZI Data      Debug   Object Name

        42          0       1520          0          0        646   asciilib.o
      6870        210        153          4        884      20715   game.o
      5924          0          0          0          0      18086   glcd.o
       110          0          0          4          4       1338   irq_adc.o
        68          0          0          0          0       1770   irq_button.o
       170          0          0          0         12       1725   irq_rit.o
       124          0          0         90          4       1691   irq_timer.o
        90          0          0          0          0       4128   lib_adc.o
       124          0          0          0          0       5538   lib_button.o
       128          0          0          0          0       3530   lib_rit.o
       322         16          0          0          0       4507   lib_timer.o
       102          0        240        496          8       2720   music.o
       226          0          0          0          0       4084   sample.o
        56         22        204          0       1024        968   startup_lpc17xx.o
       336         20          0          4          1       2138   system_lpc17xx.o

    ----------------------------------------------------------------------
     14706        268       2168        600       1940      73584   Object Totals
         0          0         48          0          0          0   (incl. Generated)
        14          0          3          2          3          0   (incl. Padding)

    ----------------------------------------------------------------------

      Code (inc. data)   RO Data    RW Data    ZI Data      Debug   Library Member Name

        90          0          0          0          0          0   __dczerorl2.o
         8          0          0          0          0         68   __main.o
       104          0          0          0          0         84   __printf.o
         0          0          0          0          0          0   __rtentry.o
        12          0          0          0          0          0   __rtentry2.o
         6          0          0          0          0          0   __rtentry4.o
        94          8          0          0          0          0   __scatter.o
        28          0          0          0          0          0   __scatter_zi.o
        48          6          0          0          0         96   _printf_char_common.o
         6          0          0          0          0          0   _printf_d.o
       120         16          0          0          0         92   _printf_dec.o
       178          0          0          0          0         88   _printf_intcommon.o
         0          0          0          0          0          0   _printf_percent.o
         4          0          0          0          0          0   _printf_percent_end.o
        10          0          0          0          0         68   _sputc.o
        18          0          0          0          0         80   exit.o
         6          0          0          0          0        152   heapauxi.o
         0          0          0          0          0          0   indicate_semi.o
         2          0          0          0          0          0   libinit.o
         6          0          0          0          0          0   libinit2.o
         2          0          0          0          0          0   libshutdown.o
         2          0          0          0          0          0   libshutdown2.o
         8          4          0          0         96         68   libspace.o
        40          6          0          0          0         84   noretval__2sprintf.o
       112         18          0          0        228        160   rand.o
        78          0          0          0          0         80   rt_memclr_w.o
       100          0          0          0          0         80   rt_memcpy_w.o
       122          0          0          0          0         80   rt_memmove_w.o
         2          0          0          0          0          0   rtexit.o
        10          0          0          0          0          0   rtexit2.o
        12          4          0          0          0         68   sys_exit.o
        74          0          0          0          0         80   sys_stackheap_outer.o
         2          0          0          0          0         68   use_no_semi.o
       430          8          0          0          0        168   faddsub_clz.o
        84          0          0          0          0        196   fcmp.o
        24          0          0          0          0         68   fcmpi.o
       388         76          0          0          0         96   fdiv.o
       104          4          0          0          0         84   feqf.o
        86          0          0          0          0        136   fflt_clz.o
       104          4          0          0          0         84   fgeqf.o
       104          4          0          0          0         84   fleqf.o
       258          4          0          0          0         84   fmul.o
       140          4          0          0          0         84   fnaninf.o
        10          0          0          0          0         68   fretinf.o
         0          0          0          0          0          0   usenofp.o

    ----------------------------------------------------------------------
      3050        166          0          0        324       2648   Library Totals
        14          0          0          0          0          0   (incl. Padding)

    ----------------------------------------------------------------------

      Code (inc. data)   RO Data    RW Data    ZI Data      Debug   Library Name

      1304         62          0          0        324       1496   c_w.l
      1732        104          0          0          0       1152   fz_ws.l

    ----------------------------------------------------------------------
      3050        166          0          0        324       2648   Library Totals

    ----------------------------------------------------------------------

==============================================================================


      Code (inc. data)   RO Data    RW Data    ZI Data      Debug   

     17756        434       2168        600       2264      74684   Grand Totals
     17756        434       2168        200       2264      74684   ELF Image Totals (compressed)
     17756        434       2168        200          0          0   ROM Totals

==============================================================================

    Total RO  Size (Code + RO Data)                19924 (  19.46kB)
    Total RW  Size (RW Data + ZI Data)              2864 (   2.80kB)
    Total ROM Size (Code + RO Data + RW Data)      20124 (  19.65kB)

==============================================================================

