Component: Arm Compiler for Embedded 6.22 Tool: armlink [5ee90200]

==============================================================================

Section Cross References

    startup_lpc17xx.o(STACK) refers (Special) to heapauxi.o(.text) for __use_two_region_memory
    startup_lpc17xx.o(HEAP) refers (Special) to heapauxi.o(.text) for __use_two_region_memory
    startup_lpc17xx.o(RESET) refers (Special) to heapauxi.o(.text) for __use_two_region_memory
    startup_lpc17xx.o(RESET) refers to startup_lpc17xx.o(STACK) for __initial_sp
    startup_lpc17xx.o(RESET) refers to startup_lpc17xx.o(.text) for Reset_Handler
    startup_lpc17xx.o(RESET) refers to irq_timer.o(.text) for TIMER0_IRQHandler
    startup_lpc17xx.o(RESET) refers to irq_button.o(.text) for EINT0_IRQHandler
    startup_lpc17xx.o(RESET) refers to irq_adc.o(.text) for ADC_IRQHandler
    startup_lpc17xx.o(RESET) refers to irq_rit.o(.text) for RIT_IRQHandler
    startup_lpc17xx.o(.ARM.__at_0x02FC) refers (Special) to heapauxi.o(.text) for __use_two_region_memory
    startup_lpc17xx.o(.text) refers (Special) to heapauxi.o(.text) for __use_two_region_memory
    startup_lpc17xx.o(.text) refers to __main.o(!!!main) for __main
    startup_lpc17xx.o(.text) refers to startup_lpc17xx.o(HEAP) for Heap_Mem
    startup_lpc17xx.o(.text) refers to startup_lpc17xx.o(STACK) for Stack_Mem
    sample.o(.text) refers to system_lpc17xx.o(.text) for SystemInit
    sample.o(.text) refers to lib_button.o(.text) for BUTTON_init
    sample.o(.text) refers to lib_adc.o(.text) for ADC_init
    sample.o(.text) refers to glcd.o(.text) for LCD_Initialization
    sample.o(.text) refers to game.o(.text) for initGame
    sample.o(.text) refers to lib_rit.o(.text) for init_RIT
    sample.o(.text) refers to lib_timer.o(.text) for init_timer
    sample.o(.ARM.exidx) refers to sample.o(.text) for [Anonymous Symbol]
    system_lpc17xx.o(.text) refers to system_lpc17xx.o(.data.SystemFrequency) for SystemFrequency
    system_lpc17xx.o(.ARM.exidx) refers to system_lpc17xx.o(.text) for [Anonymous Symbol]
    asciilib.o(.text) refers to rt_memcpy_v6.o(.text) for __aeabi_memcpy
    asciilib.o(.text) refers to asciilib.o(.rodata.AsciiLib) for [Anonymous Symbol]
    asciilib.o(.ARM.exidx) refers to asciilib.o(.text) for [Anonymous Symbol]
    glcd.o(.text) refers to glcd.o(.bss.LCD_Code) for LCD_Code
    glcd.o(.text) refers to asciilib.o(.text) for GetASCIICode
    glcd.o(.ARM.exidx) refers to glcd.o(.text) for [Anonymous Symbol]
    hzlib.o(.text) refers to rt_memcpy_v6.o(.text) for __aeabi_memcpy
    hzlib.o(.text) refers to hzlib.o(.rodata.HzLib) for [Anonymous Symbol]
    hzlib.o(.ARM.exidx) refers to hzlib.o(.text) for [Anonymous Symbol]
    game.o(.text) refers (Special) to _printf_percent.o(.ARM.Collect$$_printf_percent$$00000000) for _printf_percent
    game.o(.text) refers (Special) to _printf_d.o(.ARM.Collect$$_printf_percent$$00000009) for _printf_d
    game.o(.text) refers (Special) to _printf_dec.o(.text) for _printf_int_dec
    game.o(.text) refers to rand.o(.text) for srand
    game.o(.text) refers to faddsub_clz.o(x$fpl$fadd) for __aeabi_fadd
    game.o(.text) refers to fflt_clz.o(x$fpl$fflt) for __aeabi_i2f
    game.o(.text) refers to fdiv.o(x$fpl$fdiv) for __aeabi_fdiv
    game.o(.text) refers to fcmp.o(x$fpl$fcmp) for __aeabi_fcmple
    game.o(.text) refers to music.o(.text) for playEffect
    game.o(.text) refers to rt_memcpy_v6.o(.text) for __aeabi_memcpy
    game.o(.text) refers to game.o(.bss..L_MergedGlobals) for [Anonymous Symbol]
    game.o(.text) refers to music.o(.rodata.BLOCK_DROP_EFFECT) for BLOCK_DROP_EFFECT
    game.o(.text) refers to music.o(.rodata.LINE_CLEAR_EFFECT) for LINE_CLEAR_EFFECT
    game.o(.text) refers to game.o(.bss.tetrisBoard) for tetrisBoard
    game.o(.text) refers to glcd.o(.text) for LCD_SetPoint
    game.o(.text) refers to game.o(.data.marginSize) for marginSize
    game.o(.text) refers to game.o(.rodata.str1.1) for [Anonymous Symbol]
    game.o(.text) refers to noretval__2sprintf.o(.text) for __2sprintf
    game.o(.text) refers to game.o(.bss.tetrisBoardClone) for tetrisBoardClone
    game.o(.text) refers to music.o(.rodata.GAME_OVER_EFFECT) for GAME_OVER_EFFECT
    game.o(.text) refers to rand.o(.emb_text) for rand
    game.o(.text) refers to game.o(.rodata..Lswitch.table.generateTetromino.9) for [Anonymous Symbol]
    game.o(.text) refers to game.o(.rodata..Lswitch.table.generateTetromino) for [Anonymous Symbol]
    game.o(.text) refers to rt_memclr_w.o(.text) for __aeabi_memclr4
    game.o(.ARM.exidx) refers (Special) to _printf_percent.o(.ARM.Collect$$_printf_percent$$00000000) for _printf_percent
    game.o(.ARM.exidx) refers (Special) to _printf_d.o(.ARM.Collect$$_printf_percent$$00000009) for _printf_d
    game.o(.ARM.exidx) refers (Special) to _printf_dec.o(.text) for _printf_int_dec
    game.o(.ARM.exidx) refers to game.o(.text) for [Anonymous Symbol]
[...]
    rtexit.o(.ARM.exidx) refers to rtexit.o(.ARM.Collect$$rtexit$$00000000) for .ARM.Collect$$rtexit$$00000000
    defsig_rtmem_outer.o(.text) refers to defsig_rtmem_inner.o(.text) for __rt_SIGRTMEM_inner
    defsig_rtmem_outer.o(.text) refers to defsig_exit.o(.text) for __sig_exit
    defsig_rtmem_formal.o(.text) refers to rt_raise.o(.text) for __rt_raise
    rtexit2.o(.ARM.Collect$$rtexit$$00000003) refers to libshutdown.o(.ARM.Collect$$libshutdown$$00000000) for __rt_lib_shutdown
    rtexit2.o(.ARM.Collect$$rtexit$$00000004) refers to sys_exit.o(.text) for _sys_exit
    rtexit2.o(.ARM.exidx) refers to rtexit2.o(.ARM.Collect$$rtexit$$00000001) for .ARM.Collect$$rtexit$$00000001
    rtexit2.o(.ARM.exidx) refers to rtexit2.o(.ARM.Collect$$rtexit$$00000003) for .ARM.Collect$$rtexit$$00000003
    rtexit2.o(.ARM.exidx) refers to rtexit2.o(.ARM.Collect$$rtexit$$00000004) for .ARM.Collect$$rtexit$$00000004
    rt_raise.o(.text) refers to __raise.o(.text) for __raise
    rt_raise.o(.text) refers to sys_exit.o(.text) for _sys_exit
    defsig_exit.o(.text) refers to sys_exit.o(.text) for _sys_exit
    defsig_rtmem_inner.o(.text) refers to defsig_general.o(.text) for __default_signal_display
    sys_exit.o(.text) refers (Special) to use_no_semi.o(.text) for __I$use$semihosting
    sys_exit.o(.text) refers (Special) to indicate_semi.o(.text) for __semihosting_library_function
    sys_exit_hlt.o(.text) refers (Special) to use_no_semi.o(.text) for __I$use$semihosting
    sys_exit_hlt.o(.text) refers (Special) to indicate_semi.o(.text) for __semihosting_library_function
    __raise.o(.text) refers to defsig.o(CL$$defsig) for __default_signal_handler
    defsig_general.o(.text) refers to sys_wrch.o(.text) for _ttywrch
    libshutdown.o(.ARM.Collect$$libshutdown$$00000000) refers (Special) to libshutdown2.o(.ARM.Collect$$libshutdown$$00000002) for __rt_lib_shutdown_cpp_1
    libshutdown.o(.ARM.Collect$$libshutdown$$00000000) refers (Special) to libshutdown2.o(.ARM.Collect$$libshutdown$$00000007) for __rt_lib_shutdown_fp_trap_1
    libshutdown.o(.ARM.Collect$$libshutdown$$00000000) refers (Special) to libshutdown2.o(.ARM.Collect$$libshutdown$$0000000F) for __rt_lib_shutdown_heap_1
    libshutdown.o(.ARM.Collect$$libshutdown$$00000000) refers (Special) to libshutdown2.o(.ARM.Collect$$libshutdown$$00000010) for __rt_lib_shutdown_return
    libshutdown.o(.ARM.Collect$$libshutdown$$00000000) refers (Special) to libshutdown2.o(.ARM.Collect$$libshutdown$$0000000A) for __rt_lib_shutdown_signal_1
    libshutdown.o(.ARM.Collect$$libshutdown$$00000000) refers (Special) to libshutdown2.o(.ARM.Collect$$libshutdown$$00000004) for __rt_lib_shutdown_stdio_1
    libshutdown.o(.ARM.Collect$$libshutdown$$00000000) refers (Special) to libshutdown2.o(.ARM.Collect$$libshutdown$$0000000C) for __rt_lib_shutdown_user_alloc_1
    sys_wrch.o(.text) refers (Special) to use_no_semi.o(.text) for __I$use$semihosting
    sys_wrch.o(.text) refers (Special) to indicate_semi.o(.text) for __semihosting_library_function
    sys_wrch_hlt.o(.text) refers (Special) to use_no_semi.o(.text) for __I$use$semihosting
    sys_wrch_hlt.o(.text) refers (Special) to indicate_semi.o(.text) for __semihosting_library_function
    defsig.o(CL$$defsig) refers to defsig_rtmem_inner.o(.text) for __rt_SIGRTMEM_inner
    defsig_abrt_inner.o(.text) refers to defsig_general.o(.text) for __default_signal_display
    defsig_fpe_inner.o(.text) refers to defsig_general.o(.text) for __default_signal_display
    defsig_rtred_inner.o(.text) refers to defsig_general.o(.text) for __default_signal_display
    defsig_stak_inner.o(.text) refers to defsig_general.o(.text) for __default_signal_display
    defsig_pvfn_inner.o(.text) refers to defsig_general.o(.text) for __default_signal_display
    defsig_cppl_inner.o(.text) refers to defsig_general.o(.text) for __default_signal_display
    defsig_segv_inner.o(.text) refers to defsig_general.o(.text) for __default_signal_display
    defsig_other.o(.text) refers to defsig_general.o(.text) for __default_signal_display


==============================================================================

Removing Unused input sections from the image.

    Removing sample.o(.ARM.exidx), (16 bytes).
    Removing sample.o(.ARM.use_no_argv), (4 bytes).
    Removing system_lpc17xx.o(.ARM.exidx), (8 bytes).
    Removing asciilib.o(.ARM.exidx), (8 bytes).
    Removing glcd.o(.ARM.exidx), (96 bytes).
    Removing hzlib.o(.text), (36 bytes).
    Removing hzlib.o(.ARM.exidx), (8 bytes).
    Removing hzlib.o(.rodata.HzLib), (216576 bytes).
    Removing game.o(.ARM.exidx), (376 bytes).
    Removing game.o(.rodata.blockSize), (4 bytes).
    Removing game.o(.rodata.cellSize), (4 bytes).
    Removing irq_button.o(.ARM.exidx), (24 bytes).
    Removing lib_button.o(.ARM.exidx), (8 bytes).
    Removing irq_adc.o(.ARM.exidx), (8 bytes).
    Removing lib_adc.o(.ARM.exidx), (16 bytes).
    Removing music.o(.ARM.exidx), (24 bytes).
    Removing irq_timer.o(.ARM.exidx), (32 bytes).
    Removing lib_timer.o(.ARM.exidx), (32 bytes).
    Removing lib_rit.o(.ARM.exidx), (32 bytes).
    Removing irq_rit.o(.ARM.exidx), (16 bytes).

20 unused section(s) (total 217328 bytes) removed from the image.

==============================================================================

Image Symbol Table

    Local Symbols

    Symbol Name                              Value     Ov Type        Size  Object(Section)

    ../clib/angel/boardlib.s                 0x00000000   Number         0  boardinit1.o ABSOLUTE
    ../clib/angel/boardlib.s                 0x00000000   Number         0  boardinit2.o ABSOLUTE
    ../clib/angel/boardlib.s                 0x00000000   Number         0  boardinit3.o ABSOLUTE
    ../clib/angel/boardlib.s                 0x00000000   Number         0  boardshut.o ABSOLUTE
    ../clib/angel/dczerorl2.s                0x00000000   Number         0  __dczerorl2.o ABSOLUTE
    ../clib/angel/handlers.s                 0x00000000   Number         0  __scatter_copy.o ABSOLUTE
    ../clib/angel/handlers.s                 0x00000000   Number         0  __scatter_zi.o ABSOLUTE
    ../clib/angel/kernel.s                   0x00000000   Number         0  __rtentry.o ABSOLUTE
    ../clib/angel/kernel.s                   0x00000000   Number         0  __rtentry2.o ABSOLUTE
    ../clib/angel/kernel.s                   0x00000000   Number         0  __rtentry4.o ABSOLUTE
    ../clib/angel/kernel.s                   0x00000000   Number         0  rtexit.o ABSOLUTE
    ../clib/angel/kernel.s                   0x00000000   Number         0  rtexit2.o ABSOLUTE
    ../clib/angel/rt.s                       0x00000000   Number         0  rt_raise.o ABSOLUTE
    ../clib/angel/scatter.s                  0x00000000   Number         0  __scatter.o ABSOLUTE
    ../clib/angel/startup.s                  0x00000000   Number         0  __main.o ABSOLUTE
    ../clib/angel/sys.s                      0x00000000   Number         0  sys_stackheap_outer.o ABSOLUTE
    ../clib/angel/sys.s                      0x00000000   Number         0  libspace.o ABSOLUTE
    ../clib/angel/sys.s                      0x00000000   Number         0  use_no_semi.o ABSOLUTE
    ../clib/angel/sys.s                      0x00000000   Number         0  indicate_semi.o ABSOLUTE
    ../clib/angel/sysapp.c                   0x00000000   Number         0  sys_command.o ABSOLUTE
    ../clib/angel/sysapp.c                   0x00000000   Number         0  sys_command_hlt.o ABSOLUTE
    ../clib/angel/sysapp.c                   0x00000000   Number         0  sys_exit.o ABSOLUTE
    ../clib/angel/sysapp.c                   0x00000000   Number         0  sys_exit_hlt.o ABSOLUTE
    ../clib/angel/sysapp.c                   0x00000000   Number         0  sys_wrch.o ABSOLUTE
    ../clib/angel/sysapp.c                   0x00000000   Number         0  sys_wrch_hlt.o ABSOLUTE
    ../clib/armsys.c                         0x00000000   Number         0  argv_veneer.o ABSOLUTE
    ../clib/armsys.c                         0x00000000   Number         0  argv_veneer.o ABSOLUTE
    ../clib/armsys.c                         0x00000000   Number         0  _get_argv_nomalloc.o ABSOLUTE
    ../clib/armsys.c                         0x00000000   Number         0  no_argv.o ABSOLUTE
    ../clib/heapalloc.c                      0x00000000   Number         0  hrguard.o ABSOLUTE
    ../clib/heapaux.c                        0x00000000   Number         0  heapauxi.o ABSOLUTE
    ../clib/libinit.s                        0x00000000   Number         0  libinit2.o ABSOLUTE
    ../clib/libinit.s                        0x00000000   Number         0  libinit.o ABSOLUTE
    ../clib/libinit.s                        0x00000000   Number         0  libshutdown.o ABSOLUTE
    ../clib/libinit.s                        0x00000000   Number         0  libshutdown2.o ABSOLUTE
    ../clib/memcpset.s                       0x00000000   Number         0  rt_memcpy_v6.o ABSOLUTE
    ../clib/memcpset.s                       0x00000000   Number         0  rt_memclr_w.o ABSOLUTE
    ../clib/memcpset.s                       0x00000000   Number         0  rt_memcpy_w.o ABSOLUTE
    ../clib/printf.c                         0x00000000   Number         0  __2sprintf.o ABSOLUTE
    ../clib/printf.c                         0x00000000   Number         0  noretval__2sprintf.o ABSOLUTE
    ../clib/printf.c                         0x00000000   Number         0  __printf.o ABSOLUTE
    ../clib/printf.c                         0x00000000   Number         0  _printf_dec.o ABSOLUTE
    ../clib/printf.c                         0x00000000   Number         0  __printf_flags.o ABSOLUTE
    ../clib/printf.c                         0x00000000   Number         0  __printf_ss.o ABSOLUTE
    ../clib/printf.c                         0x00000000   Number         0  __printf_flags_ss.o ABSOLUTE
    ../clib/printf.c                         0x00000000   Number         0  __printf_wp.o ABSOLUTE
    ../clib/printf.c                         0x00000000   Number         0  __printf_flags_wp.o ABSOLUTE
    ../clib/printf.c                         0x00000000   Number         0  __printf_ss_wp.o ABSOLUTE
    ../clib/printf.c                         0x00000000   Number         0  __printf_flags_ss_wp.o ABSOLUTE
    ../clib/printf.c                         0x00000000   Number         0  _printf_intcommon.o ABSOLUTE
    ../clib/printf.c                         0x00000000   Number         0  _printf_char_common.o ABSOLUTE
    ../clib/printf.c                         0x00000000   Number         0  _sputc.o ABSOLUTE
    ../clib/printf.c                         0x00000000   Number         0  __printf_nopercent.o ABSOLUTE
    ../clib/printf_percent.s                 0x00000000   Number         0  _printf_d.o ABSOLUTE
    ../clib/printf_percent.s                 0x00000000   Number         0  _printf_percent.o ABSOLUTE
    ../clib/printf_percent.s                 0x00000000   Number         0  _printf_percent_end.o ABSOLUTE
    ../clib/signal.c                         0x00000000   Number         0  defsig_rtmem_outer.o ABSOLUTE
    ../clib/signal.c                         0x00000000   Number         0  defsig_rtmem_formal.o ABSOLUTE
    ../clib/signal.c                         0x00000000   Number         0  defsig_exit.o ABSOLUTE
    ../clib/signal.c                         0x00000000   Number         0  defsig_rtmem_inner.o ABSOLUTE
    ../clib/signal.c                         0x00000000   Number         0  __raise.o ABSOLUTE
    ../clib/signal.c                         0x00000000   Number         0  defsig_general.o ABSOLUTE
    ../clib/signal.c                         0x00000000   Number         0  defsig_abrt_inner.o ABSOLUTE
    ../clib/signal.c                         0x00000000   Number         0  defsig_fpe_inner.o ABSOLUTE
    ../clib/signal.c                         0x00000000   Number         0  defsig_rtred_inner.o ABSOLUTE
    ../clib/signal.c                         0x00000000   Number         0  defsig_stak_inner.o ABSOLUTE
    ../clib/signal.c                         0x00000000   Number         0  defsig_pvfn_inner.o ABSOLUTE
    ../clib/signal.c                         0x00000000   Number         0  defsig_cppl_inner.o ABSOLUTE
    ../clib/signal.c                         0x00000000   Number         0  defsig_segv_inner.o ABSOLUTE
    ../clib/signal.c                         0x00000000   Number         0  defsig_other.o ABSOLUTE
    ../clib/signal.s                         0x00000000   Number         0  defsig.o ABSOLUTE
    ../clib/stdlib.c                         0x00000000   Number         0  rand.o ABSOLUTE
    ../clib/stdlib.c                         0x00000000   Number         0  rand.o ABSOLUTE
    ../clib/stdlib.c                         0x00000000   Number         0  exit.o ABSOLUTE
    ../fplib/faddsub.s                       0x00000000   Number         0  faddsub_clz.o ABSOLUTE
    ../fplib/fcmp.s                          0x00000000   Number         0  fcmp.o ABSOLUTE
    ../fplib/fcmpi.s                         0x00000000   Number         0  fcmpi.o ABSOLUTE
    ../fplib/fdiv.s                          0x00000000   Number         0  fdiv.o ABSOLUTE
    ../fplib/feqf.s                          0x00000000   Number         0  feqf.o ABSOLUTE
    ../fplib/fflt.s                          0x00000000   Number         0  fflt_clz.o ABSOLUTE
    ../fplib/fgeqf.s                         0x00000000   Number         0  fgeqf.o ABSOLUTE
    ../fplib/fleqf.s                         0x00000000   Number         0  fleqf.o ABSOLUTE
    ../fplib/fmul.s                          0x00000000   Number         0  fmul.o ABSOLUTE
    ../fplib/fnaninf.s                       0x00000000   Number         0  fnaninf.o ABSOLUTE
    ../fplib/fpinit.s                        0x00000000   Number         0  fpinit.o ABSOLUTE
    ../fplib/fpinit_empty.s                  0x00000000   Number         0  fpinit_empty.o ABSOLUTE
    ../fplib/fretinf.s                       0x00000000   Number         0  fretinf.o ABSOLUTE
    ../fplib/usenofp.s                       0x00000000   Number         0  usenofp.o ABSOLUTE
    AsciiLib.c                               0x00000000   Number         0  asciilib.o ABSOLUTE
    GLCD.c                                   0x00000000   Number         0  glcd.o ABSOLUTE
    HzLib.c                                  0x00000000   Number         0  hzlib.o ABSOLUTE
    IRQ_RIT.c                                0x00000000   Number         0  irq_rit.o ABSOLUTE
    IRQ_adc.c                                0x00000000   Number         0  irq_adc.o ABSOLUTE
    IRQ_button.c                             0x00000000   Number         0  irq_button.o ABSOLUTE
    IRQ_timer.c                              0x00000000   Number         0  irq_timer.o ABSOLUTE
    Source\startup_LPC17xx.s                 0x00000000   Number         0  startup_lpc17xx.o ABSOLUTE
    dc.s                                     0x00000000   Number         0  dc.o ABSOLUTE
    game.c                                   0x00000000   Number         0  game.o ABSOLUTE
    lib_RIT.c                                0x00000000   Number         0  lib_rit.o ABSOLUTE
    lib_adc.c                                0x00000000   Number         0  lib_adc.o ABSOLUTE
    lib_button.c                             0x00000000   Number         0  lib_button.o ABSOLUTE
    lib_timer.c                              0x00000000   Number         0  lib_timer.o ABSOLUTE
    music.c                                  0x00000000   Number         0  music.o ABSOLUTE
    sample.c                                 0x00000000   Number         0  sample.o ABSOLUTE
    system_LPC17xx.c                         0x00000000   Number         0  system_lpc17xx.o ABSOLUTE
    RESET                                    0x00000000   Section      204  startup_lpc17xx.o(RESET)
    !!!main                                  0x000000cc   Section        8  __main.o(!!!main)
    !!!scatter                               0x000000d4   Section       92  __scatter.o(!!!scatter)
    !!dczerorl2                              0x00000130   Section       90  __dczerorl2.o(!!dczerorl2)
    !!handler_copy                           0x0000018c   Section       26  __scatter_copy.o(!!handler_copy)
    !!handler_null                           0x000001a8   Section        2  __scatter.o(!!handler_null)
    !!handler_zi                             0x000001ac   Section       28  __scatter_zi.o(!!handler_zi)
    .ARM.Collect$$_printf_percent$$00000000  0x000001c8   Section        0  _printf_percent.o(.ARM.Collect$$_printf_percent$$00000000)
    .ARM.Collect$$_printf_percent$$00000009  0x000001c8   Section        6  _printf_d.o(.ARM.Collect$$_printf_percent$$00000009)
    .ARM.Collect$$_printf_percent$$00000017  0x000001ce   Section        4  _printf_percent_end.o(.ARM.Collect$$_printf_percent$$00000017)
    .ARM.Collect$$libinit$$00000000          0x000001d2   Section        2  libinit.o(.ARM.Collect$$libinit$$00000000)
    .ARM.Collect$$libinit$$00000002          0x000001d4   Section        0  libinit2.o(.ARM.Collect$$libinit$$00000002)
    .ARM.Collect$$libinit$$00000004          0x000001d4   Section        0  libinit2.o(.ARM.Collect$$libinit$$00000004)
    .ARM.Collect$$libinit$$00000006          0x000001d4   Section        0  libinit2.o(.ARM.Collect$$libinit$$00000006)
    .ARM.Collect$$libinit$$0000000C          0x000001d4   Section        0  libinit2.o(.ARM.Collect$$libinit$$0000000C)
    .ARM.Collect$$libinit$$0000000E          0x000001d4   Section        0  libinit2.o(.ARM.Collect$$libinit$$0000000E)
    .ARM.Collect$$libinit$$0000000F          0x000001d4   Section        4  libinit2.o(.ARM.Collect$$libinit$$0000000F)
    .ARM.Collect$$libinit$$00000010          0x000001d8   Section        0  libinit2.o(.ARM.Collect$$libinit$$00000010)
    .ARM.Collect$$libinit$$00000013          0x000001d8   Section        0  libinit2.o(.ARM.Collect$$libinit$$00000013)
    .ARM.Collect$$libinit$$00000015          0x000001d8   Section        0  libinit2.o(.ARM.Collect$$libinit$$00000015)
    .ARM.Collect$$libinit$$00000017          0x000001d8   Section        0  libinit2.o(.ARM.Collect$$libinit$$00000017)
    .ARM.Collect$$libinit$$00000019          0x000001d8   Section        0  libinit2.o(.ARM.Collect$$libinit$$00000019)
    .ARM.Collect$$libinit$$0000001B          0x000001d8   Section        0  libinit2.o(.ARM.Collect$$libinit$$0000001B)
    .ARM.Collect$$libinit$$0000001D          0x000001d8   Section        0  libinit2.o(.ARM.Collect$$libinit$$0000001D)
    .ARM.Collect$$libinit$$0000001F          0x000001d8   Section        0  libinit2.o(.ARM.Collect$$libinit$$0000001F)
    .ARM.Collect$$libinit$$00000021          0x000001d8   Section        0  libinit2.o(.ARM.Collect$$libinit$$00000021)
    .ARM.Collect$$libinit$$00000023          0x000001d8   Section        0  libinit2.o(.ARM.Collect$$libinit$$00000023)
    .ARM.Collect$$libinit$$00000025          0x000001d8   Section        0  libinit2.o(.ARM.Collect$$libinit$$00000025)
    .ARM.Collect$$libinit$$00000027          0x000001d8   Section        0  libinit2.o(.ARM.Collect$$libinit$$00000027)
    .ARM.Collect$$libinit$$0000002E          0x000001d8   Section        0  libinit2.o(.ARM.Collect$$libinit$$0000002E)
    .ARM.Collect$$libinit$$00000030          0x000001d8   Section        0  libinit2.o(.ARM.Collect$$libinit$$00000030)
    .ARM.Collect$$libinit$$00000032          0x000001d8   Section        0  libinit2.o(.ARM.Collect$$libinit$$00000032)
    .ARM.Collect$$libinit$$00000034          0x000001d8   Section        0  libinit2.o(.ARM.Collect$$libinit$$00000034)
    .ARM.Collect$$libinit$$00000035          0x000001d8   Section        2  libinit2.o(.ARM.Collect$$libinit$$00000035)
    .ARM.Collect$$libshutdown$$00000000      0x000001da   Section        2  libshutdown.o(.ARM.Collect$$libshutdown$$00000000)
    .ARM.Collect$$libshutdown$$00000002      0x000001dc   Section        0  libshutdown2.o(.ARM.Collect$$libshutdown$$00000002)
    .ARM.Collect$$libshutdown$$00000004      0x000001dc   Section        0  libshutdown2.o(.ARM.Collect$$libshutdown$$00000004)
    .ARM.Collect$$libshutdown$$00000007      0x000001dc   Section        0  libshutdown2.o(.ARM.Collect$$libshutdown$$00000007)
    .ARM.Collect$$libshutdown$$0000000A      0x000001dc   Section        0  libshutdown2.o(.ARM.Collect$$libshutdown$$0000000A)
    .ARM.Collect$$libshutdown$$0000000C      0x000001dc   Section        0  libshutdown2.o(.ARM.Collect$$libshutdown$$0000000C)
    .ARM.Collect$$libshutdown$$0000000F      0x000001dc   Section        0  libshutdown2.o(.ARM.Collect$$libshutdown$$0000000F)
    .ARM.Collect$$libshutdown$$00000010      0x000001dc   Section        2  libshutdown2.o(.ARM.Collect$$libshutdown$$00000010)
    .ARM.Collect$$rtentry$$00000000          0x000001de   Section        0  __rtentry.o(.ARM.Collect$$rtentry$$00000000)
    .ARM.Collect$$rtentry$$00000002          0x000001de   Section        0  __rtentry2.o(.ARM.Collect$$rtentry$$00000002)
    .ARM.Collect$$rtentry$$00000004          0x000001de   Section        6  __rtentry4.o(.ARM.Collect$$rtentry$$00000004)
    .ARM.Collect$$rtentry$$00000009          0x000001e4   Section        0  __rtentry2.o(.ARM.Collect$$rtentry$$00000009)
    .ARM.Collect$$rtentry$$0000000A          0x000001e4   Section        4  __rtentry2.o(.ARM.Collect$$rtentry$$0000000A)
    .ARM.Collect$$rtentry$$0000000C          0x000001e8   Section        0  __rtentry2.o(.ARM.Collect$$rtentry$$0000000C)
    .ARM.Collect$$rtentry$$0000000D          0x000001e8   Section        8  __rtentry2.o(.ARM.Collect$$rtentry$$0000000D)
    .ARM.Collect$$rtexit$$00000000           0x000001f0   Section        2  rtexit.o(.ARM.Collect$$rtexit$$00000000)
    .ARM.Collect$$rtexit$$00000002           0x000001f2   Section        0  rtexit2.o(.ARM.Collect$$rtexit$$00000002)
    .ARM.Collect$$rtexit$$00000003           0x000001f2   Section        4  rtexit2.o(.ARM.Collect$$rtexit$$00000003)
    .ARM.Collect$$rtexit$$00000004           0x000001f6   Section        6  rtexit2.o(.ARM.Collect$$rtexit$$00000004)
    .emb_text                                0x000001fc   Section       52  rand.o(.emb_text)
    .text                                    0x00000230   Section       52  startup_lpc17xx.o(.text)
    [Anonymous Symbol]                       0x00000264   Section        0  asciilib.o(.text)
    __arm_cp.0_0                             0x00000274   Number         4  asciilib.o(.text)
    [Anonymous Symbol]                       0x00000278   Section        0  irq_button.o(.text)
    __arm_cp.0_0                             0x00000284   Number         4  irq_button.o(.text)
    __arm_cp.1_0                             0x000002a4   Number         4  irq_button.o(.text)
    __arm_cp.2_0                             0x000002c4   Number         4  irq_button.o(.text)
    .text                                    0x000002c8   Section        0  noretval__2sprintf.o(.text)
    .text                                    0x000002f0   Section        0  heapauxi.o(.text)
    .text                                    0x000002f6   Section        2  use_no_semi.o(.text)
    [Anonymous Symbol]                       0x000002f8   Section        0  game.o(.rodata.str1.1)
    .text                                    0x000002f8   Section        0  indicate_semi.o(.text)
    x$fpl$usenofp                            0x000002f8   Section        0  usenofp.o(x$fpl$usenofp)
    .ARM.__at_0x02FC                         0x000002fc   Section        4  startup_lpc17xx.o(.ARM.__at_0x02FC)
    [Anonymous Symbol]                       0x00000300   Section        0  sample.o(.text)
    __arm_cp.0_0                             0x00000318   Number         4  sample.o(.text)
    __arm_cp.0_1                             0x0000031c   Number         4  sample.o(.text)
    __arm_cp.1_0                             0x000003bc   Number         4  sample.o(.text)
    __arm_cp.1_1                             0x000003c0   Number         4  sample.o(.text)
    __arm_cp.1_2                             0x000003c4   Number         4  sample.o(.text)
    __arm_cp.1_3                             0x000003c8   Number         4  sample.o(.text)
    __arm_cp.1_4                             0x000003cc   Number         4  sample.o(.text)
    __arm_cp.1_5                             0x000003d0   Number         4  sample.o(.text)
    [Anonymous Symbol]                       0x000003d4   Section        0  system_lpc17xx.o(.text)
    __arm_cp.0_0                             0x00000510   Number         4  system_lpc17xx.o(.text)
    __arm_cp.0_1                             0x00000514   Number         4  system_lpc17xx.o(.text)
    __arm_cp.0_2                             0x00000518   Number         4  system_lpc17xx.o(.text)
    __arm_cp.0_3                             0x0000051c   Number         4  system_lpc17xx.o(.text)
    __arm_cp.0_4                             0x00000520   Number         4  system_lpc17xx.o(.text)
    __arm_cp.0_5                             0x00000524   Number         4  system_lpc17xx.o(.text)
    __arm_cp.0_6                             0x00000528   Number         4  system_lpc17xx.o(.text)
    __arm_cp.0_7                             0x0000052c   Number         4  system_lpc17xx.o(.text)
    [Anonymous Symbol]                       0x00000530   Section        0  glcd.o(.text)
    LCD_Configuration                        0x0000343d   Thumb Code    32  glcd.o(.text)
    delay_ms                                 0x0000345d   Thumb Code    82  glcd.o(.text)
    LCD_SetCursor                            0x00003c9d   Thumb Code  1932  glcd.o(.text)
    LCD_BGR2RGB                              0x00004955   Thumb Code    72  glcd.o(.text)
    wait_delay                               0x00004e6d   Thumb Code    22  glcd.o(.text)
    [Anonymous Symbol]                       0x00004e84   Section        0  game.o(.text)
    __arm_cp.0_0                             0x000050a8   Number         4  game.o(.text)
    __arm_cp.0_1                             0x000050ac   Number         4  game.o(.text)
    __arm_cp.0_2                             0x000050b0   Number         4  game.o(.text)
    __arm_cp.0_3                             0x000050b4   Number         4  game.o(.text)
    __arm_cp.0_4                             0x000050b8   Number         4  game.o(.text)
    __arm_cp.2_0                             0x0000519c   Number         4  game.o(.text)
    __arm_cp.2_1                             0x000051a0   Number         4  game.o(.text)
    __arm_cp.4_0                             0x00005208   Number         4  game.o(.text)
    __arm_cp.6_0                             0x000052f0   Number         4  game.o(.text)
    __arm_cp.6_1                             0x000052f4   Number         4  game.o(.text)
    __arm_cp.6_2                             0x000052f8   Number         4  game.o(.text)
    __arm_cp.6_3                             0x000052fc   Number         4  game.o(.text)
    __arm_cp.6_4                             0x00005300   Number         4  game.o(.text)
    __arm_cp.6_6                             0x0000530c   Number         4  game.o(.text)
    __arm_cp.7_0                             0x00005354   Number         4  game.o(.text)
    __arm_cp.7_1                             0x00005358   Number         4  game.o(.text)
    __arm_cp.8_0                             0x000053ec   Number         4  game.o(.text)
    __arm_cp.8_1                             0x000053f0   Number         4  game.o(.text)
    __arm_cp.8_2                             0x000053f4   Number         4  game.o(.text)
    __arm_cp.9_0                             0x00005428   Number         4  game.o(.text)
    __arm_cp.10_0                            0x000054b4   Number         4  game.o(.text)
    __arm_cp.10_1                            0x000054b8   Number         4  game.o(.text)
    __arm_cp.10_2                            0x000054bc   Number         4  game.o(.text)
    __arm_cp.11_0                            0x000054e0   Number         4  game.o(.text)
    __arm_cp.11_1                            0x000054e4   Number         4  game.o(.text)
    __arm_cp.12_0                            0x0000554c   Number         4  game.o(.text)
    __arm_cp.12_6                            0x000055dc   Number         4  game.o(.text)
    __arm_cp.13_0                            0x00005658   Number         4  game.o(.text)
    __arm_cp.13_1                            0x0000565c   Number         4  game.o(.text)
    __arm_cp.14_0                            0x000058bc   Number         4  game.o(.text)
    __arm_cp.14_1                            0x000058c0   Number         4  game.o(.text)
    __arm_cp.15_0                            0x000058ec   Number         4  game.o(.text)
    __arm_cp.15_1                            0x000058f0   Number         4  game.o(.text)
    __arm_cp.16_0                            0x000059a4   Number         4  game.o(.text)
    __arm_cp.16_1                            0x000059a8   Number         4  game.o(.text)
    __arm_cp.17_0                            0x000059bc   Number         4  game.o(.text)
    __arm_cp.18_0                            0x00005a44   Number         4  game.o(.text)
    __arm_cp.19_0                            0x00005a58   Number         4  game.o(.text)
    __arm_cp.20_0                            0x00005a64   Number         4  game.o(.text)
    __arm_cp.21_0                            0x00005a70   Number         4  game.o(.text)
    __arm_cp.22_0                            0x00005b00   Number         4  game.o(.text)
    __arm_cp.23_0                            0x00005b74   Number         4  game.o(.text)
    __arm_cp.24_0                            0x00005b94   Number         4  game.o(.text)
    __arm_cp.25_0                            0x00005bd0   Number         4  game.o(.text)
    __arm_cp.26_0                            0x00005be0   Number         4  game.o(.text)
    __arm_cp.27_0                            0x00005bec   Number         4  game.o(.text)
    __arm_cp.28_0                            0x00005bf8   Number         4  game.o(.text)
    __arm_cp.29_0                            0x00005c04   Number         4  game.o(.text)
    __arm_cp.30_0                            0x00005c10   Number         4  game.o(.text)
    OUTLINED_FUNCTION_0                      0x00005c15   Thumb Code    24  game.o(.text)
    OUTLINED_FUNCTION_1                      0x00005c2d   Thumb Code    12  game.o(.text)
    OUTLINED_FUNCTION_2                      0x00005c39   Thumb Code    24  game.o(.text)
    OUTLINED_FUNCTION_3                      0x00005c51   Thumb Code    24  game.o(.text)
    OUTLINED_FUNCTION_4                      0x00005c69   Thumb Code    20  game.o(.text)
    OUTLINED_FUNCTION_5                      0x00005c7d   Thumb Code    20  game.o(.text)
    OUTLINED_FUNCTION_6                      0x00005c91   Thumb Code    20  game.o(.text)
    OUTLINED_FUNCTION_7                      0x00005ca5   Thumb Code    20  game.o(.text)
    OUTLINED_FUNCTION_8                      0x00005cb9   Thumb Code    18  game.o(.text)
    OUTLINED_FUNCTION_9                      0x00005ccb   Thumb Code    18  game.o(.text)
    OUTLINED_FUNCTION_10                     0x00005cdd   Thumb Code    18  game.o(.text)
    OUTLINED_FUNCTION_11                     0x00005cef   Thumb Code    18  game.o(.text)
    OUTLINED_FUNCTION_12                     0x00005d01   Thumb Code    16  game.o(.text)
    OUTLINED_FUNCTION_13                     0x00005d11   Thumb Code     8  game.o(.text)
    OUTLINED_FUNCTION_14                     0x00005d19   Thumb Code    14  game.o(.text)
    OUTLINED_FUNCTION_15                     0x00005d27   Thumb Code    14  game.o(.text)
    [Anonymous Symbol]                       0x00005d34   Section        0  lib_button.o(.text)
    __arm_cp.0_0                             0x00005d94   Number         4  lib_button.o(.text)
    __arm_cp.0_1                             0x00005d98   Number         4  lib_button.o(.text)
    __arm_cp.0_2                             0x00005d9c   Number         4  lib_button.o(.text)
    __arm_cp.0_4                             0x00005da0   Number         4  lib_button.o(.text)
    [Anonymous Symbol]                       0x00005da4   Section        0  irq_adc.o(.text)
    __arm_cp.0_0                             0x00005df4   Number         4  irq_adc.o(.text)
    __arm_cp.0_1                             0x00005df8   Number         4  irq_adc.o(.text)
    __arm_cp.0_2                             0x00005dfc   Number         4  irq_adc.o(.text)
    __arm_cp.0_3                             0x00005e00   Number         4  irq_adc.o(.text)
    [Anonymous Symbol]                       0x00005e04   Section        0  lib_adc.o(.text)
    __arm_cp.0_0                             0x00005e30   Number         4  lib_adc.o(.text)
    __arm_cp.0_1                             0x00005e34   Number         4  lib_adc.o(.text)
    __arm_cp.0_2                             0x00005e38   Number         4  lib_adc.o(.text)
    __arm_cp.0_3                             0x00005e3c   Number         4  lib_adc.o(.text)
    __arm_cp.0_4                             0x00005e40   Number         4  lib_adc.o(.text)
    __arm_cp.1_0                             0x00005e50   Number         4  lib_adc.o(.text)
    [Anonymous Symbol]                       0x00005e54   Section        0  music.o(.text)
    __arm_cp.1_0                             0x00005ea0   Number         4  music.o(.text)
    __arm_cp.1_1                             0x00005ea4   Number         4  music.o(.text)
    [Anonymous Symbol]                       0x00005eb0   Section        0  irq_timer.o(.text)
    __arm_cp.0_0                             0x00005ee0   Number         4  irq_timer.o(.text)
    __arm_cp.0_1                             0x00005ee4   Number         4  irq_timer.o(.text)
    __arm_cp.0_2                             0x00005ee8   Number         4  irq_timer.o(.text)
    __arm_cp.1_0                             0x00005efc   Number         4  irq_timer.o(.text)
    __arm_cp.2_0                             0x00005f10   Number         4  irq_timer.o(.text)
    __arm_cp.3_0                             0x00005f24   Number         4  irq_timer.o(.text)
    [Anonymous Symbol]                       0x00005f28   Section        0  lib_timer.o(.text)
    __arm_cp.0_0                             0x00005f4c   Number         4  lib_timer.o(.text)
    __arm_cp.1_0                             0x00005f74   Number         4  lib_timer.o(.text)
    __arm_cp.1_1                             0x00005f78   Number         4  lib_timer.o(.text)
    __arm_cp.1_2                             0x00005f7c   Number         4  lib_timer.o(.text)
    __arm_cp.1_3                             0x00005f80   Number         4  lib_timer.o(.text)
    __arm_cp.2_0                             0x00005fac   Number         4  lib_timer.o(.text)
    __arm_cp.3_1                             0x00006024   Number         4  lib_timer.o(.text)
    __arm_cp.3_3                             0x00006028   Number         4  lib_timer.o(.text)
    __arm_cp.3_4                             0x0000602c   Number         4  lib_timer.o(.text)
    __arm_cp.3_5                             0x00006030   Number         4  lib_timer.o(.text)
    [Anonymous Symbol]                       0x00006034   Section        0  lib_rit.o(.text)
    __arm_cp.0_0                             0x00006040   Number         4  lib_rit.o(.text)
    __arm_cp.1_0                             0x00006050   Number         4  lib_rit.o(.text)
    __arm_cp.2_0                             0x0000605c   Number         4  lib_rit.o(.text)
    __arm_cp.3_0                             0x000060a4   Number         4  lib_rit.o(.text)
    __arm_cp.3_1                             0x000060a8   Number         4  lib_rit.o(.text)
    __arm_cp.3_2                             0x000060ac   Number         4  lib_rit.o(.text)
    [Anonymous Symbol]                       0x000060b0   Section        0  irq_rit.o(.text)
    __arm_cp.0_0                             0x0000613c   Number         4  irq_rit.o(.text)
    __arm_cp.0_1                             0x00006140   Number         4  irq_rit.o(.text)
    __arm_cp.0_2                             0x00006144   Number         4  irq_rit.o(.text)
    __arm_cp.0_3                             0x00006148   Number         4  irq_rit.o(.text)
    __arm_cp.0_4                             0x0000614c   Number         4  irq_rit.o(.text)
    OUTLINED_FUNCTION_0                      0x00006151   Thumb Code    14  irq_rit.o(.text)
    .text                                    0x0000615e   Section        0  __printf.o(.text)
    .text                                    0x000061c8   Section        0  _printf_dec.o(.text)
    .text                                    0x00006240   Section        0  rand.o(.text)
    .text                                    0x0000627c   Section      138  rt_memcpy_v6.o(.text)
    .text                                    0x00006306   Section       78  rt_memclr_w.o(.text)
    .text                                    0x00006354   Section        0  _printf_intcommon.o(.text)
    _printf_input_char                       0x00006409   Thumb Code    10  _printf_char_common.o(.text)
    .text                                    0x00006408   Section        0  _printf_char_common.o(.text)
    .text                                    0x00006438   Section        0  _sputc.o(.text)
    .text                                    0x00006442   Section      100  rt_memcpy_w.o(.text)
    .text                                    0x000064a6   Section       74  sys_stackheap_outer.o(.text)
    .text                                    0x000064f0   Section        0  exit.o(.text)
    .text                                    0x00006504   Section        8  libspace.o(.text)
    .text                                    0x0000650c   Section        0  sys_exit.o(.text)
    x$fpl$fadd                               0x00006518   Section      196  faddsub_clz.o(x$fpl$fadd)
    _fadd1                                   0x00006527   Thumb Code     0  faddsub_clz.o(x$fpl$fadd)
    x$fpl$fcmp                               0x000065dc   Section       84  fcmp.o(x$fpl$fcmp)
    x$fpl$fcmpinf                            0x00006630   Section       24  fcmpi.o(x$fpl$fcmpinf)
    _fdiv1                                   0x00006649   Thumb Code     0  fdiv.o(x$fpl$fdiv)
    x$fpl$fdiv                               0x00006648   Section      388  fdiv.o(x$fpl$fdiv)
    x$fpl$feqf                               0x000067cc   Section      104  feqf.o(x$fpl$feqf)
    x$fpl$fflt                               0x00006834   Section       48  fflt_clz.o(x$fpl$fflt)
    x$fpl$ffltu                              0x00006864   Section       38  fflt_clz.o(x$fpl$ffltu)
    x$fpl$fgeqf                              0x0000688c   Section      104  fgeqf.o(x$fpl$fgeqf)
    x$fpl$fleqf                              0x000068f4   Section      104  fleqf.o(x$fpl$fleqf)
    x$fpl$fmul                               0x0000695c   Section      258  fmul.o(x$fpl$fmul)
    x$fpl$fnaninf                            0x00006a5e   Section      140  fnaninf.o(x$fpl$fnaninf)
    x$fpl$fretinf                            0x00006aea   Section       10  fretinf.o(x$fpl$fretinf)
    x$fpl$fsub                               0x00006af4   Section      234  faddsub_clz.o(x$fpl$fsub)
    _fsub1                                   0x00006b03   Thumb Code     0  faddsub_clz.o(x$fpl$fsub)
    [Anonymous Symbol]                       0x00006be0   Section        0  game.o(.rodata..Lswitch.table.generateTetromino)
    [Anonymous Symbol]                       0x00006bfc   Section        0  game.o(.rodata..Lswitch.table.generateTetromino.9)
    AsciiLib                                 0x00006c0a   Data        1520  asciilib.o(.rodata.AsciiLib)
    [Anonymous Symbol]                       0x00006c0a   Section        0  asciilib.o(.rodata.AsciiLib)
    .bss                                     0x10000060   Section      228  rand.o(.bss)
    .bss                                     0x10000144   Section       96  libspace.o(.bss)
    Stack_Mem                                0x100001a8   Data        1024  startup_lpc17xx.o(STACK)
    STACK                                    0x100001a8   Section     1024  startup_lpc17xx.o(STACK)
    __initial_sp                             0x100005a8   Data           0  startup_lpc17xx.o(STACK)
    last                                     0x2007c004   Data           4  irq_adc.o(.data.last)
    [Anonymous Symbol]                       0x2007c004   Section        0  irq_adc.o(.data.last)
    seed                                     0x2007c200   Data           4  game.o(.bss..L_MergedGlobals)
    [Anonymous Symbol]                       0x2007c200   Section        0  game.o(.bss..L_MergedGlobals)
    numTicsFromLastUpdate                    0x2007c204   Data           4  game.o(.bss..L_MergedGlobals)
    pause1                                   0x2007c208   Data           4  game.o(.bss..L_MergedGlobals)
    pause2                                   0x2007c20c   Data           4  game.o(.bss..L_MergedGlobals)
    RIT_IRQHandler.currentNote               0x2007c25c   Data           4  irq_rit.o(.bss..L_MergedGlobals)
    [Anonymous Symbol]                       0x2007c25c   Section        0  irq_rit.o(.bss..L_MergedGlobals)
    RIT_IRQHandler.effectNote                0x2007c260   Data           4  irq_rit.o(.bss..L_MergedGlobals)
    RIT_IRQHandler.ticks                     0x2007c264   Data           4  irq_rit.o(.bss..L_MergedGlobals)
    RIT_IRQHandler.ticksDebouncing           0x2007c268   Data           4  irq_rit.o(.bss..L_MergedGlobals)
    LCD_Code                                 0x2007c26c   Data           1  glcd.o(.bss.LCD_Code)
    [Anonymous Symbol]                       0x2007c26c   Section        0  glcd.o(.bss.LCD_Code)
    TIMER0_IRQHandler.sineticks              0x2007c270   Data           4  irq_timer.o(.bss.TIMER0_IRQHandler.sineticks)
    [Anonymous Symbol]                       0x2007c270   Section        0  irq_timer.o(.bss.TIMER0_IRQHandler.sineticks)
    current                                  0x2007c274   Data           4  irq_adc.o(.bss.current)
    [Anonymous Symbol]                       0x2007c274   Section        0  irq_adc.o(.bss.current)
    Heap_Mem                                 0x2007c5a0   Data           0  startup_lpc17xx.o(HEAP)
    HEAP                                     0x2007c5a0   Section        0  startup_lpc17xx.o(HEAP)

    Global Symbols

    Symbol Name                              Value     Ov Type        Size  Object(Section)

    BuildAttributes$$THM_ISAv4$P$D$K$B$S$PE$A:L22UL41UL21$X:L11$S22US41US21$IEEE1$IW$~IW$USESV6$~STKCKD$USESV7$~SHL$OSPACE$ROPI$EBA8$UX$STANDARDLIB$REQ8$PRES8$EABIv2 0x00000000   Number         0  anon$$obj.o ABSOLUTE
    __Vectors                                0x00000000   Data           4  startup_lpc17xx.o(RESET)
    __fp_init_empty                          0x00000000   Number         0  fpinit_empty.o ABSOLUTE
    __ARM_exceptions_init                     - Undefined Weak Reference
    __alloca_initialize                       - Undefined Weak Reference
    __arm_preinit_                            - Undefined Weak Reference
    __arm_relocate_pie_                       - Undefined Weak Reference
    __cpp_initialize__aeabi_                  - Undefined Weak Reference
    __cxa_finalize                            - Undefined Weak Reference
    __rt_locale                               - Undefined Weak Reference
    __sigvec_lookup                           - Undefined Weak Reference
    _atexit_init                              - Undefined Weak Reference
    _call_atexit_fns                          - Undefined Weak Reference
    _clock_init                               - Undefined Weak Reference
    _fp_trap_init                             - Undefined Weak Reference
    _fp_trap_shutdown                         - Undefined Weak Reference
    _get_lc_collate                           - Undefined Weak Reference
    _get_lc_ctype                             - Undefined Weak Reference
    _get_lc_monetary                          - Undefined Weak Reference
    _get_lc_numeric                           - Undefined Weak Reference
    _get_lc_time                              - Undefined Weak Reference
    _getenv_init                              - Undefined Weak Reference
    _handle_redirection                       - Undefined Weak Reference
    _init_alloc                               - Undefined Weak Reference
    _init_user_alloc                          - Undefined Weak Reference
    _initio                                   - Undefined Weak Reference
    _printf_post_padding                      - Undefined Weak Reference
    _printf_pre_padding                       - Undefined Weak Reference
    _printf_truncate_signed                   - Undefined Weak Reference
    _printf_truncate_unsigned                 - Undefined Weak Reference
    _signal_finish                            - Undefined Weak Reference
    _signal_init                              - Undefined Weak Reference
    _terminate_alloc                          - Undefined Weak Reference
    _terminate_user_alloc                     - Undefined Weak Reference
    _terminateio                              - Undefined Weak Reference
    __main                                   0x000000cd   Thumb Code     8  __main.o(!!!main)
    __scatterload                            0x000000d5   Thumb Code     0  __scatter.o(!!!scatter)
    __scatterload_rt2                        0x000000d5   Thumb Code    84  __scatter.o(!!!scatter)
    __scatterload_rt2_thumb_only             0x000000d5   Thumb Code     0  __scatter.o(!!!scatter)
    __scatterload_loop                       0x000000df   Thumb Code     0  __scatter.o(!!!scatter)
    __decompress                             0x00000131   Thumb Code    90  __dczerorl2.o(!!dczerorl2)
    __decompress1                            0x00000131   Thumb Code     0  __dczerorl2.o(!!dczerorl2)
    __scatterload_copy                       0x0000018d   Thumb Code    26  __scatter_copy.o(!!handler_copy)
    __scatterload_null                       0x000001a9   Thumb Code     2  __scatter.o(!!handler_null)
    __scatterload_zeroinit                   0x000001ad   Thumb Code    28  __scatter_zi.o(!!handler_zi)
    _printf_d                                0x000001c9   Thumb Code     0  _printf_d.o(.ARM.Collect$$_printf_percent$$00000009)
    _printf_percent                          0x000001c9   Thumb Code     0  _printf_percent.o(.ARM.Collect$$_printf_percent$$00000000)
    _printf_percent_end                      0x000001cf   Thumb Code     0  _printf_percent_end.o(.ARM.Collect$$_printf_percent$$00000017)
    __rt_lib_init                            0x000001d3   Thumb Code     0  libinit.o(.ARM.Collect$$libinit$$00000000)
    __rt_lib_init_fp_1                       0x000001d5   Thumb Code     0  libinit2.o(.ARM.Collect$$libinit$$00000002)
    __rt_lib_init_heap_1                     0x000001d5   Thumb Code     0  libinit2.o(.ARM.Collect$$libinit$$0000000C)
    __rt_lib_init_preinit_1                  0x000001d5   Thumb Code     0  libinit2.o(.ARM.Collect$$libinit$$00000006)
    __rt_lib_init_rand_2                     0x000001d5   Thumb Code     0  libinit2.o(.ARM.Collect$$libinit$$0000000F)
    __rt_lib_init_relocate_pie_1             0x000001d5   Thumb Code     0  libinit2.o(.ARM.Collect$$libinit$$00000004)
    __rt_lib_init_user_alloc_1               0x000001d5   Thumb Code     0  libinit2.o(.ARM.Collect$$libinit$$0000000E)
    __rt_lib_init_alloca_1                   0x000001d9   Thumb Code     0  libinit2.o(.ARM.Collect$$libinit$$00000030)
    __rt_lib_init_argv_1                     0x000001d9   Thumb Code     0  libinit2.o(.ARM.Collect$$libinit$$0000002E)
    __rt_lib_init_atexit_1                   0x000001d9   Thumb Code     0  libinit2.o(.ARM.Collect$$libinit$$0000001D)
    __rt_lib_init_clock_1                    0x000001d9   Thumb Code     0  libinit2.o(.ARM.Collect$$libinit$$00000023)
    __rt_lib_init_cpp_1                      0x000001d9   Thumb Code     0  libinit2.o(.ARM.Collect$$libinit$$00000034)
    __rt_lib_init_exceptions_1               0x000001d9   Thumb Code     0  libinit2.o(.ARM.Collect$$libinit$$00000032)
    __rt_lib_init_fp_trap_1                  0x000001d9   Thumb Code     0  libinit2.o(.ARM.Collect$$libinit$$00000021)
    __rt_lib_init_getenv_1                   0x000001d9   Thumb Code     0  libinit2.o(.ARM.Collect$$libinit$$00000025)
    __rt_lib_init_lc_collate_1               0x000001d9   Thumb Code     0  libinit2.o(.ARM.Collect$$libinit$$00000013)
    __rt_lib_init_lc_ctype_1                 0x000001d9   Thumb Code     0  libinit2.o(.ARM.Collect$$libinit$$00000015)
    __rt_lib_init_lc_monetary_1              0x000001d9   Thumb Code     0  libinit2.o(.ARM.Collect$$libinit$$00000017)
    __rt_lib_init_lc_numeric_1               0x000001d9   Thumb Code     0  libinit2.o(.ARM.Collect$$libinit$$00000019)
    __rt_lib_init_lc_time_1                  0x000001d9   Thumb Code     0  libinit2.o(.ARM.Collect$$libinit$$0000001B)
    __rt_lib_init_rand_1                     0x000001d9   Thumb Code     0  libinit2.o(.ARM.Collect$$libinit$$00000010)
    __rt_lib_init_return                     0x000001d9   Thumb Code     0  libinit2.o(.ARM.Collect$$libinit$$00000035)
    __rt_lib_init_signal_1                   0x000001d9   Thumb Code     0  libinit2.o(.ARM.Collect$$libinit$$0000001F)
    __rt_lib_init_stdio_1                    0x000001d9   Thumb Code     0  libinit2.o(.ARM.Collect$$libinit$$00000027)
    __rt_lib_shutdown                        0x000001db   Thumb Code     0  libshutdown.o(.ARM.Collect$$libshutdown$$00000000)
    __rt_lib_shutdown_cpp_1                  0x000001dd   Thumb Code     0  libshutdown2.o(.ARM.Collect$$libshutdown$$00000002)
    __rt_lib_shutdown_fp_trap_1              0x000001dd   Thumb Code     0  libshutdown2.o(.ARM.Collect$$libshutdown$$00000007)
    __rt_lib_shutdown_heap_1                 0x000001dd   Thumb Code     0  libshutdown2.o(.ARM.Collect$$libshutdown$$0000000F)
    __rt_lib_shutdown_return                 0x000001dd   Thumb Code     0  libshutdown2.o(.ARM.Collect$$libshutdown$$00000010)
    __rt_lib_shutdown_signal_1               0x000001dd   Thumb Code     0  libshutdown2.o(.ARM.Collect$$libshutdown$$0000000A)
    __rt_lib_shutdown_stdio_1                0x000001dd   Thumb Code     0  libshutdown2.o(.ARM.Collect$$libshutdown$$00000004)
    __rt_lib_shutdown_user_alloc_1           0x000001dd   Thumb Code     0  libshutdown2.o(.ARM.Collect$$libshutdown$$0000000C)
    __rt_entry                               0x000001df   Thumb Code     0  __rtentry.o(.ARM.Collect$$rtentry$$00000000)
    __rt_entry_presh_1                       0x000001df   Thumb Code     0  __rtentry2.o(.ARM.Collect$$rtentry$$00000002)
    __rt_entry_sh                            0x000001df   Thumb Code     0  __rtentry4.o(.ARM.Collect$$rtentry$$00000004)
    __rt_entry_li                            0x000001e5   Thumb Code     0  __rtentry2.o(.ARM.Collect$$rtentry$$0000000A)
    __rt_entry_postsh_1                      0x000001e5   Thumb Code     0  __rtentry2.o(.ARM.Collect$$rtentry$$00000009)
    __rt_entry_main                          0x000001e9   Thumb Code     0  __rtentry2.o(.ARM.Collect$$rtentry$$0000000D)
    __rt_entry_postli_1                      0x000001e9   Thumb Code     0  __rtentry2.o(.ARM.Collect$$rtentry$$0000000C)
    __rt_exit                                0x000001f1   Thumb Code     0  rtexit.o(.ARM.Collect$$rtexit$$00000000)
    __rt_exit_ls                             0x000001f3   Thumb Code     0  rtexit2.o(.ARM.Collect$$rtexit$$00000003)
    __rt_exit_prels_1                        0x000001f3   Thumb Code     0  rtexit2.o(.ARM.Collect$$rtexit$$00000002)
    __rt_exit_exit                           0x000001f7   Thumb Code     0  rtexit2.o(.ARM.Collect$$rtexit$$00000004)
    rand                                     0x000001fd   Thumb Code    48  rand.o(.emb_text)
    Reset_Handler                            0x00000231   Thumb Code     4  startup_lpc17xx.o(.text)
    NMI_Handler                              0x00000235   Thumb Code     2  startup_lpc17xx.o(.text)
    HardFault_Handler                        0x00000237   Thumb Code     2  startup_lpc17xx.o(.text)
    MemManage_Handler                        0x00000239   Thumb Code     2  startup_lpc17xx.o(.text)
    BusFault_Handler                         0x0000023b   Thumb Code     2  startup_lpc17xx.o(.text)
    UsageFault_Handler                       0x0000023d   Thumb Code     2  startup_lpc17xx.o(.text)
    SVC_Handler                              0x0000023f   Thumb Code     2  startup_lpc17xx.o(.text)
    DebugMon_Handler                         0x00000241   Thumb Code     2  startup_lpc17xx.o(.text)
    PendSV_Handler                           0x00000243   Thumb Code     2  startup_lpc17xx.o(.text)
    SysTick_Handler                          0x00000245   Thumb Code     2  startup_lpc17xx.o(.text)
    BOD_IRQHandler                           0x00000247   Thumb Code     0  startup_lpc17xx.o(.text)
    CANActivity_IRQHandler                   0x00000247   Thumb Code     0  startup_lpc17xx.o(.text)
    CAN_IRQHandler                           0x00000247   Thumb Code     0  startup_lpc17xx.o(.text)
    DMA_IRQHandler                           0x00000247   Thumb Code     0  startup_lpc17xx.o(.text)
    EINT3_IRQHandler                         0x00000247   Thumb Code     0  startup_lpc17xx.o(.text)
    ENET_IRQHandler                          0x00000247   Thumb Code     0  startup_lpc17xx.o(.text)
    I2C0_IRQHandler                          0x00000247   Thumb Code     0  startup_lpc17xx.o(.text)
    I2C1_IRQHandler                          0x00000247   Thumb Code     0  startup_lpc17xx.o(.text)
    I2C2_IRQHandler                          0x00000247   Thumb Code     0  startup_lpc17xx.o(.text)
    I2S_IRQHandler                           0x00000247   Thumb Code     0  startup_lpc17xx.o(.text)
    MCPWM_IRQHandler                         0x00000247   Thumb Code     0  startup_lpc17xx.o(.text)
    PLL0_IRQHandler                          0x00000247   Thumb Code     0  startup_lpc17xx.o(.text)
    PLL1_IRQHandler                          0x00000247   Thumb Code     0  startup_lpc17xx.o(.text)
    PWM1_IRQHandler                          0x00000247   Thumb Code     0  startup_lpc17xx.o(.text)
    QEI_IRQHandler                           0x00000247   Thumb Code     0  startup_lpc17xx.o(.text)
    RTC_IRQHandler                           0x00000247   Thumb Code     0  startup_lpc17xx.o(.text)
    SPI_IRQHandler                           0x00000247   Thumb Code     0  startup_lpc17xx.o(.text)
    SSP0_IRQHandler                          0x00000247   Thumb Code     0  startup_lpc17xx.o(.text)
    SSP1_IRQHandler                          0x00000247   Thumb Code     0  startup_lpc17xx.o(.text)
    UART0_IRQHandler                         0x00000247   Thumb Code     0  startup_lpc17xx.o(.text)
    UART1_IRQHandler                         0x00000247   Thumb Code     0  startup_lpc17xx.o(.text)
    UART2_IRQHandler                         0x00000247   Thumb Code     0  startup_lpc17xx.o(.text)
    UART3_IRQHandler                         0x00000247   Thumb Code     0  startup_lpc17xx.o(.text)
    USBActivity_IRQHandler                   0x00000247   Thumb Code     0  startup_lpc17xx.o(.text)
    USB_IRQHandler                           0x00000247   Thumb Code     0  startup_lpc17xx.o(.text)
    WDT_IRQHandler                           0x00000247   Thumb Code     0  startup_lpc17xx.o(.text)
    __user_initial_stackheap                 0x00000249   Thumb Code     0  startup_lpc17xx.o(.text)
    GetASCIICode                             0x00000265   Thumb Code    16  asciilib.o(.text)
    EINT0_IRQHandler                         0x00000279   Thumb Code    12  irq_button.o(.text)
    EINT1_IRQHandler                         0x00000289   Thumb Code    28  irq_button.o(.text)
    EINT2_IRQHandler                         0x000002a9   Thumb Code    28  irq_button.o(.text)
    __2sprintf                               0x000002c9   Thumb Code    34  noretval__2sprintf.o(.text)
    __use_two_region_memory                  0x000002f1   Thumb Code     2  heapauxi.o(.text)
    __rt_heap_escrow$2region                 0x000002f3   Thumb Code     2  heapauxi.o(.text)
    __rt_heap_expand$2region                 0x000002f5   Thumb Code     2  heapauxi.o(.text)
    __I$use$semihosting                      0x000002f7   Thumb Code     0  use_no_semi.o(.text)
    __use_no_semihosting_swi                 0x000002f7   Thumb Code     2  use_no_semi.o(.text)
    __I$use$fp                               0x000002f8   Number         0  usenofp.o(x$fpl$usenofp)
    __semihosting_library_function           0x000002f9   Thumb Code     0  indicate_semi.o(.text)
    joystick_init                            0x00000301   Thumb Code    24  sample.o(.text)
    main                                     0x00000321   Thumb Code   156  sample.o(.text)
    SystemInit                               0x000003d5   Thumb Code   316  system_lpc17xx.o(.text)
    LCD_Initialization                       0x00000531   Thumb Code 12042  glcd.o(.text)
    LCD_Clear                                0x000034b1   Thumb Code  2028  glcd.o(.text)
    LCD_GetPoint                             0x00004429   Thumb Code  1324  glcd.o(.text)
    LCD_SetPoint                             0x0000499d   Thumb Code   320  glcd.o(.text)
    LCD_DrawLine                             0x00004add   Thumb Code   546  glcd.o(.text)
    PutChar                                  0x00004d01   Thumb Code   210  glcd.o(.text)
    GUI_Text                                 0x00004dd5   Thumb Code   152  glcd.o(.text)
    update                                   0x00004e85   Thumb Code   548  game.o(.text)
    displayTetromino                         0x000050bd   Thumb Code    68  game.o(.text)
    moveSideCurrentTetromino                 0x00005101   Thumb Code   156  game.o(.text)
    getPoints                                0x000051a5   Thumb Code    24  game.o(.text)
    drawBlock                                0x000051bd   Thumb Code    76  game.o(.text)
    drawRect                                 0x0000520d   Thumb Code    64  game.o(.text)
    drawScore                                0x0000524d   Thumb Code   164  game.o(.text)
    redrawBoard                              0x00005321   Thumb Code    52  game.o(.text)
    initGame                                 0x0000535d   Thumb Code   144  game.o(.text)
    displayGame                              0x000053f9   Thumb Code    48  game.o(.text)
    resetGame                                0x0000542d   Thumb Code   136  game.o(.text)
    endGame                                  0x000054c1   Thumb Code    32  game.o(.text)
    generateTetromino                        0x000054e9   Thumb Code   100  game.o(.text)
    moveDownCurrentTetromino                 0x000055e1   Thumb Code   120  game.o(.text)
    rotateCurrentTetromino                   0x00005661   Thumb Code   604  game.o(.text)
    cloneBoard                               0x000058c5   Thumb Code    40  game.o(.text)
    deleteRows                               0x000058f5   Thumb Code   176  game.o(.text)
    slowDown                                 0x000059ad   Thumb Code    16  game.o(.text)
    clearLines                               0x000059c1   Thumb Code   132  game.o(.text)
    togglePause                              0x00005a49   Thumb Code    16  game.o(.text)
    setHardDrop                              0x00005a5d   Thumb Code     8  game.o(.text)
    updateSpeed                              0x00005a69   Thumb Code     8  game.o(.text)
    spawnPowerUp                             0x00005a75   Thumb Code   140  game.o(.text)
    spawnMalus                               0x00005b05   Thumb Code   112  game.o(.text)
    malusEndsGame                            0x00005b79   Thumb Code    28  game.o(.text)
    getJoystickAction                        0x00005b99   Thumb Code    56  game.o(.text)
    clearButtons                             0x00005bd5   Thumb Code    12  game.o(.text)
    isButton1Paused                          0x00005be5   Thumb Code     8  game.o(.text)
    isButton2Paused                          0x00005bf1   Thumb Code     8  game.o(.text)
    pauseButton1                             0x00005bfd   Thumb Code     8  game.o(.text)
    pauseButton2                             0x00005c09   Thumb Code     8  game.o(.text)
    BUTTON_init                              0x00005d35   Thumb Code    96  lib_button.o(.text)
    ADC_IRQHandler                           0x00005da5   Thumb Code    80  irq_adc.o(.text)
    ADC_init                                 0x00005e05   Thumb Code    44  lib_adc.o(.text)
    ADC_start_conversion                     0x00005e45   Thumb Code    12  lib_adc.o(.text)
    playNote                                 0x00005e55   Thumb Code    52  music.o(.text)
    isNotePlaying                            0x00005e89   Thumb Code    24  music.o(.text)
    playEffect                               0x00005ea9   Thumb Code     8  music.o(.text)
    TIMER0_IRQHandler                        0x00005eb1   Thumb Code    48  irq_timer.o(.text)
    TIMER1_IRQHandler                        0x00005eed   Thumb Code    16  irq_timer.o(.text)
    TIMER2_IRQHandler                        0x00005f01   Thumb Code    16  irq_timer.o(.text)
    TIMER3_IRQHandler                        0x00005f15   Thumb Code    16  irq_timer.o(.text)
    enable_timer                             0x00005f29   Thumb Code    36  lib_timer.o(.text)
    disable_timer                            0x00005f51   Thumb Code    36  lib_timer.o(.text)
    reset_timer                              0x00005f85   Thumb Code    40  lib_timer.o(.text)
    init_timer                               0x00005fb1   Thumb Code   116  lib_timer.o(.text)
    enable_RIT                               0x00006035   Thumb Code    12  lib_rit.o(.text)
    disable_RIT                              0x00006045   Thumb Code    12  lib_rit.o(.text)
    reset_RIT                                0x00006055   Thumb Code     8  lib_rit.o(.text)
    init_RIT                                 0x00006061   Thumb Code    68  lib_rit.o(.text)
    RIT_IRQHandler                           0x000060b1   Thumb Code   140  irq_rit.o(.text)
    __printf                                 0x0000615f   Thumb Code   104  __printf.o(.text)
    _printf_int_dec                          0x000061c9   Thumb Code   104  _printf_dec.o(.text)
    srand                                    0x00006241   Thumb Code    42  rand.o(.text)
    _rand_init                               0x0000626b   Thumb Code     4  rand.o(.text)
    __aeabi_memcpy                           0x0000627d   Thumb Code     0  rt_memcpy_v6.o(.text)
    __rt_memcpy                              0x0000627d   Thumb Code   138  rt_memcpy_v6.o(.text)
    _memcpy_lastbytes                        0x000062e3   Thumb Code     0  rt_memcpy_v6.o(.text)
    __aeabi_memclr4                          0x00006307   Thumb Code     0  rt_memclr_w.o(.text)
    __aeabi_memclr8                          0x00006307   Thumb Code     0  rt_memclr_w.o(.text)
    __rt_memclr_w                            0x00006307   Thumb Code     0  rt_memclr_w.o(.text)
    _memset_w                                0x0000630b   Thumb Code    74  rt_memclr_w.o(.text)
    _printf_int_common                       0x00006355   Thumb Code   178  _printf_intcommon.o(.text)
    _printf_char_common                      0x00006413   Thumb Code    32  _printf_char_common.o(.text)
    _sputc                                   0x00006439   Thumb Code    10  _sputc.o(.text)
    __aeabi_memcpy4                          0x00006443   Thumb Code     0  rt_memcpy_w.o(.text)
    __aeabi_memcpy8                          0x00006443   Thumb Code     0  rt_memcpy_w.o(.text)
    __rt_memcpy_w                            0x00006443   Thumb Code   100  rt_memcpy_w.o(.text)
    _memcpy_lastbytes_aligned                0x0000648b   Thumb Code     0  rt_memcpy_w.o(.text)
    __user_setup_stackheap                   0x000064a7   Thumb Code    74  sys_stackheap_outer.o(.text)
    exit                                     0x000064f1   Thumb Code    18  exit.o(.text)
    __user_libspace                          0x00006505   Thumb Code     8  libspace.o(.text)
    __user_perproc_libspace                  0x00006505   Thumb Code     0  libspace.o(.text)
    __user_perthread_libspace                0x00006505   Thumb Code     0  libspace.o(.text)
    _sys_exit                                0x0000650d   Thumb Code     8  sys_exit.o(.text)
    __aeabi_fadd                             0x00006519   Thumb Code     0  faddsub_clz.o(x$fpl$fadd)
    _fadd                                    0x00006519   Thumb Code   196  faddsub_clz.o(x$fpl$fadd)
    __aeabi_fcmpeq                           0x000065dd   Thumb Code     0  fcmp.o(x$fpl$fcmp)
    _feq                                     0x000065dd   Thumb Code    14  fcmp.o(x$fpl$fcmp)
    _fneq                                    0x000065eb   Thumb Code    14  fcmp.o(x$fpl$fcmp)
    __aeabi_fcmpgt                           0x000065f9   Thumb Code     0  fcmp.o(x$fpl$fcmp)
    _fgr                                     0x000065f9   Thumb Code    14  fcmp.o(x$fpl$fcmp)
    __aeabi_fcmpge                           0x00006607   Thumb Code     0  fcmp.o(x$fpl$fcmp)
    _fgeq                                    0x00006607   Thumb Code    14  fcmp.o(x$fpl$fcmp)
    __aeabi_fcmple                           0x00006615   Thumb Code     0  fcmp.o(x$fpl$fcmp)
    _fleq                                    0x00006615   Thumb Code    14  fcmp.o(x$fpl$fcmp)
    __aeabi_fcmplt                           0x00006623   Thumb Code     0  fcmp.o(x$fpl$fcmp)
    _fls                                     0x00006623   Thumb Code    14  fcmp.o(x$fpl$fcmp)
    __fpl_fcmp_Inf                           0x00006631   Thumb Code    24  fcmpi.o(x$fpl$fcmpinf)
    __aeabi_fdiv                             0x00006649   Thumb Code     0  fdiv.o(x$fpl$fdiv)
    _fdiv                                    0x00006649   Thumb Code   384  fdiv.o(x$fpl$fdiv)
    __aeabi_cfcmpeq                          0x000067cd   Thumb Code     0  feqf.o(x$fpl$feqf)
    _fcmpeq                                  0x000067cd   Thumb Code   104  feqf.o(x$fpl$feqf)
    __aeabi_i2f                              0x00006835   Thumb Code     0  fflt_clz.o(x$fpl$fflt)
    _fflt                                    0x00006835   Thumb Code    48  fflt_clz.o(x$fpl$fflt)
    __aeabi_ui2f                             0x00006865   Thumb Code     0  fflt_clz.o(x$fpl$ffltu)
    _ffltu                                   0x00006865   Thumb Code    38  fflt_clz.o(x$fpl$ffltu)
    _fcmpge                                  0x0000688d   Thumb Code   104  fgeqf.o(x$fpl$fgeqf)
    __aeabi_cfcmple                          0x000068f5   Thumb Code     0  fleqf.o(x$fpl$fleqf)
    _fcmple                                  0x000068f5   Thumb Code   104  fleqf.o(x$fpl$fleqf)
    __fpl_fcmple_InfNaN                      0x00006947   Thumb Code     0  fleqf.o(x$fpl$fleqf)
    __aeabi_fmul                             0x0000695d   Thumb Code     0  fmul.o(x$fpl$fmul)
    _fmul                                    0x0000695d   Thumb Code   258  fmul.o(x$fpl$fmul)
    __fpl_fnaninf                            0x00006a5f   Thumb Code   140  fnaninf.o(x$fpl$fnaninf)
    __fpl_fretinf                            0x00006aeb   Thumb Code    10  fretinf.o(x$fpl$fretinf)
    __aeabi_fsub                             0x00006af5   Thumb Code     0  faddsub_clz.o(x$fpl$fsub)
    _fsub                                    0x00006af5   Thumb Code   234  faddsub_clz.o(x$fpl$fsub)
    BLOCK_DROP_EFFECT                        0x000071fc   Data           8  music.o(.rodata.BLOCK_DROP_EFFECT)
    GAME_OVER_EFFECT                         0x00007204   Data           8  music.o(.rodata.GAME_OVER_EFFECT)
    LINE_CLEAR_EFFECT                        0x0000720c   Data           8  music.o(.rodata.LINE_CLEAR_EFFECT)
    NO_EFFECT                                0x00007214   Data           8  music.o(.rodata.NO_EFFECT)
    TETRIS_MUSIC                             0x0000721c   Data           8  music.o(.rodata.TETRIS_MUSIC)
    block_drop_effect                        0x00007224   Data          24  music.o(.rodata.block_drop_effect)
    game_over_effect                         0x0000723c   Data          56  music.o(.rodata.game_over_effect)
    line_clear_effect                        0x00007274   Data          32  music.o(.rodata.line_clear_effect)
    Region$$Table$$Base                      0x00007294   Number         0  anon$$obj.o(Region$$Table)
    Region$$Table$$Limit                     0x000072d4   Number         0  anon$$obj.o(Region$$Table)
    SinTable                                 0x10000000   Data          90  irq_timer.o(.data.SinTable)
    _random_number_data                      0x10000060   Data         228  rand.o(.bss)
    __libspace_start                         0x10000144   Data          96  libspace.o(.bss)
    __temporary_stack_top$libspace           0x100001a4   Data           0  libspace.o(.bss)
    SystemFrequency                          0x2007c000   Data           4  system_lpc17xx.o(.data.SystemFrequency)
    marginSize                               0x2007c008   Data           4  game.o(.data.marginSize)
    tetris_song                              0x2007c00c   Data         496  music.o(.data.tetris_song)
    scores                                   0x2007c210   Data          12  game.o(.bss..L_MergedGlobals)
    flags                                    0x2007c21c   Data          28  game.o(.bss..L_MergedGlobals)
    currentTetromino                         0x2007c238   Data          36  game.o(.bss..L_MergedGlobals)
    playingEffect                            0x2007c278   Data           8  music.o(.bss.playingEffect)
    tetrisBoard                              0x2007c280   Data         400  game.o(.bss.tetrisBoard)
    tetrisBoardClone                         0x2007c410   Data         400  game.o(.bss.tetrisBoardClone)



==============================================================================

Memory Map of the image

  Image Entry point : 0x000000cd

  Load Region LR_IROM1 (Base: 0x00000000, Size: 0x00007538, Max: 0x00080000, ABSOLUTE, COMPRESSED[0x000073a8])

    Execution Region ER_IROM1 (Exec base: 0x00000000, Load base: 0x00000000, Size: 0x000072d4, Max: 0x00080000, ABSOLUTE)

    Exec Addr    Load Addr    Size         Type   Attr      Idx    E Section Name        Object

    0x00000000   0x00000000   0x000000cc   Data   RO            3    RESET               startup_lpc17xx.o
    0x000000cc   0x000000cc   0x00000008   Code   RO          197  * !!!main             c_w.l(__main.o)
    0x000000d4   0x000000d4   0x0000005c   Code   RO          408    !!!scatter          c_w.l(__scatter.o)
    0x00000130   0x00000130   0x0000005a   Code   RO          406    !!dczerorl2         c_w.l(__dczerorl2.o)
    0x0000018a   0x0000018a   0x00000002   PAD
    0x0000018c   0x0000018c   0x0000001a   Code   RO          412    !!handler_copy      c_w.l(__scatter_copy.o)
    0x000001a6   0x000001a6   0x00000002   PAD
    0x000001a8   0x000001a8   0x00000002   Code   RO          409    !!handler_null      c_w.l(__scatter.o)
    0x000001aa   0x000001aa   0x00000002   PAD
    0x000001ac   0x000001ac   0x0000001c   Code   RO          414    !!handler_zi        c_w.l(__scatter_zi.o)
    0x000001c8   0x000001c8   0x00000000   Code   RO          185    .ARM.Collect$$_printf_percent$$00000000  c_w.l(_printf_percent.o)
    0x000001c8   0x000001c8   0x00000006   Code   RO          184    .ARM.Collect$$_printf_percent$$00000009  c_w.l(_printf_d.o)
    0x000001ce   0x000001ce   0x00000004   Code   RO          226    .ARM.Collect$$_printf_percent$$00000017  c_w.l(_printf_percent_end.o)
    0x000001d2   0x000001d2   0x00000002   Code   RO          323    .ARM.Collect$$libinit$$00000000  c_w.l(libinit.o)
    0x000001d4   0x000001d4   0x00000000   Code   RO          230    .ARM.Collect$$libinit$$00000002  c_w.l(libinit2.o)
    0x000001d4   0x000001d4   0x00000000   Code   RO          232    .ARM.Collect$$libinit$$00000004  c_w.l(libinit2.o)
    0x000001d4   0x000001d4   0x00000000   Code   RO          234    .ARM.Collect$$libinit$$00000006  c_w.l(libinit2.o)
    0x000001d4   0x000001d4   0x00000000   Code   RO          237    .ARM.Collect$$libinit$$0000000C  c_w.l(libinit2.o)
    0x000001d4   0x000001d4   0x00000000   Code   RO          239    .ARM.Collect$$libinit$$0000000E  c_w.l(libinit2.o)
    0x000001d4   0x000001d4   0x00000004   Code   RO          240    .ARM.Collect$$libinit$$0000000F  c_w.l(libinit2.o)
    0x000001d8   0x000001d8   0x00000000   Code   RO          241    .ARM.Collect$$libinit$$00000010  c_w.l(libinit2.o)
    0x000001d8   0x000001d8   0x00000000   Code   RO          244    .ARM.Collect$$libinit$$00000013  c_w.l(libinit2.o)
    0x000001d8   0x000001d8   0x00000000   Code   RO          246    .ARM.Collect$$libinit$$00000015  c_w.l(libinit2.o)
    0x000001d8   0x000001d8   0x00000000   Code   RO          248    .ARM.Collect$$libinit$$00000017  c_w.l(libinit2.o)
    0x000001d8   0x000001d8   0x00000000   Code   RO          250    .ARM.Collect$$libinit$$00000019  c_w.l(libinit2.o)
    0x000001d8   0x000001d8   0x00000000   Code   RO          252    .ARM.Collect$$libinit$$0000001B  c_w.l(libinit2.o)
    0x000001d8   0x000001d8   0x00000000   Code   RO          254    .ARM.Collect$$libinit$$0000001D  c_w.l(libinit2.o)
    0x000001d8   0x000001d8   0x00000000   Code   RO          256    .ARM.Collect$$libinit$$0000001F  c_w.l(libinit2.o)
    0x000001d8   0x000001d8   0x00000000   Code   RO          258    .ARM.Collect$$libinit$$00000021  c_w.l(libinit2.o)
    0x000001d8   0x000001d8   0x00000000   Code   RO          260    .ARM.Collect$$libinit$$00000023  c_w.l(libinit2.o)
    0x000001d8   0x000001d8   0x00000000   Code   RO          262    .ARM.Collect$$libinit$$00000025  c_w.l(libinit2.o)
    0x000001d8   0x000001d8   0x00000000   Code   RO          264    .ARM.Collect$$libinit$$00000027  c_w.l(libinit2.o)
    0x000001d8   0x000001d8   0x00000000   Code   RO          268    .ARM.Collect$$libinit$$0000002E  c_w.l(libinit2.o)
    0x000001d8   0x000001d8   0x00000000   Code   RO          270    .ARM.Collect$$libinit$$00000030  c_w.l(libinit2.o)
    0x000001d8   0x000001d8   0x00000000   Code   RO          272    .ARM.Collect$$libinit$$00000032  c_w.l(libinit2.o)
    0x000001d8   0x000001d8   0x00000000   Code   RO          274    .ARM.Collect$$libinit$$00000034  c_w.l(libinit2.o)
    0x000001d8   0x000001d8   0x00000002   Code   RO          275    .ARM.Collect$$libinit$$00000035  c_w.l(libinit2.o)
    0x000001da   0x000001da   0x00000002   Code   RO          365    .ARM.Collect$$libshutdown$$00000000  c_w.l(libshutdown.o)
    0x000001dc   0x000001dc   0x00000000   Code   RO          373    .ARM.Collect$$libshutdown$$00000002  c_w.l(libshutdown2.o)
    0x000001dc   0x000001dc   0x00000000   Code   RO          375    .ARM.Collect$$libshutdown$$00000004  c_w.l(libshutdown2.o)
    0x000001dc   0x000001dc   0x00000000   Code   RO          378    .ARM.Collect$$libshutdown$$00000007  c_w.l(libshutdown2.o)
    0x000001dc   0x000001dc   0x00000000   Code   RO          381    .ARM.Collect$$libshutdown$$0000000A  c_w.l(libshutdown2.o)
    0x000001dc   0x000001dc   0x00000000   Code   RO          383    .ARM.Collect$$libshutdown$$0000000C  c_w.l(libshutdown2.o)
    0x000001dc   0x000001dc   0x00000000   Code   RO          386    .ARM.Collect$$libshutdown$$0000000F  c_w.l(libshutdown2.o)
    0x000001dc   0x000001dc   0x00000002   Code   RO          387    .ARM.Collect$$libshutdown$$00000010  c_w.l(libshutdown2.o)
    0x000001de   0x000001de   0x00000000   Code   RO          219    .ARM.Collect$$rtentry$$00000000  c_w.l(__rtentry.o)
    0x000001de   0x000001de   0x00000000   Code   RO          288    .ARM.Collect$$rtentry$$00000002  c_w.l(__rtentry2.o)
    0x000001de   0x000001de   0x00000006   Code   RO          300    .ARM.Collect$$rtentry$$00000004  c_w.l(__rtentry4.o)
    0x000001e4   0x000001e4   0x00000000   Code   RO          290    .ARM.Collect$$rtentry$$00000009  c_w.l(__rtentry2.o)
    0x000001e4   0x000001e4   0x00000004   Code   RO          291    .ARM.Collect$$rtentry$$0000000A  c_w.l(__rtentry2.o)
    0x000001e8   0x000001e8   0x00000000   Code   RO          293    .ARM.Collect$$rtentry$$0000000C  c_w.l(__rtentry2.o)
    0x000001e8   0x000001e8   0x00000008   Code   RO          294    .ARM.Collect$$rtentry$$0000000D  c_w.l(__rtentry2.o)
    0x000001f0   0x000001f0   0x00000002   Code   RO          331    .ARM.Collect$$rtexit$$00000000  c_w.l(rtexit.o)
    0x000001f2   0x000001f2   0x00000000   Code   RO          343    .ARM.Collect$$rtexit$$00000002  c_w.l(rtexit2.o)
    0x000001f2   0x000001f2   0x00000004   Code   RO          344    .ARM.Collect$$rtexit$$00000003  c_w.l(rtexit2.o)
    0x000001f6   0x000001f6   0x00000006   Code   RO          345    .ARM.Collect$$rtexit$$00000004  c_w.l(rtexit2.o)
    0x000001fc   0x000001fc   0x00000034   Code   RO          186    .emb_text           c_w.l(rand.o)
    0x00000230   0x00000230   0x00000034   Code   RO            5    .text               startup_lpc17xx.o
    0x00000264   0x00000264   0x00000014   Code   RO           29    .text               asciilib.o
    0x00000278   0x00000278   0x00000050   Code   RO           72    .text               irq_button.o
    0x000002c8   0x000002c8   0x00000028   Code   RO          158    .text               c_w.l(noretval__2sprintf.o)
    0x000002f0   0x000002f0   0x00000006   Code   RO          195    .text               c_w.l(heapauxi.o)
    0x000002f6   0x000002f6   0x00000002   Code   RO          339    .text               c_w.l(use_no_semi.o)
    0x000002f8   0x000002f8   0x00000000   Code   RO          341    .text               c_w.l(indicate_semi.o)
    0x000002f8   0x000002f8   0x00000000   Code   RO          286    x$fpl$usenofp       fz_ws.l(usenofp.o)
    0x000002f8   0x000002f8   0x00000003   Data   RO           61    .rodata.str1.1      game.o
    0x000002fb   0x000002fb   0x00000001   PAD
    0x000002fc   0x000002fc   0x00000004   Code   RO            4    .ARM.__at_0x02FC    startup_lpc17xx.o
    0x00000300   0x00000300   0x000000d4   Code   RO           13    .text               sample.o
    0x000003d4   0x000003d4   0x0000015c   Code   RO           21    .text               system_lpc17xx.o
    0x00000530   0x00000530   0x00004952   Code   RO           38    .text               glcd.o
    0x00004e82   0x00004e82   0x00000002   PAD
    0x00004e84   0x00004e84   0x00000eb0   Code   RO           55    .text               game.o
    0x00005d34   0x00005d34   0x00000070   Code   RO           79    .text               lib_button.o
    0x00005da4   0x00005da4   0x00000060   Code   RO           86    .text               irq_adc.o
    0x00005e04   0x00005e04   0x00000050   Code   RO           95    .text               lib_adc.o
    0x00005e54   0x00005e54   0x0000005c   Code   RO          102    .text               music.o
    0x00005eb0   0x00005eb0   0x00000078   Code   RO          120    .text               irq_timer.o
    0x00005f28   0x00005f28   0x0000010c   Code   RO          129    .text               lib_timer.o
    0x00006034   0x00006034   0x0000007c   Code   RO          137    .text               lib_rit.o
    0x000060b0   0x000060b0   0x000000ae   Code   RO          146    .text               irq_rit.o
    0x0000615e   0x0000615e   0x00000068   Code   RO          160    .text               c_w.l(__printf.o)
    0x000061c6   0x000061c6   0x00000002   PAD
    0x000061c8   0x000061c8   0x00000078   Code   RO          162    .text               c_w.l(_printf_dec.o)
    0x00006240   0x00006240   0x0000003c   Code   RO          187    .text               c_w.l(rand.o)
    0x0000627c   0x0000627c   0x0000008a   Code   RO          191    .text               c_w.l(rt_memcpy_v6.o)
    0x00006306   0x00006306   0x0000004e   Code   RO          193    .text               c_w.l(rt_memclr_w.o)
    0x00006354   0x00006354   0x000000b2   Code   RO          220    .text               c_w.l(_printf_intcommon.o)
    0x00006406   0x00006406   0x00000002   PAD
    0x00006408   0x00006408   0x00000030   Code   RO          222    .text               c_w.l(_printf_char_common.o)
    0x00006438   0x00006438   0x0000000a   Code   RO          224    .text               c_w.l(_sputc.o)
    0x00006442   0x00006442   0x00000064   Code   RO          227    .text               c_w.l(rt_memcpy_w.o)
    0x000064a6   0x000064a6   0x0000004a   Code   RO          310    .text               c_w.l(sys_stackheap_outer.o)
    0x000064f0   0x000064f0   0x00000012   Code   RO          312    .text               c_w.l(exit.o)
    0x00006502   0x00006502   0x00000002   PAD
    0x00006504   0x00006504   0x00000008   Code   RO          328    .text               c_w.l(libspace.o)
    0x0000650c   0x0000650c   0x0000000c   Code   RO          355    .text               c_w.l(sys_exit.o)
    0x00006518   0x00006518   0x000000c4   Code   RO          199    x$fpl$fadd          fz_ws.l(faddsub_clz.o)
    0x000065dc   0x000065dc   0x00000054   Code   RO          205    x$fpl$fcmp          fz_ws.l(fcmp.o)
    0x00006630   0x00006630   0x00000018   Code   RO          306    x$fpl$fcmpinf       fz_ws.l(fcmpi.o)
    0x00006648   0x00006648   0x00000184   Code   RO          208    x$fpl$fdiv          fz_ws.l(fdiv.o)
    0x000067cc   0x000067cc   0x00000068   Code   RO          276    x$fpl$feqf          fz_ws.l(feqf.o)
    0x00006834   0x00006834   0x00000030   Code   RO          212    x$fpl$fflt          fz_ws.l(fflt_clz.o)
    0x00006864   0x00006864   0x00000026   Code   RO          211    x$fpl$ffltu         fz_ws.l(fflt_clz.o)
    0x0000688a   0x0000688a   0x00000002   PAD
    0x0000688c   0x0000688c   0x00000068   Code   RO          278    x$fpl$fgeqf         fz_ws.l(fgeqf.o)
    0x000068f4   0x000068f4   0x00000068   Code   RO          280    x$fpl$fleqf         fz_ws.l(fleqf.o)
    0x0000695c   0x0000695c   0x00000102   Code   RO          217    x$fpl$fmul          fz_ws.l(fmul.o)
    0x00006a5e   0x00006a5e   0x0000008c   Code   RO          282    x$fpl$fnaninf       fz_ws.l(fnaninf.o)
    0x00006aea   0x00006aea   0x0000000a   Code   RO          284    x$fpl$fretinf       fz_ws.l(fretinf.o)
    0x00006af4   0x00006af4   0x000000ea   Code   RO          201    x$fpl$fsub          fz_ws.l(faddsub_clz.o)
    0x00006bde   0x00006bde   0x00000002   PAD
    0x00006be0   0x00006be0   0x0000001c   Data   RO           63    .rodata..Lswitch.table.generateTetromino  game.o
    0x00006bfc   0x00006bfc   0x0000000e   Data   RO           64    .rodata..Lswitch.table.generateTetromino.9  game.o
    0x00006c0a   0x00006c0a   0x000005f0   Data   RO           31    .rodata.AsciiLib    asciilib.o
    0x000071fa   0x000071fa   0x00000002   PAD
    0x000071fc   0x000071fc   0x00000008   Data   RO          109    .rodata.BLOCK_DROP_EFFECT  music.o
    0x00007204   0x00007204   0x00000008   Data   RO          111    .rodata.GAME_OVER_EFFECT  music.o
    0x0000720c   0x0000720c   0x00000008   Data   RO          110    .rodata.LINE_CLEAR_EFFECT  music.o
    0x00007214   0x00007214   0x00000008   Data   RO          108    .rodata.NO_EFFECT   music.o
    0x0000721c   0x0000721c   0x00000008   Data   RO          112    .rodata.TETRIS_MUSIC  music.o
    0x00007224   0x00007224   0x00000018   Data   RO          105    .rodata.block_drop_effect  music.o
    0x0000723c   0x0000723c   0x00000038   Data   RO          107    .rodata.game_over_effect  music.o
    0x00007274   0x00007274   0x00000020   Data   RO          106    .rodata.line_clear_effect  music.o
    0x00007294   0x00007294   0x00000040   Data   RO          405    Region$$Table       anon$$obj.o


    Execution Region RW_IRAM1 (Exec base: 0x10000000, Load base: 0x000072d8, Size: 0x000005a8, Max: 0x00008000, ABSOLUTE)

    Exec Addr    Load Addr    Size         Type   Attr      Idx    E Section Name        Object

    0x10000000   0x000072d8   0x0000005a   Data   RW          122    .data.SinTable      irq_timer.o
    0x1000005a   0x00007332   0x00000006   PAD
    0x10000060        -       0x000000e4   Zero   RW          188    .bss                c_w.l(rand.o)
    0x10000144        -       0x00000060   Zero   RW          329    .bss                c_w.l(libspace.o)
    0x100001a4   0x00007332   0x00000004   PAD
    0x100001a8        -       0x00000400   Zero   RW            1    STACK               startup_lpc17xx.o


    Execution Region RW_IRAM2 (Exec base: 0x2007c000, Load base: 0x00007338, Size: 0x000005a0, Max: 0x00008000, ABSOLUTE, COMPRESSED[0x00000070])

    Exec Addr    Load Addr    Size         Type   Attr      Idx    E Section Name        Object

    0x2007c000   COMPRESSED   0x00000004   Data   RW           23    .data.SystemFrequency  system_lpc17xx.o
    0x2007c004   COMPRESSED   0x00000004   Data   RW           89    .data.last          irq_adc.o
    0x2007c008   COMPRESSED   0x00000004   Data   RW           58    .data.marginSize    game.o
    0x2007c00c   COMPRESSED   0x000001f0   Data   RW          104    .data.tetris_song   music.o
    0x2007c1fc   COMPRESSED   0x00000004   PAD
    0x2007c200        -       0x0000005c   Zero   RW           65    .bss..L_MergedGlobals  game.o
    0x2007c25c        -       0x00000010   Zero   RW          148    .bss..L_MergedGlobals  irq_rit.o
    0x2007c26c        -       0x00000001   Zero   RW           40    .bss.LCD_Code       glcd.o
    0x2007c26d   COMPRESSED   0x00000003   PAD
    0x2007c270        -       0x00000004   Zero   RW          123    .bss.TIMER0_IRQHandler.sineticks  irq_timer.o
    0x2007c274        -       0x00000004   Zero   RW           88    .bss.current        irq_adc.o
    0x2007c278        -       0x00000008   Zero   RW          113    .bss.playingEffect  music.o
    0x2007c280        -       0x00000190   Zero   RW           57    .bss.tetrisBoard    game.o
    0x2007c410        -       0x00000190   Zero   RW           62    .bss.tetrisBoardClone  game.o
    0x2007c5a0        -       0x00000000   Zero   RW            2    HEAP                startup_lpc17xx.o


==============================================================================

Image component sizes


      Code (inc. data)   RO Data    RW Data    ZI Data      Debug   Object Name

        20          4       1520          0          0        644   asciilib.o
      3760        398         45          4        892      14455   game.o
     18770          0          0          0          1      24974   glcd.o
        96         16          0          4          4       1295   irq_adc.o
        80         12          0          0          0       1766   irq_button.o
       174         20          0          0         16       1822   irq_rit.o
       120         24          0         90          4       1686   irq_timer.o
        80         24          0          0          0       4099   lib_adc.o
       112         16          0          0          0       5501   lib_button.o
       124         24          0          0          0       3533   lib_rit.o
       268         56          0          0          0       4419   lib_timer.o
        92          8        152        496          8       2720   music.o
       212         32          0          0          0       4056   sample.o
        56         22        204          0       1024        980   startup_lpc17xx.o
       348         40          0          4          0       1825   system_lpc17xx.o

    ----------------------------------------------------------------------
     24314        696       1988        600       1960      73775   Object Totals
         0          0         64          0          0          0   (incl. Generated)
         2          0          3          2         11          0   (incl. Padding)

    ----------------------------------------------------------------------

      Code (inc. data)   RO Data    RW Data    ZI Data      Debug   Library Member Name

        90          0          0          0          0          0   __dczerorl2.o
         8          0          0          0          0         68   __main.o
       104          0          0          0          0         84   __printf.o
         0          0          0          0          0          0   __rtentry.o
        12          0          0          0          0          0   __rtentry2.o
         6          0          0          0          0          0   __rtentry4.o
        94          8          0          0          0          0   __scatter.o
        26          0          0          0          0          0   __scatter_copy.o
        28          0          0          0          0          0   __scatter_zi.o
        48          6          0          0          0         96   _printf_char_common.o
         6          0          0          0          0          0   _printf_d.o
       120         16          0          0          0         92   _printf_dec.o
       178          0          0          0          0         88   _printf_intcommon.o
         0          0          0          0          0          0   _printf_percent.o
         4          0          0          0          0          0   _printf_percent_end.o
        10          0          0          0          0         68   _sputc.o
        18          0          0          0          0         80   exit.o
         6          0          0          0          0        152   heapauxi.o
         0          0          0          0          0          0   indicate_semi.o
         2          0          0          0          0          0   libinit.o
         6          0          0          0          0          0   libinit2.o
         2          0          0          0          0          0   libshutdown.o
         2          0          0          0          0          0   libshutdown2.o
         8          4          0          0         96         68   libspace.o
        40          6          0          0          0         84   noretval__2sprintf.o
       112         18          0          0        228        160   rand.o
        78          0          0          0          0         80   rt_memclr_w.o
       138          0          0          0          0         68   rt_memcpy_v6.o
       100          0          0          0          0         80   rt_memcpy_w.o
         2          0          0          0          0          0   rtexit.o
        10          0          0          0          0          0   rtexit2.o
        12          4          0          0          0         68   sys_exit.o
        74          0          0          0          0         80   sys_stackheap_outer.o
         2          0          0          0          0         68   use_no_semi.o
       430          8          0          0          0        168   faddsub_clz.o
        84          0          0          0          0        196   fcmp.o
        24          0          0          0          0         68   fcmpi.o
       388         76          0          0          0         96   fdiv.o
       104          4          0          0          0         84   feqf.o
        86          0          0          0          0        136   fflt_clz.o
       104          4          0          0          0         84   fgeqf.o
       104          4          0          0          0         84   fleqf.o
       258          4          0          0          0         84   fmul.o
       140          4          0          0          0         84   fnaninf.o
        10          0          0          0          0         68   fretinf.o
         0          0          0          0          0          0   usenofp.o

    ----------------------------------------------------------------------
      3094        166          0          0        328       2636   Library Totals
        16          0          0          0          4          0   (incl. Padding)

    ----------------------------------------------------------------------

      Code (inc. data)   RO Data    RW Data    ZI Data      Debug   Library Name

      1346         62          0          0        324       1484   c_w.l
      1732        104          0          0          0       1152   fz_ws.l

    ----------------------------------------------------------------------
      3094        166          0          0        328       2636   Library Totals

    ----------------------------------------------------------------------

==============================================================================


      Code (inc. data)   RO Data    RW Data    ZI Data      Debug   

     27408        862       1988        600       2288      74931   Grand Totals
     27408        862       1988        204       2288      74931   ELF Image Totals (compressed)
     27408        862       1988        204          0          0   ROM Totals

==============================================================================

    Total RO  Size (Code + RO Data)                29396 (  28.71kB)
    Total RW  Size (RW Data + ZI Data)              2888 (   2.82kB)
    Total ROM Size (Code + RO Data + RW Data)      29600 (  28.91kB)

==============================================================================

