<html>
<body>
<pre>
<h1>µVision Build Log</h1>
<h2>Tool Versions:</h2>
IDE-Version: µVision V5.43.1.0
Copyright (C) 2025 ARM Ltd and ARM Germany GmbH. All rights reserved.
License Information: Lorenzo Gili, PoliTo, LIC=----
 
Tool Versions:
Toolchain:       MDK-Lite  Version: 5.43.0.0
Toolchain Path:  C:\Users\loren\AppData\Local\Keil_v5\ARM\ARMCLANG\Bin
C Compiler:      ArmClang.exe V6.24
Assembler:       Armasm.exe V6.24
Linker/Locator:  ArmLink.exe V6.24
Library Manager: ArmAr.exe V6.24
Hex Converter:   FromElf.exe V6.24
CPU DLL:         SARMCM3.DLL V5.43.0.0
Dialog DLL:      DARMP1.DLL V1.28.1.0
Target DLL:      UL2CM3.DLL V1.164.16.0
Dialog DLL:      TARMP1.DLL V1.27.1.0
 
<h2>Project:</h2>
C:\Users\loren\Desktop\ExamArchitectures\Keil Templates\12_sample_GLCD_TP\sample.uvprojx
Project File Date:  12/15/2025

<h2>Output:</h2>
*** Using Compiler 'V6.24', folder: 'C:\Users\loren\AppData\Local\Keil_v5\ARM\ARMCLANG\Bin'
Build target 'SW_DEBUG'
assembling startup_LPC17xx.s...
creating preprocessor file for IRQ_timer.c...
creating preprocessor file for sample.c...
creating preprocessor file for system_LPC17xx.c...
compiling sample.c...
compiling system_LPC17xx.c...
creating preprocessor file for lib_timer.c...
compiling lib_timer.c...
compiling IRQ_timer.c...
creating preprocessor file for AsciiLib.c...
compiling AsciiLib.c...
creating preprocessor file for GLCD.c...
creating preprocessor file for HzLib.c...
creating preprocessor file for TouchPanel.c...
compiling TouchPanel.c...
compiling GLCD.c...
compiling HzLib.c...
linking...
Program Size: Code=14152 RO-data=1852 RW-data=16 ZI-data=1208  
".\Objects\sample_GLCD_TP.axf" - 0 Error(s), 0 Warning(s).

<h2>Software Packages used:</h2>

Package Vendor: Keil
                https://www.keil.com/pack/Keil.LPC1700_DFP.2.7.2.pack
                Keil::LPC1700_DFP@2.7.2
                NXP LPC1700 Series Device Support, Drivers and Examples for MCB1700 and LPC1788-32

<h2>Collection of Component include folders:</h2>
  C:/Users/loren/AppData/Local/Arm/Packs/Keil/LPC1700_DFP/2.7.2/Device/Include

<h2>Collection of Component Files used:</h2>
Build Time Elapsed:  00:00:05
</pre>
</body>
</html>
