Component: Arm Compiler for Embedded 6.24 Tool: armlink [5f371500]

==============================================================================

Section Cross References

    startup_lpc17xx.o(STACK) refers (Special) to heapauxi.o(.text) for __use_two_region_memory
    startup_lpc17xx.o(HEAP) refers (Special) to heapauxi.o(.text) for __use_two_region_memory
    startup_lpc17xx.o(RESET) refers (Special) to heapauxi.o(.text) for __use_two_region_memory
    startup_lpc17xx.o(RESET) refers to startup_lpc17xx.o(STACK) for __initial_sp
    startup_lpc17xx.o(RESET) refers to startup_lpc17xx.o(.text) for Reset_Handler
    startup_lpc17xx.o(RESET) refers to irq_timer.o(.text) for TIMER0_IRQHandler
    startup_lpc17xx.o(RESET) refers to irq_button.o(.text) for EINT0_IRQHandler
    startup_lpc17xx.o(.ARM.__at_0x02FC) refers (Special) to heapauxi.o(.text) for __use_two_region_memory
    startup_lpc17xx.o(.text) refers (Special) to heapauxi.o(.text) for __use_two_region_memory
    startup_lpc17xx.o(.text) refers to __main.o(!!!main) for __main
    startup_lpc17xx.o(.text) refers to startup_lpc17xx.o(HEAP) for Heap_Mem
    startup_lpc17xx.o(.text) refers to startup_lpc17xx.o(STACK) for Stack_Mem
    sample.o(.text) refers to system_lpc17xx.o(.text) for SystemInit
    sample.o(.text) refers to lib_button.o(.text) for BUTTON_init
    sample.o(.text) refers to glcd.o(.text) for LCD_Initialization
    sample.o(.text) refers to game.o(.text) for initGame
    sample.o(.text) refers to lib_timer.o(.text) for init_timer
    sample.o(.ARM.exidx) refers to sample.o(.text) for [Anonymous Symbol]
    system_lpc17xx.o(.text) refers to system_lpc17xx.o(.data.SystemFrequency) for SystemFrequency
    system_lpc17xx.o(.text) refers to system_lpc17xx.o(.bss.ScaleFlag) for ScaleFlag
    system_lpc17xx.o(.ARM.exidx) refers to system_lpc17xx.o(.text) for [Anonymous Symbol]
    irq_timer.o(.text) refers to game.o(.text) for update
    irq_timer.o(.ARM.exidx) refers to irq_timer.o(.text) for [Anonymous Symbol]
    lib_timer.o(.ARM.exidx) refers to lib_timer.o(.text) for [Anonymous Symbol]
    asciilib.o(.text) refers to asciilib.o(.rodata.AsciiLib) for AsciiLib
    asciilib.o(.ARM.exidx) refers to asciilib.o(.text) for [Anonymous Symbol]
    glcd.o(.text) refers to glcd.o(.bss.LCD_Code) for LCD_Code
    glcd.o(.text) refers to asciilib.o(.text) for GetASCIICode
    glcd.o(.ARM.exidx) refers to glcd.o(.text) for [Anonymous Symbol]
    hzlib.o(.text) refers to hzlib.o(.rodata.HzLib) for HzLib
    hzlib.o(.text) refers to rt_memcpy_v6.o(.text) for __aeabi_memcpy
    hzlib.o(.ARM.exidx) refers to hzlib.o(.text) for [Anonymous Symbol]
    game.o(.text) refers to game.o(.bss.flags) for flags
    game.o(.text) refers to game.o(.bss.seed) for seed
    game.o(.text) refers to game.o(.bss.numTicsFromLastUpdate) for numTicsFromLastUpdate
    game.o(.text) refers to rand.o(.text) for srand
    game.o(.text) refers to game.o(.bss.currentTetromino) for currentTetromino
    game.o(.text) refers to game.o(.bss.scores) for scores
    game.o(.text) refers to game.o(.bss.tetrisBoard) for tetrisBoard
    game.o(.text) refers to game.o(.data.marginSize) for marginSize
    game.o(.text) refers to glcd.o(.text) for LCD_SetPoint
    game.o(.text) refers to game.o(.data.col) for col
    game.o(.text) refers to game.o(.rodata.str1.1) for .L.str
    game.o(.text) refers to game.o(.bss.tetrisBoardClone) for tetrisBoardClone
    game.o(.text) refers to game.o(.data.row) for row
    game.o(.text) refers to rand.o(.emb_text) for rand
    game.o(.ARM.exidx) refers to game.o(.text) for [Anonymous Symbol]
    irq_button.o(.text) refers to game.o(.text) for togglePause
    irq_button.o(.ARM.exidx) refers to irq_button.o(.text) for [Anonymous Symbol]
    lib_button.o(.ARM.exidx) refers to lib_button.o(.text) for [Anonymous Symbol]
    rand.o(.emb_text) refers (Special) to libinit2.o(.ARM.Collect$$libinit$$0000000F) for __rt_lib_init_rand_2
    rand.o(.emb_text) refers to rand.o(.text) for _rand_init
    rand.o(.emb_text) refers to rand.o(.bss) for _random_number_data
    rand.o(.text) refers (Special) to libinit2.o(.ARM.Collect$$libinit$$0000000F) for __rt_lib_init_rand_2
    rand.o(.text) refers to rand.o(.bss) for .bss
    rand.o(.bss) refers (Special) to libinit2.o(.ARM.Collect$$libinit$$0000000F) for __rt_lib_init_rand_2
    rt_memcpy_v6.o(.text) refers to rt_memcpy_w.o(.text) for __aeabi_memcpy4
    __main.o(!!!main) refers to __rtentry.o(.ARM.Collect$$rtentry$$00000000) for __rt_entry
    __rtentry.o(.ARM.Collect$$rtentry$$00000000) refers (Special) to __rtentry2.o(.ARM.Collect$$rtentry$$0000000A) for __rt_entry_li
    __rtentry.o(.ARM.Collect$$rtentry$$00000000) refers (Special) to __rtentry2.o(.ARM.Collect$$rtentry$$0000000D) for __rt_entry_main
    __rtentry.o(.ARM.Collect$$rtentry$$00000000) refers (Special) to __rtentry2.o(.ARM.Collect$$rtentry$$0000000C) for __rt_entry_postli_1
    __rtentry.o(.ARM.Collect$$rtentry$$00000000) refers (Special) to __rtentry2.o(.ARM.Collect$$rtentry$$00000009) for __rt_entry_postsh_1
    __rtentry.o(.ARM.Collect$$rtentry$$00000000) refers (Special) to __rtentry2.o(.ARM.Collect$$rtentry$$00000002) for __rt_entry_presh_1
    __rtentry.o(.ARM.Collect$$rtentry$$00000000) refers (Special) to __rtentry4.o(.ARM.Collect$$rtentry$$00000004) for __rt_entry_sh
    libinit2.o(.ARM.Collect$$libinit$$0000000F) refers (Weak) to rand.o(.text) for _rand_init
    libinit2.o(.ARM.Collect$$libinit$$00000012) refers to libinit2.o(.ARM.Collect$$libinit$$00000011) for .ARM.Collect$$libinit$$00000011
    libinit2.o(.ARM.Collect$$libinit$$00000014) refers to libinit2.o(.ARM.Collect$$libinit$$00000011) for .ARM.Collect$$libinit$$00000011
    libinit2.o(.ARM.Collect$$libinit$$00000016) refers to libinit2.o(.ARM.Collect$$libinit$$00000011) for .ARM.Collect$$libinit$$00000011
    libinit2.o(.ARM.Collect$$libinit$$00000018) refers to libinit2.o(.ARM.Collect$$libinit$$00000011) for .ARM.Collect$$libinit$$00000011
    libinit2.o(.ARM.Collect$$libinit$$0000001A) refers to libinit2.o(.ARM.Collect$$libinit$$00000011) for .ARM.Collect$$libinit$$00000011
    libinit2.o(.ARM.Collect$$libinit$$00000028) refers to argv_veneer.o(.emb_text) for __ARM_argv_veneer
    libinit2.o(.ARM.Collect$$libinit$$00000029) refers to argv_veneer.o(.emb_text) for __ARM_argv_veneer
    __rtentry2.o(.ARM.Collect$$rtentry$$00000008) refers to boardinit2.o(.text) for _platform_post_stackheap_init
    __rtentry2.o(.ARM.Collect$$rtentry$$0000000A) refers to libinit.o(.ARM.Collect$$libinit$$00000000) for __rt_lib_init
    __rtentry2.o(.ARM.Collect$$rtentry$$0000000B) refers to boardinit3.o(.text) for _platform_post_lib_init
    __rtentry2.o(.ARM.Collect$$rtentry$$0000000D) refers to sample.o(.text) for main
    __rtentry2.o(.ARM.Collect$$rtentry$$0000000D) refers to exit.o(.text) for exit
    __rtentry2.o(.ARM.exidx) refers to __rtentry2.o(.ARM.Collect$$rtentry$$00000001) for .ARM.Collect$$rtentry$$00000001
    __rtentry2.o(.ARM.exidx) refers to __rtentry2.o(.ARM.Collect$$rtentry$$00000008) for .ARM.Collect$$rtentry$$00000008
    __rtentry2.o(.ARM.exidx) refers to __rtentry2.o(.ARM.Collect$$rtentry$$0000000A) for .ARM.Collect$$rtentry$$0000000A
    __rtentry2.o(.ARM.exidx) refers to __rtentry2.o(.ARM.Collect$$rtentry$$0000000B) for .ARM.Collect$$rtentry$$0000000B
    __rtentry2.o(.ARM.exidx) refers to __rtentry2.o(.ARM.Collect$$rtentry$$0000000D) for .ARM.Collect$$rtentry$$0000000D
    __rtentry4.o(.ARM.Collect$$rtentry$$00000004) refers to sys_stackheap_outer.o(.text) for __user_setup_stackheap
    __rtentry4.o(.ARM.exidx) refers to __rtentry4.o(.ARM.Collect$$rtentry$$00000004) for .ARM.Collect$$rtentry$$00000004
    argv_veneer.o(.emb_text) refers to no_argv.o(.text) for __ARM_get_argv
    sys_stackheap_outer.o(.text) refers to libspace.o(.text) for __user_perproc_libspace
    sys_stackheap_outer.o(.text) refers to startup_lpc17xx.o(.text) for __user_initial_stackheap
    exit.o(.text) refers to rtexit.o(.ARM.Collect$$rtexit$$00000000) for __rt_exit
    _get_argv_nomalloc.o(.text) refers (Special) to hrguard.o(.text) for __heap_region$guard
    _get_argv_nomalloc.o(.text) refers to defsig_rtmem_outer.o(.text) for __rt_SIGRTMEM
    _get_argv_nomalloc.o(.text) refers to sys_command.o(.text) for _sys_command_string
    libinit.o(.ARM.Collect$$libinit$$00000000) refers (Special) to libinit2.o(.ARM.Collect$$libinit$$00000030) for __rt_lib_init_alloca_1
    libinit.o(.ARM.Collect$$libinit$$00000000) refers (Special) to libinit2.o(.ARM.Collect$$libinit$$0000002E) for __rt_lib_init_argv_1
    libinit.o(.ARM.Collect$$libinit$$00000000) refers (Special) to libinit2.o(.ARM.Collect$$libinit$$0000001D) for __rt_lib_init_atexit_1
    libinit.o(.ARM.Collect$$libinit$$00000000) refers (Special) to libinit2.o(.ARM.Collect$$libinit$$00000023) for __rt_lib_init_clock_1
    libinit.o(.ARM.Collect$$libinit$$00000000) refers (Special) to libinit2.o(.ARM.Collect$$libinit$$00000034) for __rt_lib_init_cpp_1
    libinit.o(.ARM.Collect$$libinit$$00000000) refers (Special) to libinit2.o(.ARM.Collect$$libinit$$00000032) for __rt_lib_init_exceptions_1
    libinit.o(.ARM.Collect$$libinit$$00000000) refers (Special) to libinit2.o(.ARM.Collect$$libinit$$00000002) for __rt_lib_init_fp_1
    libinit.o(.ARM.Collect$$libinit$$00000000) refers (Special) to libinit2.o(.ARM.Collect$$libinit$$00000021) for __rt_lib_init_fp_trap_1
    libinit.o(.ARM.Collect$$libinit$$00000000) refers (Special) to libinit2.o(.ARM.Collect$$libinit$$00000025) for __rt_lib_init_getenv_1
    libinit.o(.ARM.Collect$$libinit$$00000000) refers (Special) to libinit2.o(.ARM.Collect$$libinit$$0000000C) for __rt_lib_init_heap_1
    libinit.o(.ARM.Collect$$libinit$$00000000) refers (Special) to libinit2.o(.ARM.Collect$$libinit$$00000013) for __rt_lib_init_lc_collate_1
    libinit.o(.ARM.Collect$$libinit$$00000000) refers (Special) to libinit2.o(.ARM.Collect$$libinit$$00000015) for __rt_lib_init_lc_ctype_1
    libinit.o(.ARM.Collect$$libinit$$00000000) refers (Special) to libinit2.o(.ARM.Collect$$libinit$$00000017) for __rt_lib_init_lc_monetary_1
    libinit.o(.ARM.Collect$$libinit$$00000000) refers (Special) to libinit2.o(.ARM.Collect$$libinit$$00000019) for __rt_lib_init_lc_numeric_1
    libinit.o(.ARM.Collect$$libinit$$00000000) refers (Special) to libinit2.o(.ARM.Collect$$libinit$$0000001B) for __rt_lib_init_lc_time_1
    libinit.o(.ARM.Collect$$libinit$$00000000) refers (Special) to libinit2.o(.ARM.Collect$$libinit$$00000006) for __rt_lib_init_preinit_1
    libinit.o(.ARM.Collect$$libinit$$00000000) refers (Special) to libinit2.o(.ARM.Collect$$libinit$$00000010) for __rt_lib_init_rand_1
    libinit.o(.ARM.Collect$$libinit$$00000000) refers (Special) to libinit2.o(.ARM.Collect$$libinit$$00000004) for __rt_lib_init_relocate_pie_1
    libinit.o(.ARM.Collect$$libinit$$00000000) refers (Special) to libinit2.o(.ARM.Collect$$libinit$$00000035) for __rt_lib_init_return
    libinit.o(.ARM.Collect$$libinit$$00000000) refers (Special) to libinit2.o(.ARM.Collect$$libinit$$0000001F) for __rt_lib_init_signal_1
    libinit.o(.ARM.Collect$$libinit$$00000000) refers (Special) to libinit2.o(.ARM.Collect$$libinit$$00000027) for __rt_lib_init_stdio_1
    libinit.o(.ARM.Collect$$libinit$$00000000) refers (Special) to libinit2.o(.ARM.Collect$$libinit$$0000000E) for __rt_lib_init_user_alloc_1
    sys_command.o(.text) refers (Special) to use_no_semi.o(.text) for __I$use$semihosting
    sys_command.o(.text) refers (Special) to indicate_semi.o(.text) for __semihosting_library_function
    sys_command_hlt.o(.text) refers (Special) to use_no_semi.o(.text) for __I$use$semihosting
    sys_command_hlt.o(.text) refers (Special) to indicate_semi.o(.text) for __semihosting_library_function
    libspace.o(.text) refers to libspace.o(.bss) for __libspace_start
    rtexit.o(.ARM.Collect$$rtexit$$00000000) refers (Special) to rtexit2.o(.ARM.Collect$$rtexit$$00000004) for __rt_exit_exit
    rtexit.o(.ARM.Collect$$rtexit$$00000000) refers (Special) to rtexit2.o(.ARM.Collect$$rtexit$$00000003) for __rt_exit_ls
    rtexit.o(.ARM.Collect$$rtexit$$00000000) refers (Special) to rtexit2.o(.ARM.Collect$$rtexit$$00000002) for __rt_exit_prels_1
    rtexit.o(.ARM.exidx) refers (Special) to rtexit2.o(.ARM.Collect$$rtexit$$00000004) for __rt_exit_exit
    rtexit.o(.ARM.exidx) refers (Special) to rtexit2.o(.ARM.Collect$$rtexit$$00000003) for __rt_exit_ls
    rtexit.o(.ARM.exidx) refers (Special) to rtexit2.o(.ARM.Collect$$rtexit$$00000002) for __rt_exit_prels_1
    rtexit.o(.ARM.exidx) refers to rtexit.o(.ARM.Collect$$rtexit$$00000000) for .ARM.Collect$$rtexit$$00000000
    defsig_rtmem_outer.o(.text) refers to defsig_rtmem_inner.o(.text) for __rt_SIGRTMEM_inner
    defsig_rtmem_outer.o(.text) refers to defsig_exit.o(.text) for __sig_exit
    defsig_rtmem_formal.o(.text) refers to rt_raise.o(.text) for __rt_raise
    rtexit2.o(.ARM.Collect$$rtexit$$00000003) refers to libshutdown.o(.ARM.Collect$$libshutdown$$00000000) for __rt_lib_shutdown
    rtexit2.o(.ARM.Collect$$rtexit$$00000004) refers to sys_exit.o(.text) for _sys_exit
    rtexit2.o(.ARM.exidx) refers to rtexit2.o(.ARM.Collect$$rtexit$$00000001) for .ARM.Collect$$rtexit$$00000001
    rtexit2.o(.ARM.exidx) refers to rtexit2.o(.ARM.Collect$$rtexit$$00000003) for .ARM.Collect$$rtexit$$00000003
    rtexit2.o(.ARM.exidx) refers to rtexit2.o(.ARM.Collect$$rtexit$$00000004) for .ARM.Collect$$rtexit$$00000004
    rt_raise.o(.text) refers to __raise.o(.text) for __raise
    rt_raise.o(.text) refers to sys_exit.o(.text) for _sys_exit
    defsig_exit.o(.text) refers to sys_exit.o(.text) for _sys_exit
    defsig_rtmem_inner.o(.text) refers to defsig_general.o(.text) for __default_signal_display
    sys_exit.o(.text) refers (Special) to use_no_semi.o(.text) for __I$use$semihosting
    sys_exit.o(.text) refers (Special) to indicate_semi.o(.text) for __semihosting_library_function
    sys_exit_hlt.o(.text) refers (Special) to use_no_semi.o(.text) for __I$use$semihosting
    sys_exit_hlt.o(.text) refers (Special) to indicate_semi.o(.text) for __semihosting_library_function
    __raise.o(.text) refers to defsig.o(CL$$defsig) for __default_signal_handler
    defsig_general.o(.text) refers to sys_wrch.o(.text) for _ttywrch
    libshutdown.o(.ARM.Collect$$libshutdown$$00000000) refers (Special) to libshutdown2.o(.ARM.Collect$$libshutdown$$00000002) for __rt_lib_shutdown_cpp_1
    libshutdown.o(.ARM.Collect$$libshutdown$$00000000) refers (Special) to libshutdown2.o(.ARM.Collect$$libshutdown$$00000007) for __rt_lib_shutdown_fp_trap_1
    libshutdown.o(.ARM.Collect$$libshutdown$$00000000) refers (Special) to libshutdown2.o(.ARM.Collect$$libshutdown$$0000000F) for __rt_lib_shutdown_heap_1
    libshutdown.o(.ARM.Collect$$libshutdown$$00000000) refers (Special) to libshutdown2.o(.ARM.Collect$$libshutdown$$00000010) for __rt_lib_shutdown_return
    libshutdown.o(.ARM.Collect$$libshutdown$$00000000) refers (Special) to libshutdown2.o(.ARM.Collect$$libshutdown$$0000000A) for __rt_lib_shutdown_signal_1
    libshutdown.o(.ARM.Collect$$libshutdown$$00000000) refers (Special) to libshutdown2.o(.ARM.Collect$$libshutdown$$00000004) for __rt_lib_shutdown_stdio_1
    libshutdown.o(.ARM.Collect$$libshutdown$$00000000) refers (Special) to libshutdown2.o(.ARM.Collect$$libshutdown$$0000000C) for __rt_lib_shutdown_user_alloc_1
    sys_wrch.o(.text) refers (Special) to use_no_semi.o(.text) for __I$use$semihosting
    sys_wrch.o(.text) refers (Special) to indicate_semi.o(.text) for __semihosting_library_function
    sys_wrch_hlt.o(.text) refers (Special) to use_no_semi.o(.text) for __I$use$semihosting
    sys_wrch_hlt.o(.text) refers (Special) to indicate_semi.o(.text) for __semihosting_library_function
    defsig.o(CL$$defsig) refers to defsig_rtmem_inner.o(.text) for __rt_SIGRTMEM_inner
    defsig_abrt_inner.o(.text) refers to defsig_general.o(.text) for __default_signal_display
    defsig_fpe_inner.o(.text) refers to defsig_general.o(.text) for __default_signal_display
    defsig_rtred_inner.o(.text) refers to defsig_general.o(.text) for __default_signal_display
    defsig_stak_inner.o(.text) refers to defsig_general.o(.text) for __default_signal_display
    defsig_pvfn_inner.o(.text) refers to defsig_general.o(.text) for __default_signal_display
    defsig_cppl_inner.o(.text) refers to defsig_general.o(.text) for __default_signal_display
    defsig_segv_inner.o(.text) refers to defsig_general.o(.text) for __default_signal_display
    defsig_other.o(.text) refers to defsig_general.o(.text) for __default_signal_display


==============================================================================

Removing Unused input sections from the image.

    Removing sample.o(.ARM.exidx), (16 bytes).
    Removing sample.o(.ARM.use_no_argv), (4 bytes).
    Removing system_lpc17xx.o(.ARM.exidx), (8 bytes).
    Removing irq_timer.o(.ARM.exidx), (16 bytes).
    Removing lib_timer.o(.ARM.exidx), (40 bytes).
    Removing asciilib.o(.ARM.exidx), (8 bytes).
    Removing glcd.o(.ARM.exidx), (96 bytes).
    Removing hzlib.o(.text), (68 bytes).
    Removing hzlib.o(.ARM.exidx), (8 bytes).
    Removing hzlib.o(.rodata.HzLib), (216576 bytes).
    Removing game.o(.ARM.exidx), (160 bytes).
    Removing game.o(.rodata.blockSize), (4 bytes).
    Removing game.o(.rodata.cellSize), (4 bytes).
    Removing irq_button.o(.ARM.exidx), (24 bytes).
    Removing lib_button.o(.ARM.exidx), (24 bytes).

15 unused section(s) (total 217056 bytes) removed from the image.

==============================================================================

Image Symbol Table

    Local Symbols

    Symbol Name                              Value     Ov Type        Size  Object(Section)

    ../clib/angel/boardlib.s                 0x00000000   Number         0  boardinit1.o ABSOLUTE
    ../clib/angel/boardlib.s                 0x00000000   Number         0  boardinit2.o ABSOLUTE
    ../clib/angel/boardlib.s                 0x00000000   Number         0  boardinit3.o ABSOLUTE
    ../clib/angel/boardlib.s                 0x00000000   Number         0  boardshut.o ABSOLUTE
    ../clib/angel/handlers.s                 0x00000000   Number         0  __scatter_copy.o ABSOLUTE
    ../clib/angel/handlers.s                 0x00000000   Number         0  __scatter_zi.o ABSOLUTE
    ../clib/angel/kernel.s                   0x00000000   Number         0  __rtentry.o ABSOLUTE
    ../clib/angel/kernel.s                   0x00000000   Number         0  __rtentry2.o ABSOLUTE
    ../clib/angel/kernel.s                   0x00000000   Number         0  __rtentry4.o ABSOLUTE
    ../clib/angel/kernel.s                   0x00000000   Number         0  rtexit.o ABSOLUTE
    ../clib/angel/kernel.s                   0x00000000   Number         0  rtexit2.o ABSOLUTE
    ../clib/angel/rt.s                       0x00000000   Number         0  rt_raise.o ABSOLUTE
    ../clib/angel/scatter.s                  0x00000000   Number         0  __scatter.o ABSOLUTE
    ../clib/angel/startup.s                  0x00000000   Number         0  __main.o ABSOLUTE
    ../clib/angel/sys.s                      0x00000000   Number         0  sys_stackheap_outer.o ABSOLUTE
    ../clib/angel/sys.s                      0x00000000   Number         0  libspace.o ABSOLUTE
    ../clib/angel/sys.s                      0x00000000   Number         0  use_no_semi.o ABSOLUTE
    ../clib/angel/sys.s                      0x00000000   Number         0  indicate_semi.o ABSOLUTE
    ../clib/angel/sysapp.c                   0x00000000   Number         0  sys_command.o ABSOLUTE
    ../clib/angel/sysapp.c                   0x00000000   Number         0  sys_command_hlt.o ABSOLUTE
    ../clib/angel/sysapp.c                   0x00000000   Number         0  sys_exit.o ABSOLUTE
    ../clib/angel/sysapp.c                   0x00000000   Number         0  sys_exit_hlt.o ABSOLUTE
    ../clib/angel/sysapp.c                   0x00000000   Number         0  sys_wrch.o ABSOLUTE
    ../clib/angel/sysapp.c                   0x00000000   Number         0  sys_wrch_hlt.o ABSOLUTE
    ../clib/armsys.c                         0x00000000   Number         0  argv_veneer.o ABSOLUTE
    ../clib/armsys.c                         0x00000000   Number         0  argv_veneer.o ABSOLUTE
    ../clib/armsys.c                         0x00000000   Number         0  _get_argv_nomalloc.o ABSOLUTE
    ../clib/armsys.c                         0x00000000   Number         0  no_argv.o ABSOLUTE
    ../clib/heapalloc.c                      0x00000000   Number         0  hrguard.o ABSOLUTE
    ../clib/heapaux.c                        0x00000000   Number         0  heapauxi.o ABSOLUTE
    ../clib/libinit.s                        0x00000000   Number         0  libinit2.o ABSOLUTE
    ../clib/libinit.s                        0x00000000   Number         0  libinit.o ABSOLUTE
    ../clib/libinit.s                        0x00000000   Number         0  libshutdown.o ABSOLUTE
    ../clib/libinit.s                        0x00000000   Number         0  libshutdown2.o ABSOLUTE
    ../clib/memcpset.s                       0x00000000   Number         0  rt_memcpy_v6.o ABSOLUTE
    ../clib/memcpset.s                       0x00000000   Number         0  rt_memcpy_w.o ABSOLUTE
    ../clib/signal.c                         0x00000000   Number         0  defsig_rtmem_outer.o ABSOLUTE
    ../clib/signal.c                         0x00000000   Number         0  defsig_rtmem_formal.o ABSOLUTE
    ../clib/signal.c                         0x00000000   Number         0  defsig_exit.o ABSOLUTE
    ../clib/signal.c                         0x00000000   Number         0  defsig_rtmem_inner.o ABSOLUTE
    ../clib/signal.c                         0x00000000   Number         0  __raise.o ABSOLUTE
    ../clib/signal.c                         0x00000000   Number         0  defsig_general.o ABSOLUTE
    ../clib/signal.c                         0x00000000   Number         0  defsig_abrt_inner.o ABSOLUTE
    ../clib/signal.c                         0x00000000   Number         0  defsig_fpe_inner.o ABSOLUTE
    ../clib/signal.c                         0x00000000   Number         0  defsig_rtred_inner.o ABSOLUTE
    ../clib/signal.c                         0x00000000   Number         0  defsig_stak_inner.o ABSOLUTE
    ../clib/signal.c                         0x00000000   Number         0  defsig_pvfn_inner.o ABSOLUTE
    ../clib/signal.c                         0x00000000   Number         0  defsig_cppl_inner.o ABSOLUTE
    ../clib/signal.c                         0x00000000   Number         0  defsig_segv_inner.o ABSOLUTE
    ../clib/signal.c                         0x00000000   Number         0  defsig_other.o ABSOLUTE
    ../clib/signal.s                         0x00000000   Number         0  defsig.o ABSOLUTE
    ../clib/stdlib.c                         0x00000000   Number         0  rand.o ABSOLUTE
    ../clib/stdlib.c                         0x00000000   Number         0  rand.o ABSOLUTE
    ../clib/stdlib.c                         0x00000000   Number         0  exit.o ABSOLUTE
    ../fplib/fpinit.s                        0x00000000   Number         0  fpinit.o ABSOLUTE
    ../fplib/fpinit_empty.s                  0x00000000   Number         0  fpinit_empty.o ABSOLUTE
    AsciiLib.c                               0x00000000   Number         0  asciilib.o ABSOLUTE
    GLCD.c                                   0x00000000   Number         0  glcd.o ABSOLUTE
    HzLib.c                                  0x00000000   Number         0  hzlib.o ABSOLUTE
    IRQ_button.c                             0x00000000   Number         0  irq_button.o ABSOLUTE
    IRQ_timer.c                              0x00000000   Number         0  irq_timer.o ABSOLUTE
    Source\startup_LPC17xx.s                 0x00000000   Number         0  startup_lpc17xx.o ABSOLUTE
    dc.s                                     0x00000000   Number         0  dc.o ABSOLUTE
    game.c                                   0x00000000   Number         0  game.o ABSOLUTE
    lib_button.c                             0x00000000   Number         0  lib_button.o ABSOLUTE
    lib_timer.c                              0x00000000   Number         0  lib_timer.o ABSOLUTE
    sample.c                                 0x00000000   Number         0  sample.o ABSOLUTE
    system_LPC17xx.c                         0x00000000   Number         0  system_lpc17xx.o ABSOLUTE
    RESET                                    0x00000000   Section      204  startup_lpc17xx.o(RESET)
    !!!main                                  0x000000cc   Section        8  __main.o(!!!main)
    !!!scatter                               0x000000d4   Section       92  __scatter.o(!!!scatter)
    !!handler_copy                           0x00000130   Section       26  __scatter_copy.o(!!handler_copy)
    !!handler_null                           0x0000014c   Section        2  __scatter.o(!!handler_null)
    !!handler_zi                             0x00000150   Section       28  __scatter_zi.o(!!handler_zi)
    .ARM.Collect$$libinit$$00000000          0x0000016c   Section        2  libinit.o(.ARM.Collect$$libinit$$00000000)
    .ARM.Collect$$libinit$$00000002          0x0000016e   Section        0  libinit2.o(.ARM.Collect$$libinit$$00000002)
    .ARM.Collect$$libinit$$00000004          0x0000016e   Section        0  libinit2.o(.ARM.Collect$$libinit$$00000004)
    .ARM.Collect$$libinit$$00000006          0x0000016e   Section        0  libinit2.o(.ARM.Collect$$libinit$$00000006)
    .ARM.Collect$$libinit$$0000000C          0x0000016e   Section        0  libinit2.o(.ARM.Collect$$libinit$$0000000C)
    .ARM.Collect$$libinit$$0000000E          0x0000016e   Section        0  libinit2.o(.ARM.Collect$$libinit$$0000000E)
    .ARM.Collect$$libinit$$0000000F          0x0000016e   Section        4  libinit2.o(.ARM.Collect$$libinit$$0000000F)
    .ARM.Collect$$libinit$$00000010          0x00000172   Section        0  libinit2.o(.ARM.Collect$$libinit$$00000010)
    .ARM.Collect$$libinit$$00000013          0x00000172   Section        0  libinit2.o(.ARM.Collect$$libinit$$00000013)
    .ARM.Collect$$libinit$$00000015          0x00000172   Section        0  libinit2.o(.ARM.Collect$$libinit$$00000015)
    .ARM.Collect$$libinit$$00000017          0x00000172   Section        0  libinit2.o(.ARM.Collect$$libinit$$00000017)
    .ARM.Collect$$libinit$$00000019          0x00000172   Section        0  libinit2.o(.ARM.Collect$$libinit$$00000019)
    .ARM.Collect$$libinit$$0000001B          0x00000172   Section        0  libinit2.o(.ARM.Collect$$libinit$$0000001B)
    .ARM.Collect$$libinit$$0000001D          0x00000172   Section        0  libinit2.o(.ARM.Collect$$libinit$$0000001D)
    .ARM.Collect$$libinit$$0000001F          0x00000172   Section        0  libinit2.o(.ARM.Collect$$libinit$$0000001F)
    .ARM.Collect$$libinit$$00000021          0x00000172   Section        0  libinit2.o(.ARM.Collect$$libinit$$00000021)
    .ARM.Collect$$libinit$$00000023          0x00000172   Section        0  libinit2.o(.ARM.Collect$$libinit$$00000023)
    .ARM.Collect$$libinit$$00000025          0x00000172   Section        0  libinit2.o(.ARM.Collect$$libinit$$00000025)
    .ARM.Collect$$libinit$$00000027          0x00000172   Section        0  libinit2.o(.ARM.Collect$$libinit$$00000027)
    .ARM.Collect$$libinit$$0000002E          0x00000172   Section        0  libinit2.o(.ARM.Collect$$libinit$$0000002E)
    .ARM.Collect$$libinit$$00000030          0x00000172   Section        0  libinit2.o(.ARM.Collect$$libinit$$00000030)
    .ARM.Collect$$libinit$$00000032          0x00000172   Section        0  libinit2.o(.ARM.Collect$$libinit$$00000032)
    .ARM.Collect$$libinit$$00000034          0x00000172   Section        0  libinit2.o(.ARM.Collect$$libinit$$00000034)
    .ARM.Collect$$libinit$$00000035          0x00000172   Section        2  libinit2.o(.ARM.Collect$$libinit$$00000035)
    .ARM.Collect$$libshutdown$$00000000      0x00000174   Section        2  libshutdown.o(.ARM.Collect$$libshutdown$$00000000)
    .ARM.Collect$$libshutdown$$00000002      0x00000176   Section        0  libshutdown2.o(.ARM.Collect$$libshutdown$$00000002)
    .ARM.Collect$$libshutdown$$00000004      0x00000176   Section        0  libshutdown2.o(.ARM.Collect$$libshutdown$$00000004)
    .ARM.Collect$$libshutdown$$00000007      0x00000176   Section        0  libshutdown2.o(.ARM.Collect$$libshutdown$$00000007)
    .ARM.Collect$$libshutdown$$0000000A      0x00000176   Section        0  libshutdown2.o(.ARM.Collect$$libshutdown$$0000000A)
    .ARM.Collect$$libshutdown$$0000000C      0x00000176   Section        0  libshutdown2.o(.ARM.Collect$$libshutdown$$0000000C)
    .ARM.Collect$$libshutdown$$0000000F      0x00000176   Section        0  libshutdown2.o(.ARM.Collect$$libshutdown$$0000000F)
    .ARM.Collect$$libshutdown$$00000010      0x00000176   Section        2  libshutdown2.o(.ARM.Collect$$libshutdown$$00000010)
    .ARM.Collect$$rtentry$$00000000          0x00000178   Section        0  __rtentry.o(.ARM.Collect$$rtentry$$00000000)
    .ARM.Collect$$rtentry$$00000002          0x00000178   Section        0  __rtentry2.o(.ARM.Collect$$rtentry$$00000002)
    .ARM.Collect$$rtentry$$00000004          0x00000178   Section        6  __rtentry4.o(.ARM.Collect$$rtentry$$00000004)
    .ARM.Collect$$rtentry$$00000009          0x0000017e   Section        0  __rtentry2.o(.ARM.Collect$$rtentry$$00000009)
    .ARM.Collect$$rtentry$$0000000A          0x0000017e   Section        4  __rtentry2.o(.ARM.Collect$$rtentry$$0000000A)
    .ARM.Collect$$rtentry$$0000000C          0x00000182   Section        0  __rtentry2.o(.ARM.Collect$$rtentry$$0000000C)
    .ARM.Collect$$rtentry$$0000000D          0x00000182   Section        8  __rtentry2.o(.ARM.Collect$$rtentry$$0000000D)
    .ARM.Collect$$rtexit$$00000000           0x0000018a   Section        2  rtexit.o(.ARM.Collect$$rtexit$$00000000)
    .ARM.Collect$$rtexit$$00000002           0x0000018c   Section        0  rtexit2.o(.ARM.Collect$$rtexit$$00000002)
    .ARM.Collect$$rtexit$$00000003           0x0000018c   Section        4  rtexit2.o(.ARM.Collect$$rtexit$$00000003)
    .ARM.Collect$$rtexit$$00000004           0x00000190   Section        6  rtexit2.o(.ARM.Collect$$rtexit$$00000004)
    .emb_text                                0x00000198   Section       52  rand.o(.emb_text)
    .text                                    0x000001cc   Section       52  startup_lpc17xx.o(.text)
    [Anonymous Symbol]                       0x00000200   Section        0  sample.o(.text)
    [Anonymous Symbol]                       0x00000284   Section        0  irq_timer.o(.text)
    [Anonymous Symbol]                       0x000002a4   Section        0  asciilib.o(.text)
    .text                                    0x000002de   Section        0  heapauxi.o(.text)
    .text                                    0x000002e4   Section        0  exit.o(.text)
    .text                                    0x000002f6   Section        2  use_no_semi.o(.text)
    .text                                    0x000002f8   Section        0  indicate_semi.o(.text)
    .ARM.__at_0x02FC                         0x000002fc   Section        4  startup_lpc17xx.o(.ARM.__at_0x02FC)
    [Anonymous Symbol]                       0x00000300   Section        0  system_lpc17xx.o(.text)
    [Anonymous Symbol]                       0x00000608   Section        0  lib_timer.o(.text)
    __NVIC_EnableIRQ                         0x00000725   Thumb Code    48  lib_timer.o(.text)
    [Anonymous Symbol]                       0x00000754   Section        0  glcd.o(.text)
    LCD_Configuration                        0x00003661   Thumb Code    32  glcd.o(.text)
    delay_ms                                 0x00003681   Thumb Code    82  glcd.o(.text)
    LCD_SetCursor                            0x00003ec1   Thumb Code  1932  glcd.o(.text)
    LCD_BGR2RGB                              0x00004b79   Thumb Code    72  glcd.o(.text)
    wait_delay                               0x00005091   Thumb Code    22  glcd.o(.text)
    [Anonymous Symbol]                       0x000050a8   Section        0  game.o(.text)
    [Anonymous Symbol]                       0x00006a10   Section        0  irq_button.o(.text)
    [Anonymous Symbol]                       0x00006a54   Section        0  lib_button.o(.text)
    __NVIC_EnableIRQ                         0x00006ad9   Thumb Code    48  lib_button.o(.text)
    __NVIC_SetPriority                       0x00006b09   Thumb Code    66  lib_button.o(.text)
    .text                                    0x00006b4c   Section        0  rand.o(.text)
    .text                                    0x00006b88   Section       74  sys_stackheap_outer.o(.text)
    .text                                    0x00006bd4   Section        8  libspace.o(.text)
    .text                                    0x00006bdc   Section        0  sys_exit.o(.text)
    AsciiLib                                 0x00006be8   Data        1520  asciilib.o(.rodata.AsciiLib)
    [Anonymous Symbol]                       0x00006be8   Section        0  asciilib.o(.rodata.AsciiLib)
    .L.str.1                                 0x000071d8   Data           9  game.o(.rodata.str1.1)
    [Anonymous Symbol]                       0x000071d8   Section        0  game.o(.rodata.str1.1)
    .L.str.2                                 0x000071e1   Data           9  game.o(.rodata.str1.1)
    .L.str                                   0x000071ea   Data           8  game.o(.rodata.str1.1)
    .bss                                     0x10000000   Section       96  libspace.o(.bss)
    Heap_Mem                                 0x10000068   Data           0  startup_lpc17xx.o(HEAP)
    Stack_Mem                                0x10000068   Data        1024  startup_lpc17xx.o(STACK)
    HEAP                                     0x10000068   Section        0  startup_lpc17xx.o(HEAP)
    STACK                                    0x10000068   Section     1024  startup_lpc17xx.o(STACK)
    __initial_sp                             0x10000468   Data           0  startup_lpc17xx.o(STACK)
    .bss                                     0x2007c010   Section      228  rand.o(.bss)
    LCD_Code                                 0x2007c0f4   Data           1  glcd.o(.bss.LCD_Code)
    [Anonymous Symbol]                       0x2007c0f4   Section        0  glcd.o(.bss.LCD_Code)
    numTicsFromLastUpdate                    0x2007c130   Data           4  game.o(.bss.numTicsFromLastUpdate)
    [Anonymous Symbol]                       0x2007c130   Section        0  game.o(.bss.numTicsFromLastUpdate)
    seed                                     0x2007c140   Data           4  game.o(.bss.seed)
    [Anonymous Symbol]                       0x2007c140   Section        0  game.o(.bss.seed)

    Global Symbols

    Symbol Name                              Value     Ov Type        Size  Object(Section)

    BuildAttributes$$THM_ISAv4$P$D$K$B$S$PE$A:L22UL41UL21$X:L11$S22US41US21$IEEE1$IW$~IW$USESV6$~STKCKD$USESV7$~SHL$OSPACE$ROPI$EBA8$UX$STANDARDLIB$REQ8$PRES8$EABIv2 0x00000000   Number         0  anon$$obj.o ABSOLUTE
    __Vectors                                0x00000000   Data           4  startup_lpc17xx.o(RESET)
    __fp_init_empty                          0x00000000   Number         0  fpinit_empty.o ABSOLUTE
    __ARM_exceptions_init                     - Undefined Weak Reference
    __alloca_initialize                       - Undefined Weak Reference
    __arm_preinit_                            - Undefined Weak Reference
    __arm_relocate_pie_                       - Undefined Weak Reference
    __cpp_initialize__aeabi_                  - Undefined Weak Reference
    __cxa_finalize                            - Undefined Weak Reference
    __rt_locale                               - Undefined Weak Reference
    __sigvec_lookup                           - Undefined Weak Reference
    _atexit_init                              - Undefined Weak Reference
    _call_atexit_fns                          - Undefined Weak Reference
    _clock_init                               - Undefined Weak Reference
    _fp_trap_init                             - Undefined Weak Reference
    _fp_trap_shutdown                         - Undefined Weak Reference
    _get_lc_collate                           - Undefined Weak Reference
    _get_lc_ctype                             - Undefined Weak Reference
    _get_lc_monetary                          - Undefined Weak Reference
    _get_lc_numeric                           - Undefined Weak Reference
    _get_lc_time                              - Undefined Weak Reference
    _getenv_init                              - Undefined Weak Reference
    _handle_redirection                       - Undefined Weak Reference
    _init_alloc                               - Undefined Weak Reference
    _init_user_alloc                          - Undefined Weak Reference
    _initio                                   - Undefined Weak Reference
    _signal_finish                            - Undefined Weak Reference
    _signal_init                              - Undefined Weak Reference
    _terminate_alloc                          - Undefined Weak Reference
    _terminate_user_alloc                     - Undefined Weak Reference
    _terminateio                              - Undefined Weak Reference
    __main                                   0x000000cd   Thumb Code     8  __main.o(!!!main)
    __scatterload                            0x000000d5   Thumb Code     0  __scatter.o(!!!scatter)
    __scatterload_rt2                        0x000000d5   Thumb Code    84  __scatter.o(!!!scatter)
    __scatterload_rt2_thumb_only             0x000000d5   Thumb Code     0  __scatter.o(!!!scatter)
    __scatterload_loop                       0x000000df   Thumb Code     0  __scatter.o(!!!scatter)
    __scatterload_copy                       0x00000131   Thumb Code    26  __scatter_copy.o(!!handler_copy)
    __scatterload_null                       0x0000014d   Thumb Code     2  __scatter.o(!!handler_null)
    __scatterload_zeroinit                   0x00000151   Thumb Code    28  __scatter_zi.o(!!handler_zi)
    __rt_lib_init                            0x0000016d   Thumb Code     0  libinit.o(.ARM.Collect$$libinit$$00000000)
    __rt_lib_init_fp_1                       0x0000016f   Thumb Code     0  libinit2.o(.ARM.Collect$$libinit$$00000002)
    __rt_lib_init_heap_1                     0x0000016f   Thumb Code     0  libinit2.o(.ARM.Collect$$libinit$$0000000C)
    __rt_lib_init_preinit_1                  0x0000016f   Thumb Code     0  libinit2.o(.ARM.Collect$$libinit$$00000006)
    __rt_lib_init_rand_2                     0x0000016f   Thumb Code     0  libinit2.o(.ARM.Collect$$libinit$$0000000F)
    __rt_lib_init_relocate_pie_1             0x0000016f   Thumb Code     0  libinit2.o(.ARM.Collect$$libinit$$00000004)
    __rt_lib_init_user_alloc_1               0x0000016f   Thumb Code     0  libinit2.o(.ARM.Collect$$libinit$$0000000E)
    __rt_lib_init_alloca_1                   0x00000173   Thumb Code     0  libinit2.o(.ARM.Collect$$libinit$$00000030)
    __rt_lib_init_argv_1                     0x00000173   Thumb Code     0  libinit2.o(.ARM.Collect$$libinit$$0000002E)
    __rt_lib_init_atexit_1                   0x00000173   Thumb Code     0  libinit2.o(.ARM.Collect$$libinit$$0000001D)
    __rt_lib_init_clock_1                    0x00000173   Thumb Code     0  libinit2.o(.ARM.Collect$$libinit$$00000023)
    __rt_lib_init_cpp_1                      0x00000173   Thumb Code     0  libinit2.o(.ARM.Collect$$libinit$$00000034)
    __rt_lib_init_exceptions_1               0x00000173   Thumb Code     0  libinit2.o(.ARM.Collect$$libinit$$00000032)
    __rt_lib_init_fp_trap_1                  0x00000173   Thumb Code     0  libinit2.o(.ARM.Collect$$libinit$$00000021)
    __rt_lib_init_getenv_1                   0x00000173   Thumb Code     0  libinit2.o(.ARM.Collect$$libinit$$00000025)
    __rt_lib_init_lc_collate_1               0x00000173   Thumb Code     0  libinit2.o(.ARM.Collect$$libinit$$00000013)
    __rt_lib_init_lc_ctype_1                 0x00000173   Thumb Code     0  libinit2.o(.ARM.Collect$$libinit$$00000015)
    __rt_lib_init_lc_monetary_1              0x00000173   Thumb Code     0  libinit2.o(.ARM.Collect$$libinit$$00000017)
    __rt_lib_init_lc_numeric_1               0x00000173   Thumb Code     0  libinit2.o(.ARM.Collect$$libinit$$00000019)
    __rt_lib_init_lc_time_1                  0x00000173   Thumb Code     0  libinit2.o(.ARM.Collect$$libinit$$0000001B)
    __rt_lib_init_rand_1                     0x00000173   Thumb Code     0  libinit2.o(.ARM.Collect$$libinit$$00000010)
    __rt_lib_init_return                     0x00000173   Thumb Code     0  libinit2.o(.ARM.Collect$$libinit$$00000035)
    __rt_lib_init_signal_1                   0x00000173   Thumb Code     0  libinit2.o(.ARM.Collect$$libinit$$0000001F)
    __rt_lib_init_stdio_1                    0x00000173   Thumb Code     0  libinit2.o(.ARM.Collect$$libinit$$00000027)
    __rt_lib_shutdown                        0x00000175   Thumb Code     0  libshutdown.o(.ARM.Collect$$libshutdown$$00000000)
    __rt_lib_shutdown_cpp_1                  0x00000177   Thumb Code     0  libshutdown2.o(.ARM.Collect$$libshutdown$$00000002)
    __rt_lib_shutdown_fp_trap_1              0x00000177   Thumb Code     0  libshutdown2.o(.ARM.Collect$$libshutdown$$00000007)
    __rt_lib_shutdown_heap_1                 0x00000177   Thumb Code     0  libshutdown2.o(.ARM.Collect$$libshutdown$$0000000F)
    __rt_lib_shutdown_return                 0x00000177   Thumb Code     0  libshutdown2.o(.ARM.Collect$$libshutdown$$00000010)
    __rt_lib_shutdown_signal_1               0x00000177   Thumb Code     0  libshutdown2.o(.ARM.Collect$$libshutdown$$0000000A)
    __rt_lib_shutdown_stdio_1                0x00000177   Thumb Code     0  libshutdown2.o(.ARM.Collect$$libshutdown$$00000004)
    __rt_lib_shutdown_user_alloc_1           0x00000177   Thumb Code     0  libshutdown2.o(.ARM.Collect$$libshutdown$$0000000C)
    __rt_entry                               0x00000179   Thumb Code     0  __rtentry.o(.ARM.Collect$$rtentry$$00000000)
    __rt_entry_presh_1                       0x00000179   Thumb Code     0  __rtentry2.o(.ARM.Collect$$rtentry$$00000002)
    __rt_entry_sh                            0x00000179   Thumb Code     0  __rtentry4.o(.ARM.Collect$$rtentry$$00000004)
    __rt_entry_li                            0x0000017f   Thumb Code     0  __rtentry2.o(.ARM.Collect$$rtentry$$0000000A)
    __rt_entry_postsh_1                      0x0000017f   Thumb Code     0  __rtentry2.o(.ARM.Collect$$rtentry$$00000009)
    __rt_entry_main                          0x00000183   Thumb Code     0  __rtentry2.o(.ARM.Collect$$rtentry$$0000000D)
    __rt_entry_postli_1                      0x00000183   Thumb Code     0  __rtentry2.o(.ARM.Collect$$rtentry$$0000000C)
    __rt_exit                                0x0000018b   Thumb Code     0  rtexit.o(.ARM.Collect$$rtexit$$00000000)
    __rt_exit_ls                             0x0000018d   Thumb Code     0  rtexit2.o(.ARM.Collect$$rtexit$$00000003)
    __rt_exit_prels_1                        0x0000018d   Thumb Code     0  rtexit2.o(.ARM.Collect$$rtexit$$00000002)
    __rt_exit_exit                           0x00000191   Thumb Code     0  rtexit2.o(.ARM.Collect$$rtexit$$00000004)
    rand                                     0x00000199   Thumb Code    48  rand.o(.emb_text)
    Reset_Handler                            0x000001cd   Thumb Code     4  startup_lpc17xx.o(.text)
    NMI_Handler                              0x000001d1   Thumb Code     2  startup_lpc17xx.o(.text)
    HardFault_Handler                        0x000001d3   Thumb Code     2  startup_lpc17xx.o(.text)
    MemManage_Handler                        0x000001d5   Thumb Code     2  startup_lpc17xx.o(.text)
    BusFault_Handler                         0x000001d7   Thumb Code     2  startup_lpc17xx.o(.text)
    UsageFault_Handler                       0x000001d9   Thumb Code     2  startup_lpc17xx.o(.text)
    SVC_Handler                              0x000001db   Thumb Code     2  startup_lpc17xx.o(.text)
    DebugMon_Handler                         0x000001dd   Thumb Code     2  startup_lpc17xx.o(.text)
    PendSV_Handler                           0x000001df   Thumb Code     2  startup_lpc17xx.o(.text)
    SysTick_Handler                          0x000001e1   Thumb Code     2  startup_lpc17xx.o(.text)
    ADC_IRQHandler                           0x000001e3   Thumb Code     0  startup_lpc17xx.o(.text)
    BOD_IRQHandler                           0x000001e3   Thumb Code     0  startup_lpc17xx.o(.text)
    CANActivity_IRQHandler                   0x000001e3   Thumb Code     0  startup_lpc17xx.o(.text)
    CAN_IRQHandler                           0x000001e3   Thumb Code     0  startup_lpc17xx.o(.text)
    DMA_IRQHandler                           0x000001e3   Thumb Code     0  startup_lpc17xx.o(.text)
    EINT3_IRQHandler                         0x000001e3   Thumb Code     0  startup_lpc17xx.o(.text)
    ENET_IRQHandler                          0x000001e3   Thumb Code     0  startup_lpc17xx.o(.text)
    I2C0_IRQHandler                          0x000001e3   Thumb Code     0  startup_lpc17xx.o(.text)
    I2C1_IRQHandler                          0x000001e3   Thumb Code     0  startup_lpc17xx.o(.text)
    I2C2_IRQHandler                          0x000001e3   Thumb Code     0  startup_lpc17xx.o(.text)
    I2S_IRQHandler                           0x000001e3   Thumb Code     0  startup_lpc17xx.o(.text)
    MCPWM_IRQHandler                         0x000001e3   Thumb Code     0  startup_lpc17xx.o(.text)
    PLL0_IRQHandler                          0x000001e3   Thumb Code     0  startup_lpc17xx.o(.text)
    PLL1_IRQHandler                          0x000001e3   Thumb Code     0  startup_lpc17xx.o(.text)
    PWM1_IRQHandler                          0x000001e3   Thumb Code     0  startup_lpc17xx.o(.text)
    QEI_IRQHandler                           0x000001e3   Thumb Code     0  startup_lpc17xx.o(.text)
    RIT_IRQHandler                           0x000001e3   Thumb Code     0  startup_lpc17xx.o(.text)
    RTC_IRQHandler                           0x000001e3   Thumb Code     0  startup_lpc17xx.o(.text)
    SPI_IRQHandler                           0x000001e3   Thumb Code     0  startup_lpc17xx.o(.text)
    SSP0_IRQHandler                          0x000001e3   Thumb Code     0  startup_lpc17xx.o(.text)
    SSP1_IRQHandler                          0x000001e3   Thumb Code     0  startup_lpc17xx.o(.text)
    TIMER2_IRQHandler                        0x000001e3   Thumb Code     0  startup_lpc17xx.o(.text)
    TIMER3_IRQHandler                        0x000001e3   Thumb Code     0  startup_lpc17xx.o(.text)
    UART0_IRQHandler                         0x000001e3   Thumb Code     0  startup_lpc17xx.o(.text)
    UART1_IRQHandler                         0x000001e3   Thumb Code     0  startup_lpc17xx.o(.text)
    UART2_IRQHandler                         0x000001e3   Thumb Code     0  startup_lpc17xx.o(.text)
    UART3_IRQHandler                         0x000001e3   Thumb Code     0  startup_lpc17xx.o(.text)
    USBActivity_IRQHandler                   0x000001e3   Thumb Code     0  startup_lpc17xx.o(.text)
    USB_IRQHandler                           0x000001e3   Thumb Code     0  startup_lpc17xx.o(.text)
    WDT_IRQHandler                           0x000001e3   Thumb Code     0  startup_lpc17xx.o(.text)
    __user_initial_stackheap                 0x000001e5   Thumb Code     0  startup_lpc17xx.o(.text)
    joystick_init                            0x00000201   Thumb Code    34  sample.o(.text)
    main                                     0x00000225   Thumb Code    94  sample.o(.text)
    TIMER0_IRQHandler                        0x00000285   Thumb Code    16  irq_timer.o(.text)
    TIMER1_IRQHandler                        0x00000295   Thumb Code    14  irq_timer.o(.text)
    GetASCIICode                             0x000002a5   Thumb Code    58  asciilib.o(.text)
    __use_two_region_memory                  0x000002df   Thumb Code     2  heapauxi.o(.text)
    __rt_heap_escrow$2region                 0x000002e1   Thumb Code     2  heapauxi.o(.text)
    __rt_heap_expand$2region                 0x000002e3   Thumb Code     2  heapauxi.o(.text)
    exit                                     0x000002e5   Thumb Code    18  exit.o(.text)
    __I$use$semihosting                      0x000002f7   Thumb Code     0  use_no_semi.o(.text)
    __use_no_semihosting_swi                 0x000002f7   Thumb Code     2  use_no_semi.o(.text)
    __semihosting_library_function           0x000002f9   Thumb Code     0  indicate_semi.o(.text)
    SystemInit                               0x00000301   Thumb Code   776  system_lpc17xx.o(.text)
    enable_timer                             0x00000609   Thumb Code    46  lib_timer.o(.text)
    disable_timer                            0x00000639   Thumb Code    46  lib_timer.o(.text)
    reset_timer                              0x00000669   Thumb Code    70  lib_timer.o(.text)
    init_timer                               0x000006b1   Thumb Code   116  lib_timer.o(.text)
    LCD_Initialization                       0x00000755   Thumb Code 12042  glcd.o(.text)
    LCD_Clear                                0x000036d5   Thumb Code  2028  glcd.o(.text)
    LCD_GetPoint                             0x0000464d   Thumb Code  1324  glcd.o(.text)
    LCD_SetPoint                             0x00004bc1   Thumb Code   320  glcd.o(.text)
    LCD_DrawLine                             0x00004d01   Thumb Code   546  glcd.o(.text)
    PutChar                                  0x00004f25   Thumb Code   210  glcd.o(.text)
    GUI_Text                                 0x00004ff9   Thumb Code   152  glcd.o(.text)
    update                                   0x000050a9   Thumb Code  1118  game.o(.text)
    displayTetromino                         0x00005509   Thumb Code   114  game.o(.text)
    moveSideCurrentTetromino                 0x0000557d   Thumb Code   406  game.o(.text)
    drawBlock                                0x00005715   Thumb Code   124  game.o(.text)
    drawRect                                 0x00005791   Thumb Code   120  game.o(.text)
    drawScore                                0x00005809   Thumb Code   200  game.o(.text)
    sprintd                                  0x000058d1   Thumb Code   228  game.o(.text)
    redrawBoard                              0x000059b5   Thumb Code   144  game.o(.text)
    initGame                                 0x00005a45   Thumb Code   406  game.o(.text)
    displayGame                              0x00005bdd   Thumb Code   130  game.o(.text)
    resetGame                                0x00005c61   Thumb Code   292  game.o(.text)
    generateTetromino                        0x00005d85   Thumb Code   330  game.o(.text)
    moveDownCurrentTetromino                 0x00005ed1   Thumb Code   264  game.o(.text)
    rotateCurrentTetromino                   0x00005fd9   Thumb Code  1990  game.o(.text)
    cloneBoard                               0x000067a1   Thumb Code    94  game.o(.text)
    deleteRows                               0x00006801   Thumb Code   234  game.o(.text)
    togglePause                              0x000068ed   Thumb Code    62  game.o(.text)
    adjustPause                              0x0000692d   Thumb Code    64  game.o(.text)
    setHardDrop                              0x0000696d   Thumb Code    14  game.o(.text)
    getJoystickAction                        0x0000697d   Thumb Code   148  game.o(.text)
    EINT0_IRQHandler                         0x00006a11   Thumb Code    18  irq_button.o(.text)
    EINT1_IRQHandler                         0x00006a25   Thumb Code    24  irq_button.o(.text)
    EINT2_IRQHandler                         0x00006a3d   Thumb Code    24  irq_button.o(.text)
    BUTTON_init                              0x00006a55   Thumb Code   132  lib_button.o(.text)
    srand                                    0x00006b4d   Thumb Code    42  rand.o(.text)
    _rand_init                               0x00006b77   Thumb Code     4  rand.o(.text)
    __user_setup_stackheap                   0x00006b89   Thumb Code    74  sys_stackheap_outer.o(.text)
    __user_libspace                          0x00006bd5   Thumb Code     8  libspace.o(.text)
    __user_perproc_libspace                  0x00006bd5   Thumb Code     0  libspace.o(.text)
    __user_perthread_libspace                0x00006bd5   Thumb Code     0  libspace.o(.text)
    _sys_exit                                0x00006bdd   Thumb Code     8  sys_exit.o(.text)
    Region$$Table$$Base                      0x000071f4   Number         0  anon$$obj.o(Region$$Table)
    Region$$Table$$Limit                     0x00007224   Number         0  anon$$obj.o(Region$$Table)
    __libspace_start                         0x10000000   Data          96  libspace.o(.bss)
    ScaleFlag                                0x10000060   Data           1  system_lpc17xx.o(.bss.ScaleFlag)
    __temporary_stack_top$libspace           0x10000060   Data           0  libspace.o(.bss)
    SystemFrequency                          0x2007c000   Data           4  system_lpc17xx.o(.data.SystemFrequency)
    col                                      0x2007c004   Data           4  game.o(.data.col)
    marginSize                               0x2007c008   Data           4  game.o(.data.marginSize)
    row                                      0x2007c00c   Data           4  game.o(.data.row)
    _random_number_data                      0x2007c010   Data         228  rand.o(.bss)
    currentTetromino                         0x2007c0f8   Data          36  game.o(.bss.currentTetromino)
    flags                                    0x2007c11c   Data          20  game.o(.bss.flags)
    scores                                   0x2007c134   Data          12  game.o(.bss.scores)
    tetrisBoard                              0x2007c144   Data         400  game.o(.bss.tetrisBoard)
    tetrisBoardClone                         0x2007c2d4   Data         400  game.o(.bss.tetrisBoardClone)



==============================================================================

Memory Map of the image

  Image Entry point : 0x000000cd

  Load Region LR_IROM1 (Base: 0x00000000, Size: 0x00007234, Max: 0x00080000, ABSOLUTE)

    Execution Region ER_IROM1 (Exec base: 0x00000000, Load base: 0x00000000, Size: 0x00007224, Max: 0x00080000, ABSOLUTE)

    Exec Addr    Load Addr    Size         Type   Attr      Idx    E Section Name        Object

    0x00000000   0x00000000   0x000000cc   Data   RO            3    RESET               startup_lpc17xx.o
    0x000000cc   0x000000cc   0x00000008   Code   RO          114  * !!!main             c_w.l(__main.o)
    0x000000d4   0x000000d4   0x0000005c   Code   RO          281    !!!scatter          c_w.l(__scatter.o)
    0x00000130   0x00000130   0x0000001a   Code   RO          285    !!handler_copy      c_w.l(__scatter_copy.o)
    0x0000014a   0x0000014a   0x00000002   PAD
    0x0000014c   0x0000014c   0x00000002   Code   RO          282    !!handler_null      c_w.l(__scatter.o)
    0x0000014e   0x0000014e   0x00000002   PAD
    0x00000150   0x00000150   0x0000001c   Code   RO          287    !!handler_zi        c_w.l(__scatter_zi.o)
    0x0000016c   0x0000016c   0x00000002   Code   RO          198    .ARM.Collect$$libinit$$00000000  c_w.l(libinit.o)
    0x0000016e   0x0000016e   0x00000000   Code   RO          120    .ARM.Collect$$libinit$$00000002  c_w.l(libinit2.o)
    0x0000016e   0x0000016e   0x00000000   Code   RO          122    .ARM.Collect$$libinit$$00000004  c_w.l(libinit2.o)
    0x0000016e   0x0000016e   0x00000000   Code   RO          124    .ARM.Collect$$libinit$$00000006  c_w.l(libinit2.o)
    0x0000016e   0x0000016e   0x00000000   Code   RO          127    .ARM.Collect$$libinit$$0000000C  c_w.l(libinit2.o)
    0x0000016e   0x0000016e   0x00000000   Code   RO          129    .ARM.Collect$$libinit$$0000000E  c_w.l(libinit2.o)
    0x0000016e   0x0000016e   0x00000004   Code   RO          130    .ARM.Collect$$libinit$$0000000F  c_w.l(libinit2.o)
    0x00000172   0x00000172   0x00000000   Code   RO          131    .ARM.Collect$$libinit$$00000010  c_w.l(libinit2.o)
    0x00000172   0x00000172   0x00000000   Code   RO          134    .ARM.Collect$$libinit$$00000013  c_w.l(libinit2.o)
    0x00000172   0x00000172   0x00000000   Code   RO          136    .ARM.Collect$$libinit$$00000015  c_w.l(libinit2.o)
    0x00000172   0x00000172   0x00000000   Code   RO          138    .ARM.Collect$$libinit$$00000017  c_w.l(libinit2.o)
    0x00000172   0x00000172   0x00000000   Code   RO          140    .ARM.Collect$$libinit$$00000019  c_w.l(libinit2.o)
    0x00000172   0x00000172   0x00000000   Code   RO          142    .ARM.Collect$$libinit$$0000001B  c_w.l(libinit2.o)
    0x00000172   0x00000172   0x00000000   Code   RO          144    .ARM.Collect$$libinit$$0000001D  c_w.l(libinit2.o)
    0x00000172   0x00000172   0x00000000   Code   RO          146    .ARM.Collect$$libinit$$0000001F  c_w.l(libinit2.o)
    0x00000172   0x00000172   0x00000000   Code   RO          148    .ARM.Collect$$libinit$$00000021  c_w.l(libinit2.o)
    0x00000172   0x00000172   0x00000000   Code   RO          150    .ARM.Collect$$libinit$$00000023  c_w.l(libinit2.o)
    0x00000172   0x00000172   0x00000000   Code   RO          152    .ARM.Collect$$libinit$$00000025  c_w.l(libinit2.o)
    0x00000172   0x00000172   0x00000000   Code   RO          154    .ARM.Collect$$libinit$$00000027  c_w.l(libinit2.o)
    0x00000172   0x00000172   0x00000000   Code   RO          158    .ARM.Collect$$libinit$$0000002E  c_w.l(libinit2.o)
    0x00000172   0x00000172   0x00000000   Code   RO          160    .ARM.Collect$$libinit$$00000030  c_w.l(libinit2.o)
    0x00000172   0x00000172   0x00000000   Code   RO          162    .ARM.Collect$$libinit$$00000032  c_w.l(libinit2.o)
    0x00000172   0x00000172   0x00000000   Code   RO          164    .ARM.Collect$$libinit$$00000034  c_w.l(libinit2.o)
    0x00000172   0x00000172   0x00000002   Code   RO          165    .ARM.Collect$$libinit$$00000035  c_w.l(libinit2.o)
    0x00000174   0x00000174   0x00000002   Code   RO          240    .ARM.Collect$$libshutdown$$00000000  c_w.l(libshutdown.o)
    0x00000176   0x00000176   0x00000000   Code   RO          248    .ARM.Collect$$libshutdown$$00000002  c_w.l(libshutdown2.o)
    0x00000176   0x00000176   0x00000000   Code   RO          250    .ARM.Collect$$libshutdown$$00000004  c_w.l(libshutdown2.o)
    0x00000176   0x00000176   0x00000000   Code   RO          253    .ARM.Collect$$libshutdown$$00000007  c_w.l(libshutdown2.o)
    0x00000176   0x00000176   0x00000000   Code   RO          256    .ARM.Collect$$libshutdown$$0000000A  c_w.l(libshutdown2.o)
    0x00000176   0x00000176   0x00000000   Code   RO          258    .ARM.Collect$$libshutdown$$0000000C  c_w.l(libshutdown2.o)
    0x00000176   0x00000176   0x00000000   Code   RO          261    .ARM.Collect$$libshutdown$$0000000F  c_w.l(libshutdown2.o)
    0x00000176   0x00000176   0x00000002   Code   RO          262    .ARM.Collect$$libshutdown$$00000010  c_w.l(libshutdown2.o)
    0x00000178   0x00000178   0x00000000   Code   RO          116    .ARM.Collect$$rtentry$$00000000  c_w.l(__rtentry.o)
    0x00000178   0x00000178   0x00000000   Code   RO          167    .ARM.Collect$$rtentry$$00000002  c_w.l(__rtentry2.o)
    0x00000178   0x00000178   0x00000006   Code   RO          179    .ARM.Collect$$rtentry$$00000004  c_w.l(__rtentry4.o)
    0x0000017e   0x0000017e   0x00000000   Code   RO          169    .ARM.Collect$$rtentry$$00000009  c_w.l(__rtentry2.o)
    0x0000017e   0x0000017e   0x00000004   Code   RO          170    .ARM.Collect$$rtentry$$0000000A  c_w.l(__rtentry2.o)
    0x00000182   0x00000182   0x00000000   Code   RO          172    .ARM.Collect$$rtentry$$0000000C  c_w.l(__rtentry2.o)
    0x00000182   0x00000182   0x00000008   Code   RO          173    .ARM.Collect$$rtentry$$0000000D  c_w.l(__rtentry2.o)
    0x0000018a   0x0000018a   0x00000002   Code   RO          206    .ARM.Collect$$rtexit$$00000000  c_w.l(rtexit.o)
    0x0000018c   0x0000018c   0x00000000   Code   RO          218    .ARM.Collect$$rtexit$$00000002  c_w.l(rtexit2.o)
    0x0000018c   0x0000018c   0x00000004   Code   RO          219    .ARM.Collect$$rtexit$$00000003  c_w.l(rtexit2.o)
    0x00000190   0x00000190   0x00000006   Code   RO          220    .ARM.Collect$$rtexit$$00000004  c_w.l(rtexit2.o)
    0x00000196   0x00000196   0x00000002   PAD
    0x00000198   0x00000198   0x00000034   Code   RO          105    .emb_text           c_w.l(rand.o)
    0x000001cc   0x000001cc   0x00000034   Code   RO            5    .text               startup_lpc17xx.o
    0x00000200   0x00000200   0x00000082   Code   RO           13    .text               sample.o
    0x00000282   0x00000282   0x00000002   PAD
    0x00000284   0x00000284   0x0000001e   Code   RO           30    .text               irq_timer.o
    0x000002a2   0x000002a2   0x00000002   PAD
    0x000002a4   0x000002a4   0x0000003a   Code   RO           44    .text               asciilib.o
    0x000002de   0x000002de   0x00000006   Code   RO          112    .text               c_w.l(heapauxi.o)
    0x000002e4   0x000002e4   0x00000012   Code   RO          187    .text               c_w.l(exit.o)
    0x000002f6   0x000002f6   0x00000002   Code   RO          214    .text               c_w.l(use_no_semi.o)
    0x000002f8   0x000002f8   0x00000000   Code   RO          216    .text               c_w.l(indicate_semi.o)
    0x000002f8   0x000002f8   0x00000004   PAD
    0x000002fc   0x000002fc   0x00000004   Code   RO            4    .ARM.__at_0x02FC    startup_lpc17xx.o
    0x00000300   0x00000300   0x00000308   Code   RO           21    .text               system_lpc17xx.o
    0x00000608   0x00000608   0x0000014c   Code   RO           37    .text               lib_timer.o
    0x00000754   0x00000754   0x00004952   Code   RO           52    .text               glcd.o
    0x000050a6   0x000050a6   0x00000002   PAD
    0x000050a8   0x000050a8   0x00001968   Code   RO           68    .text               game.o
    0x00006a10   0x00006a10   0x00000044   Code   RO           89    .text               irq_button.o
    0x00006a54   0x00006a54   0x000000f6   Code   RO           96    .text               lib_button.o
    0x00006b4a   0x00006b4a   0x00000002   PAD
    0x00006b4c   0x00006b4c   0x0000003c   Code   RO          106    .text               c_w.l(rand.o)
    0x00006b88   0x00006b88   0x0000004a   Code   RO          185    .text               c_w.l(sys_stackheap_outer.o)
    0x00006bd2   0x00006bd2   0x00000002   PAD
    0x00006bd4   0x00006bd4   0x00000008   Code   RO          203    .text               c_w.l(libspace.o)
    0x00006bdc   0x00006bdc   0x0000000c   Code   RO          230    .text               c_w.l(sys_exit.o)
    0x00006be8   0x00006be8   0x000005f0   Data   RO           46    .rodata.AsciiLib    asciilib.o
    0x000071d8   0x000071d8   0x0000001a   Data   RO           81    .rodata.str1.1      game.o
    0x000071f2   0x000071f2   0x00000002   PAD
    0x000071f4   0x000071f4   0x00000030   Data   RO          280    Region$$Table       anon$$obj.o


    Execution Region RW_IRAM1 (Exec base: 0x10000000, Load base: 0x00007224, Size: 0x00000468, Max: 0x00008000, ABSOLUTE)

    Exec Addr    Load Addr    Size         Type   Attr      Idx    E Section Name        Object

    0x10000000        -       0x00000060   Zero   RW          204    .bss                c_w.l(libspace.o)
    0x10000060        -       0x00000001   Zero   RW           24    .bss.ScaleFlag      system_lpc17xx.o
    0x10000061   0x00007224   0x00000007   PAD
    0x10000068        -       0x00000000   Zero   RW            2    HEAP                startup_lpc17xx.o
    0x10000068        -       0x00000400   Zero   RW            1    STACK               startup_lpc17xx.o


    Execution Region RW_IRAM2 (Exec base: 0x2007c000, Load base: 0x00007224, Size: 0x00000464, Max: 0x00008000, ABSOLUTE)

    Exec Addr    Load Addr    Size         Type   Attr      Idx    E Section Name        Object

    0x2007c000   0x00007224   0x00000004   Data   RW           23    .data.SystemFrequency  system_lpc17xx.o
    0x2007c004   0x00007228   0x00000004   Data   RW           75    .data.col           game.o
    0x2007c008   0x0000722c   0x00000004   Data   RW           73    .data.marginSize    game.o
    0x2007c00c   0x00007230   0x00000004   Data   RW           74    .data.row           game.o
    0x2007c010        -       0x000000e4   Zero   RW          107    .bss                c_w.l(rand.o)
    0x2007c0f4        -       0x00000001   Zero   RW           54    .bss.LCD_Code       glcd.o
    0x2007c0f5   0x00007234   0x00000003   PAD
    0x2007c0f8        -       0x00000024   Zero   RW           80    .bss.currentTetromino  game.o
    0x2007c11c        -       0x00000014   Zero   RW           71    .bss.flags          game.o
    0x2007c130        -       0x00000004   Zero   RW           79    .bss.numTicsFromLastUpdate  game.o
    0x2007c134        -       0x0000000c   Zero   RW           72    .bss.scores         game.o
    0x2007c140        -       0x00000004   Zero   RW           78    .bss.seed           game.o
    0x2007c144        -       0x00000190   Zero   RW           70    .bss.tetrisBoard    game.o
    0x2007c2d4        -       0x00000190   Zero   RW           82    .bss.tetrisBoardClone  game.o


==============================================================================

Image component sizes


      Code (inc. data)   RO Data    RW Data    ZI Data      Debug   Object Name

        58          0       1520          0          0        595   asciilib.o
      6504         52         26         12        876      10938   game.o
     18770          0          0          0          1      25012   glcd.o
        68          0          0          0          0       1758   irq_button.o
        30          0          0          0          0       1154   irq_timer.o
       246          0          0          0          0       5460   lib_button.o
       332          0          0          0          0       3116   lib_timer.o
       130          0          0          0          0       3969   sample.o
        56         22        204          0       1024        968   startup_lpc17xx.o
       776          8          0          4          1       2224   system_lpc17xx.o

    ----------------------------------------------------------------------
     26978         82       1800         16       1912      55194   Object Totals
         0          0         48          0          0          0   (incl. Generated)
         8          0          2          0         10          0   (incl. Padding)

    ----------------------------------------------------------------------

      Code (inc. data)   RO Data    RW Data    ZI Data      Debug   Library Member Name

         8          0          0          0          0         68   __main.o
         0          0          0          0          0          0   __rtentry.o
        12          0          0          0          0          0   __rtentry2.o
         6          0          0          0          0          0   __rtentry4.o
        94          8          0          0          0          0   __scatter.o
        26          0          0          0          0          0   __scatter_copy.o
        28          0          0          0          0          0   __scatter_zi.o
        18          0          0          0          0         80   exit.o
         6          0          0          0          0        152   heapauxi.o
         0          0          0          0          0          0   indicate_semi.o
         2          0          0          0          0          0   libinit.o
         6          0          0          0          0          0   libinit2.o
         2          0          0          0          0          0   libshutdown.o
         2          0          0          0          0          0   libshutdown2.o
         8          4          0          0         96         68   libspace.o
       112         18          0          0        228        160   rand.o
         2          0          0          0          0          0   rtexit.o
        10          0          0          0          0          0   rtexit2.o
        12          4          0          0          0         68   sys_exit.o
        74          0          0          0          0         80   sys_stackheap_outer.o
         2          0          0          0          0         68   use_no_semi.o

    ----------------------------------------------------------------------
       442         34          0          0        324        744   Library Totals
        12          0          0          0          0          0   (incl. Padding)

    ----------------------------------------------------------------------

      Code (inc. data)   RO Data    RW Data    ZI Data      Debug   Library Name

       430         34          0          0        324        744   c_w.l

    ----------------------------------------------------------------------
       442         34          0          0        324        744   Library Totals

    ----------------------------------------------------------------------

==============================================================================


      Code (inc. data)   RO Data    RW Data    ZI Data      Debug   

     27420        116       1800         16       2236      55634   Grand Totals
     27420        116       1800         16       2236      55634   ELF Image Totals
     27420        116       1800         16          0          0   ROM Totals

==============================================================================

    Total RO  Size (Code + RO Data)                29220 (  28.54kB)
    Total RW  Size (RW Data + ZI Data)              2252 (   2.20kB)
    Total ROM Size (Code + RO Data + RW Data)      29236 (  28.55kB)

==============================================================================

